Archive member included to satisfy reference by file (symbol)

C:/ST/STM32CubeCLT_1.18.0/GNU-tools-for-STM32/bin/../lib/gcc/arm-none-eabi/13.3.1/../../../../arm-none-eabi/lib/thumb/v7e-m+fp/hard\libc_nano.a(libc_a-exit.o)
                              C:/ST/STM32CubeCLT_1.18.0/GNU-tools-for-STM32/bin/../lib/gcc/arm-none-eabi/13.3.1/../../../../arm-none-eabi/lib/thumb/v7e-m+fp/hard/crt0.o (exit)
C:/ST/STM32CubeCLT_1.18.0/GNU-tools-for-STM32/bin/../lib/gcc/arm-none-eabi/13.3.1/../../../../arm-none-eabi/lib/thumb/v7e-m+fp/hard\libc_nano.a(libc_a-findfp.o)
                              C:/ST/STM32CubeCLT_1.18.0/GNU-tools-for-STM32/bin/../lib/gcc/arm-none-eabi/13.3.1/../../../../arm-none-eabi/lib/thumb/v7e-m+fp/hard\libc_nano.a(libc_a-exit.o) (__stdio_exit_handler)
C:/ST/STM32CubeCLT_1.18.0/GNU-tools-for-STM32/bin/../lib/gcc/arm-none-eabi/13.3.1/../../../../arm-none-eabi/lib/thumb/v7e-m+fp/hard\libc_nano.a(libc_a-fwalk.o)
                              C:/ST/STM32CubeCLT_1.18.0/GNU-tools-for-STM32/bin/../lib/gcc/arm-none-eabi/13.3.1/../../../../arm-none-eabi/lib/thumb/v7e-m+fp/hard\libc_nano.a(libc_a-findfp.o) (_fwalk_sglue)
C:/ST/STM32CubeCLT_1.18.0/GNU-tools-for-STM32/bin/../lib/gcc/arm-none-eabi/13.3.1/../../../../arm-none-eabi/lib/thumb/v7e-m+fp/hard\libc_nano.a(libc_a-stdio.o)
                              C:/ST/STM32CubeCLT_1.18.0/GNU-tools-for-STM32/bin/../lib/gcc/arm-none-eabi/13.3.1/../../../../arm-none-eabi/lib/thumb/v7e-m+fp/hard\libc_nano.a(libc_a-findfp.o) (__sread)
C:/ST/STM32CubeCLT_1.18.0/GNU-tools-for-STM32/bin/../lib/gcc/arm-none-eabi/13.3.1/../../../../arm-none-eabi/lib/thumb/v7e-m+fp/hard\libc_nano.a(libc_a-memset.o)
                              C:/ST/STM32CubeCLT_1.18.0/GNU-tools-for-STM32/bin/../lib/gcc/arm-none-eabi/13.3.1/../../../../arm-none-eabi/lib/thumb/v7e-m+fp/hard/crt0.o (memset)
C:/ST/STM32CubeCLT_1.18.0/GNU-tools-for-STM32/bin/../lib/gcc/arm-none-eabi/13.3.1/../../../../arm-none-eabi/lib/thumb/v7e-m+fp/hard\libc_nano.a(libc_a-closer.o)
                              C:/ST/STM32CubeCLT_1.18.0/GNU-tools-for-STM32/bin/../lib/gcc/arm-none-eabi/13.3.1/../../../../arm-none-eabi/lib/thumb/v7e-m+fp/hard\libc_nano.a(libc_a-stdio.o) (_close_r)
C:/ST/STM32CubeCLT_1.18.0/GNU-tools-for-STM32/bin/../lib/gcc/arm-none-eabi/13.3.1/../../../../arm-none-eabi/lib/thumb/v7e-m+fp/hard\libc_nano.a(libc_a-reent.o)
                              C:/ST/STM32CubeCLT_1.18.0/GNU-tools-for-STM32/bin/../lib/gcc/arm-none-eabi/13.3.1/../../../../arm-none-eabi/lib/thumb/v7e-m+fp/hard\libc_nano.a(libc_a-closer.o) (errno)
C:/ST/STM32CubeCLT_1.18.0/GNU-tools-for-STM32/bin/../lib/gcc/arm-none-eabi/13.3.1/../../../../arm-none-eabi/lib/thumb/v7e-m+fp/hard\libc_nano.a(libc_a-impure.o)
                              C:/ST/STM32CubeCLT_1.18.0/GNU-tools-for-STM32/bin/../lib/gcc/arm-none-eabi/13.3.1/../../../../arm-none-eabi/lib/thumb/v7e-m+fp/hard\libc_nano.a(libc_a-reent.o) (_impure_ptr)
C:/ST/STM32CubeCLT_1.18.0/GNU-tools-for-STM32/bin/../lib/gcc/arm-none-eabi/13.3.1/../../../../arm-none-eabi/lib/thumb/v7e-m+fp/hard\libc_nano.a(libc_a-lseekr.o)
                              C:/ST/STM32CubeCLT_1.18.0/GNU-tools-for-STM32/bin/../lib/gcc/arm-none-eabi/13.3.1/../../../../arm-none-eabi/lib/thumb/v7e-m+fp/hard\libc_nano.a(libc_a-stdio.o) (_lseek_r)
C:/ST/STM32CubeCLT_1.18.0/GNU-tools-for-STM32/bin/../lib/gcc/arm-none-eabi/13.3.1/../../../../arm-none-eabi/lib/thumb/v7e-m+fp/hard\libc_nano.a(libc_a-readr.o)
                              C:/ST/STM32CubeCLT_1.18.0/GNU-tools-for-STM32/bin/../lib/gcc/arm-none-eabi/13.3.1/../../../../arm-none-eabi/lib/thumb/v7e-m+fp/hard\libc_nano.a(libc_a-stdio.o) (_read_r)
C:/ST/STM32CubeCLT_1.18.0/GNU-tools-for-STM32/bin/../lib/gcc/arm-none-eabi/13.3.1/../../../../arm-none-eabi/lib/thumb/v7e-m+fp/hard\libc_nano.a(libc_a-writer.o)
                              C:/ST/STM32CubeCLT_1.18.0/GNU-tools-for-STM32/bin/../lib/gcc/arm-none-eabi/13.3.1/../../../../arm-none-eabi/lib/thumb/v7e-m+fp/hard\libc_nano.a(libc_a-stdio.o) (_write_r)
C:/ST/STM32CubeCLT_1.18.0/GNU-tools-for-STM32/bin/../lib/gcc/arm-none-eabi/13.3.1/../../../../arm-none-eabi/lib/thumb/v7e-m+fp/hard\libc_nano.a(libc_a-init.o)
                              C:/ST/STM32CubeCLT_1.18.0/GNU-tools-for-STM32/bin/../lib/gcc/arm-none-eabi/13.3.1/../../../../arm-none-eabi/lib/thumb/v7e-m+fp/hard/crt0.o (__libc_init_array)
C:/ST/STM32CubeCLT_1.18.0/GNU-tools-for-STM32/bin/../lib/gcc/arm-none-eabi/13.3.1/../../../../arm-none-eabi/lib/thumb/v7e-m+fp/hard\libc_nano.a(libc_a-lock.o)
                              C:/ST/STM32CubeCLT_1.18.0/GNU-tools-for-STM32/bin/../lib/gcc/arm-none-eabi/13.3.1/../../../../arm-none-eabi/lib/thumb/v7e-m+fp/hard\libc_nano.a(libc_a-findfp.o) (__retarget_lock_init_recursive)
C:/ST/STM32CubeCLT_1.18.0/GNU-tools-for-STM32/bin/../lib/gcc/arm-none-eabi/13.3.1/../../../../arm-none-eabi/lib/thumb/v7e-m+fp/hard\libc_nano.a(libc_a-freer.o)
[...]
Memory Configuration

Name             Origin             Length             Attributes
RAM              0x20000000         0x00050000         xrw
FLASH            0x08000000         0x00100000         xr
*default*        0x00000000         0xffffffff

Linker script and memory map

LOAD C:/ST/STM32CubeCLT_1.18.0/GNU-tools-for-STM32/bin/../lib/gcc/arm-none-eabi/13.3.1/thumb/v7e-m+fp/hard/crti.o
LOAD C:/ST/STM32CubeCLT_1.18.0/GNU-tools-for-STM32/bin/../lib/gcc/arm-none-eabi/13.3.1/thumb/v7e-m+fp/hard/crtbegin.o
LOAD C:/ST/STM32CubeCLT_1.18.0/GNU-tools-for-STM32/bin/../lib/gcc/arm-none-eabi/13.3.1/../../../../arm-none-eabi/lib/thumb/v7e-m+fp/hard/crt0.o
START GROUP
LOAD C:/ST/STM32CubeCLT_1.18.0/GNU-tools-for-STM32/bin/../lib/gcc/arm-none-eabi/13.3.1/../../../../arm-none-eabi/lib/thumb/v7e-m+fp/hard\libc_nano.a
LOAD C:/ST/STM32CubeCLT_1.18.0/GNU-tools-for-STM32/bin/../lib/gcc/arm-none-eabi/13.3.1/../../../../arm-none-eabi/lib/thumb/v7e-m+fp/hard\libm.a
END GROUP
LOAD cmake/stm32cubemx/CMakeFiles/STM32_Drivers.dir/__/__/Core/Src/system_stm32f7xx.c.obj
LOAD cmake/stm32cubemx/CMakeFiles/STM32_Drivers.dir/__/__/Drivers/STM32F7xx_HAL_Driver/Src/stm32f7xx_hal_cortex.c.obj
LOAD cmake/stm32cubemx/CMakeFiles/STM32_Drivers.dir/__/__/Drivers/STM32F7xx_HAL_Driver/Src/stm32f7xx_hal_dcmi.c.obj
LOAD cmake/stm32cubemx/CMakeFiles/STM32_Drivers.dir/__/__/Drivers/STM32F7xx_HAL_Driver/Src/stm32f7xx_hal_dcmi_ex.c.obj
LOAD cmake/stm32cubemx/CMakeFiles/STM32_Drivers.dir/__/__/Drivers/STM32F7xx_HAL_Driver/Src/stm32f7xx_hal_rcc.c.obj
LOAD cmake/stm32cubemx/CMakeFiles/STM32_Drivers.dir/__/__/Drivers/STM32F7xx_HAL_Driver/Src/stm32f7xx_hal_rcc_ex.c.obj
LOAD cmake/stm32cubemx/CMakeFiles/STM32_Drivers.dir/__/__/Drivers/STM32F7xx_HAL_Driver/Src/stm32f7xx_hal_flash.c.obj
LOAD cmake/stm32cubemx/CMakeFiles/STM32_Drivers.dir/__/__/Drivers/STM32F7xx_HAL_Driver/Src/stm32f7xx_hal_flash_ex.c.obj
LOAD cmake/stm32cubemx/CMakeFiles/STM32_Drivers.dir/__/__/Drivers/STM32F7xx_HAL_Driver/Src/stm32f7xx_hal_gpio.c.obj
LOAD cmake/stm32cubemx/CMakeFiles/STM32_Drivers.dir/__/__/Drivers/STM32F7xx_HAL_Driver/Src/stm32f7xx_hal_dma.c.obj
LOAD cmake/stm32cubemx/CMakeFiles/STM32_Drivers.dir/__/__/Drivers/STM32F7xx_HAL_Driver/Src/stm32f7xx_hal_dma_ex.c.obj
LOAD cmake/stm32cubemx/CMakeFiles/STM32_Drivers.dir/__/__/Drivers/STM32F7xx_HAL_Driver/Src/stm32f7xx_hal_pwr.c.obj
LOAD cmake/stm32cubemx/CMakeFiles/STM32_Drivers.dir/__/__/Drivers/STM32F7xx_HAL_Driver/Src/stm32f7xx_hal_pwr_ex.c.obj
LOAD cmake/stm32cubemx/CMakeFiles/STM32_Drivers.dir/__/__/Drivers/STM32F7xx_HAL_Driver/Src/stm32f7xx_hal.c.obj
LOAD cmake/stm32cubemx/CMakeFiles/STM32_Drivers.dir/__/__/Drivers/STM32F7xx_HAL_Driver/Src/stm32f7xx_hal_i2c.c.obj
LOAD cmake/stm32cubemx/CMakeFiles/STM32_Drivers.dir/__/__/Drivers/STM32F7xx_HAL_Driver/Src/stm32f7xx_hal_i2c_ex.c.obj
LOAD cmake/stm32cubemx/CMakeFiles/STM32_Drivers.dir/__/__/Drivers/STM32F7xx_HAL_Driver/Src/stm32f7xx_hal_exti.c.obj
LOAD cmake/stm32cubemx/CMakeFiles/STM32_Drivers.dir/__/__/Drivers/STM32F7xx_HAL_Driver/Src/stm32f7xx_hal_dma2d.c.obj
LOAD cmake/stm32cubemx/CMakeFiles/STM32_Drivers.dir/__/__/Drivers/STM32F7xx_HAL_Driver/Src/stm32f7xx_ll_fmc.c.obj
LOAD cmake/stm32cubemx/CMakeFiles/STM32_Drivers.dir/__/__/Drivers/STM32F7xx_HAL_Driver/Src/stm32f7xx_hal_nor.c.obj
LOAD cmake/stm32cubemx/CMakeFiles/STM32_Drivers.dir/__/__/Drivers/STM32F7xx_HAL_Driver/Src/stm32f7xx_hal_sram.c.obj
LOAD cmake/stm32cubemx/CMakeFiles/STM32_Drivers.dir/__/__/Drivers/STM32F7xx_HAL_Driver/Src/stm32f7xx_hal_nand.c.obj
LOAD cmake/stm32cubemx/CMakeFiles/STM32_Drivers.dir/__/__/Drivers/STM32F7xx_HAL_Driver/Src/stm32f7xx_hal_sdram.c.obj
LOAD cmake/stm32cubemx/CMakeFiles/STM32_Drivers.dir/__/__/Drivers/STM32F7xx_HAL_Driver/Src/stm32f7xx_hal_ltdc.c.obj
LOAD cmake/stm32cubemx/CMakeFiles/STM32_Drivers.dir/__/__/Drivers/STM32F7xx_HAL_Driver/Src/stm32f7xx_hal_ltdc_ex.c.obj
LOAD cmake/stm32cubemx/CMakeFiles/STM32_Drivers.dir/__/__/Drivers/STM32F7xx_HAL_Driver/Src/stm32f7xx_hal_dsi.c.obj
LOAD cmake/stm32cubemx/CMakeFiles/STM32_Drivers.dir/__/__/Drivers/STM32F7xx_HAL_Driver/Src/stm32f7xx_hal_uart.c.obj
LOAD cmake/stm32cubemx/CMakeFiles/STM32_Drivers.dir/__/__/Drivers/STM32F7xx_HAL_Driver/Src/stm32f7xx_hal_uart_ex.c.obj
LOAD CMakeFiles/dip-vs.dir/Core/Src/main.c.obj
LOAD CMakeFiles/dip-vs.dir/Core/Src/stm32f7xx_it.c.obj
LOAD CMakeFiles/dip-vs.dir/Core/Src/stm32f7xx_hal_msp.c.obj
LOAD CMakeFiles/dip-vs.dir/Core/Src/sysmem.c.obj
LOAD CMakeFiles/dip-vs.dir/Core/Src/syscalls.c.obj
LOAD CMakeFiles/dip-vs.dir/startup_stm32f746xx.s.obj
LOAD embedDIP/libembedDIP.a
START GROUP
LOAD C:/ST/STM32CubeCLT_1.18.0/GNU-tools-for-STM32/bin/../lib/gcc/arm-none-eabi/13.3.1/thumb/v7e-m+fp/hard\libgcc.a
LOAD C:/ST/STM32CubeCLT_1.18.0/GNU-tools-for-STM32/bin/../lib/gcc/arm-none-eabi/13.3.1/../../../../arm-none-eabi/lib/thumb/v7e-m+fp/hard\libg_nano.a
LOAD C:/ST/STM32CubeCLT_1.18.0/GNU-tools-for-STM32/bin/../lib/gcc/arm-none-eabi/13.3.1/../../../../arm-none-eabi/lib/thumb/v7e-m+fp/hard\libc_nano.a
END GROUP
START GROUP
LOAD C:/ST/STM32CubeCLT_1.18.0/GNU-tools-for-STM32/bin/../lib/gcc/arm-none-eabi/13.3.1/thumb/v7e-m+fp/hard\libgcc.a
LOAD C:/ST/STM32CubeCLT_1.18.0/GNU-tools-for-STM32/bin/../lib/gcc/arm-none-eabi/13.3.1/../../../../arm-none-eabi/lib/thumb/v7e-m+fp/hard\libc_nano.a
END GROUP
LOAD C:/ST/STM32CubeCLT_1.18.0/GNU-tools-for-STM32/bin/../lib/gcc/arm-none-eabi/13.3.1/thumb/v7e-m+fp/hard/crtend.o
LOAD C:/ST/STM32CubeCLT_1.18.0/GNU-tools-for-STM32/bin/../lib/gcc/arm-none-eabi/13.3.1/thumb/v7e-m+fp/hard/crtn.o
                0x20050000                        _estack = (ORIGIN (RAM) + LENGTH (RAM))
                0x00000200                        _Min_Heap_Size = 0x200
                0x00000400                        _Min_Stack_Size = 0x400

.isr_vector     0x08000000      0x1c8
                0x08000000                        . = ALIGN (0x4)
 *(.isr_vector)
 .isr_vector    0x08000000      0x1c8 CMakeFiles/dip-vs.dir/startup_stm32f746xx.s.obj
                0x08000000                g_pfnVectors
                0x080001c8                        . = ALIGN (0x4)

.text           0x080001c8     0xafa0
                0x080001c8                        . = ALIGN (0x4)
 *(.text)
 .text          0x080001c8       0x40 C:/ST/STM32CubeCLT_1.18.0/GNU-tools-for-STM32/bin/../lib/gcc/arm-none-eabi/13.3.1/thumb/v7e-m+fp/hard/crtbegin.o
 .text          0x08000208      0x254 C:/ST/STM32CubeCLT_1.18.0/GNU-tools-for-STM32/bin/../lib/gcc/arm-none-eabi/13.3.1/thumb/v7e-m+fp/hard\libgcc.a(_arm_muldf3.o)
                0x08000208                __muldf3
                0x08000208                __aeabi_dmul
 .text          0x0800045c      0x378 C:/ST/STM32CubeCLT_1.18.0/GNU-tools-for-STM32/bin/../lib/gcc/arm-none-eabi/13.3.1/thumb/v7e-m+fp/hard\libgcc.a(_arm_addsubdf3.o)
                0x0800045c                __aeabi_drsub
                0x08000464                __aeabi_dsub
                0x08000464                __subdf3
                0x08000468                __aeabi_dadd
                0x08000468                __adddf3
                0x080006e0                __floatunsidf
                0x080006e0                __aeabi_ui2d
                0x08000700                __floatsidf
                0x08000700                __aeabi_i2d
                0x08000724                __aeabi_f2d
                0x08000724                __extendsfdf2
                0x08000768                __floatundidf
                0x08000768                __aeabi_ul2d
                0x08000778                __floatdidf
                0x08000778                __aeabi_l2d
 .text          0x080007d4       0x50 C:/ST/STM32CubeCLT_1.18.0/GNU-tools-for-STM32/bin/../lib/gcc/arm-none-eabi/13.3.1/thumb/v7e-m+fp/hard\libgcc.a(_arm_fixdfsi.o)
                0x080007d4                __aeabi_d2iz
                0x080007d4                __fixdfsi
 .text          0x08000824       0x40 C:/ST/STM32CubeCLT_1.18.0/GNU-tools-for-STM32/bin/../lib/gcc/arm-none-eabi/13.3.1/thumb/v7e-m+fp/hard\libgcc.a(_arm_fixunsdfsi.o)
                0x08000824                __aeabi_d2uiz
                0x08000824                __fixunsdfsi
 .text          0x08000864       0x30 C:/ST/STM32CubeCLT_1.18.0/GNU-tools-for-STM32/bin/../lib/gcc/arm-none-eabi/13.3.1/thumb/v7e-m+fp/hard\libgcc.a(_aeabi_uldivmod.o)
                0x08000864                __aeabi_uldivmod
 .text          0x08000894      0x2f8 C:/ST/STM32CubeCLT_1.18.0/GNU-tools-for-STM32/bin/../lib/gcc/arm-none-eabi/13.3.1/thumb/v7e-m+fp/hard\libgcc.a(_udivmoddi4.o)
                0x08000894                __udivmoddi4
 .text          0x08000b8c        0x4 C:/ST/STM32CubeCLT_1.18.0/GNU-tools-for-STM32/bin/../lib/gcc/arm-none-eabi/13.3.1/thumb/v7e-m+fp/hard\libgcc.a(_dvmd_tls.o)
                0x08000b8c                __aeabi_idiv0
                0x08000b8c                __aeabi_ldiv0
 *(.text*)
 .text.memset   0x08000b90       0x10 C:/ST/STM32CubeCLT_1.18.0/GNU-tools-for-STM32/bin/../lib/gcc/arm-none-eabi/13.3.1/../../../../arm-none-eabi/lib/thumb/v7e-m+fp/hard\libc_nano.a(libc_a-memset.o)
                0x08000b90                memset
 .text.__libc_init_array
                0x08000ba0       0x48 C:/ST/STM32CubeCLT_1.18.0/GNU-tools-for-STM32/bin/../lib/gcc/arm-none-eabi/13.3.1/../../../../arm-none-eabi/lib/thumb/v7e-m+fp/hard\libc_nano.a(libc_a-init.o)
                0x08000ba0                __libc_init_array
 .text.SystemInit
                0x08000be8       0x24 cmake/stm32cubemx/CMakeFiles/STM32_Drivers.dir/__/__/Core/Src/system_stm32f7xx.c.obj
                0x08000be8                SystemInit
 .text.__NVIC_SetPriorityGrouping
                0x08000c0c       0x48 cmake/stm32cubemx/CMakeFiles/STM32_Drivers.dir/__/__/Drivers/STM32F7xx_HAL_Driver/Src/stm32f7xx_hal_cortex.c.obj
 .text.__NVIC_GetPriorityGrouping
                0x08000c54       0x1c cmake/stm32cubemx/CMakeFiles/STM32_Drivers.dir/__/__/Drivers/STM32F7xx_HAL_Driver/Src/stm32f7xx_hal_cortex.c.obj
 .text.__NVIC_EnableIRQ
                0x08000c70       0x3c cmake/stm32cubemx/CMakeFiles/STM32_Drivers.dir/__/__/Drivers/STM32F7xx_HAL_Driver/Src/stm32f7xx_hal_cortex.c.obj
 .text.__NVIC_SetPriority
                0x08000cac       0x54 cmake/stm32cubemx/CMakeFiles/STM32_Drivers.dir/__/__/Drivers/STM32F7xx_HAL_Driver/Src/stm32f7xx_hal_cortex.c.obj
 .text.NVIC_EncodePriority
                0x08000d00       0x66 cmake/stm32cubemx/CMakeFiles/STM32_Drivers.dir/__/__/Drivers/STM32F7xx_HAL_Driver/Src/stm32f7xx_hal_cortex.c.obj
 *fill*         0x08000d66        0x2 
 .text.SysTick_Config
                0x08000d68       0x44 cmake/stm32cubemx/CMakeFiles/STM32_Drivers.dir/__/__/Drivers/STM32F7xx_HAL_Driver/Src/stm32f7xx_hal_cortex.c.obj
 .text.HAL_NVIC_SetPriorityGrouping
                0x08000dac       0x16 cmake/stm32cubemx/CMakeFiles/STM32_Drivers.dir/__/__/Drivers/STM32F7xx_HAL_Driver/Src/stm32f7xx_hal_cortex.c.obj
                0x08000dac                HAL_NVIC_SetPriorityGrouping
 .text.HAL_NVIC_SetPriority
                0x08000dc2       0x38 cmake/stm32cubemx/CMakeFiles/STM32_Drivers.dir/__/__/Drivers/STM32F7xx_HAL_Driver/Src/stm32f7xx_hal_cortex.c.obj
                0x08000dc2                HAL_NVIC_SetPriority
 .text.HAL_NVIC_EnableIRQ
                0x08000dfa       0x1c cmake/stm32cubemx/CMakeFiles/STM32_Drivers.dir/__/__/Drivers/STM32F7xx_HAL_Driver/Src/stm32f7xx_hal_cortex.c.obj
                0x08000dfa                HAL_NVIC_EnableIRQ
 .text.HAL_SYSTICK_Config
                0x08000e16       0x18 cmake/stm32cubemx/CMakeFiles/STM32_Drivers.dir/__/__/Drivers/STM32F7xx_HAL_Driver/Src/stm32f7xx_hal_cortex.c.obj
                0x08000e16                HAL_SYSTICK_Config
 *fill*         0x08000e2e        0x2 
 .text.HAL_DCMI_Init
                0x08000e30       0xf4 cmake/stm32cubemx/CMakeFiles/STM32_Drivers.dir/__/__/Drivers/STM32F7xx_HAL_Driver/Src/stm32f7xx_hal_dcmi.c.obj
                0x08000e30                HAL_DCMI_Init
 .text.HAL_DCMI_Start_DMA
                0x08000f24      0x188 cmake/stm32cubemx/CMakeFiles/STM32_Drivers.dir/__/__/Drivers/STM32F7xx_HAL_Driver/Src/stm32f7xx_hal_dcmi.c.obj
                0x08000f24                HAL_DCMI_Start_DMA
 .text.HAL_DCMI_Stop
                0x080010ac       0xc0 cmake/stm32cubemx/CMakeFiles/STM32_Drivers.dir/__/__/Drivers/STM32F7xx_HAL_Driver/Src/stm32f7xx_hal_dcmi.c.obj
                0x080010ac                HAL_DCMI_Stop
 .text.HAL_DCMI_IRQHandler
                0x0800116c      0x124 cmake/stm32cubemx/CMakeFiles/STM32_Drivers.dir/__/__/Drivers/STM32F7xx_HAL_Driver/Src/stm32f7xx_hal_dcmi.c.obj
                0x0800116c                HAL_DCMI_IRQHandler
 .text.HAL_DCMI_ErrorCallback
                0x08001290       0x14 cmake/stm32cubemx/CMakeFiles/STM32_Drivers.dir/__/__/Drivers/STM32F7xx_HAL_Driver/Src/stm32f7xx_hal_dcmi.c.obj
                0x08001290                HAL_DCMI_ErrorCallback
 .text.HAL_DCMI_LineEventCallback
                0x080012a4       0x14 cmake/stm32cubemx/CMakeFiles/STM32_Drivers.dir/__/__/Drivers/STM32F7xx_HAL_Driver/Src/stm32f7xx_hal_dcmi.c.obj
                0x080012a4                HAL_DCMI_LineEventCallback
 .text.HAL_DCMI_VsyncEventCallback
                0x080012b8       0x14 cmake/stm32cubemx/CMakeFiles/STM32_Drivers.dir/__/__/Drivers/STM32F7xx_HAL_Driver/Src/stm32f7xx_hal_dcmi.c.obj
                0x080012b8                HAL_DCMI_VsyncEventCallback
 .text.HAL_DCMI_FrameEventCallback
                0x080012cc       0x14 cmake/stm32cubemx/CMakeFiles/STM32_Drivers.dir/__/__/Drivers/STM32F7xx_HAL_Driver/Src/stm32f7xx_hal_dcmi.c.obj
                0x080012cc                HAL_DCMI_FrameEventCallback
 .text.HAL_DCMI_DisableCrop
                0x080012e0       0x54 cmake/stm32cubemx/CMakeFiles/STM32_Drivers.dir/__/__/Drivers/STM32F7xx_HAL_Driver/Src/stm32f7xx_hal_dcmi.c.obj
                0x080012e0                HAL_DCMI_DisableCrop
 .text.DCMI_DMAXferCplt
                0x08001334      0x126 cmake/stm32cubemx/CMakeFiles/STM32_Drivers.dir/__/__/Drivers/STM32F7xx_HAL_Driver/Src/stm32f7xx_hal_dcmi.c.obj
 .text.DCMI_DMAError
                0x0800145a       0x3a cmake/stm32cubemx/CMakeFiles/STM32_Drivers.dir/__/__/Drivers/STM32F7xx_HAL_Driver/Src/stm32f7xx_hal_dcmi.c.obj
 .text.HAL_RCC_OscConfig
                0x08001494      0x548 cmake/stm32cubemx/CMakeFiles/STM32_Drivers.dir/__/__/Drivers/STM32F7xx_HAL_Driver/Src/stm32f7xx_hal_rcc.c.obj
                0x08001494                HAL_RCC_OscConfig
 .text.HAL_RCC_ClockConfig
                0x080019dc      0x1d8 cmake/stm32cubemx/CMakeFiles/STM32_Drivers.dir/__/__/Drivers/STM32F7xx_HAL_Driver/Src/stm32f7xx_hal_rcc.c.obj
                0x080019dc                HAL_RCC_ClockConfig
 .text.HAL_RCC_GetSysClockFreq
                0x08001bb4      0x18c cmake/stm32cubemx/CMakeFiles/STM32_Drivers.dir/__/__/Drivers/STM32F7xx_HAL_Driver/Src/stm32f7xx_hal_rcc.c.obj
                0x08001bb4                HAL_RCC_GetSysClockFreq
 .text.HAL_RCC_GetHCLKFreq
                0x08001d40       0x18 cmake/stm32cubemx/CMakeFiles/STM32_Drivers.dir/__/__/Drivers/STM32F7xx_HAL_Driver/Src/stm32f7xx_hal_rcc.c.obj
                0x08001d40                HAL_RCC_GetHCLKFreq
 .text.HAL_RCC_GetPCLK1Freq
                0x08001d58       0x28 cmake/stm32cubemx/CMakeFiles/STM32_Drivers.dir/__/__/Drivers/STM32F7xx_HAL_Driver/Src/stm32f7xx_hal_rcc.c.obj
                0x08001d58                HAL_RCC_GetPCLK1Freq
 .text.HAL_RCC_GetPCLK2Freq
                0x08001d80       0x28 cmake/stm32cubemx/CMakeFiles/STM32_Drivers.dir/__/__/Drivers/STM32F7xx_HAL_Driver/Src/stm32f7xx_hal_rcc.c.obj
                0x08001d80                HAL_RCC_GetPCLK2Freq
 .text.HAL_RCCEx_PeriphCLKConfig
                0x08001da8      0x7e0 cmake/stm32cubemx/CMakeFiles/STM32_Drivers.dir/__/__/Drivers/STM32F7xx_HAL_Driver/Src/stm32f7xx_hal_rcc_ex.c.obj
                0x08001da8                HAL_RCCEx_PeriphCLKConfig
 .text.HAL_GPIO_Init
                0x08002588      0x358 cmake/stm32cubemx/CMakeFiles/STM32_Drivers.dir/__/__/Drivers/STM32F7xx_HAL_Driver/Src/stm32f7xx_hal_gpio.c.obj
                0x08002588                HAL_GPIO_Init
 .text.HAL_GPIO_DeInit
                0x080028e0      0x218 cmake/stm32cubemx/CMakeFiles/STM32_Drivers.dir/__/__/Drivers/STM32F7xx_HAL_Driver/Src/stm32f7xx_hal_gpio.c.obj
                0x080028e0                HAL_GPIO_DeInit
 .text.HAL_GPIO_WritePin
                0x08002af8       0x32 cmake/stm32cubemx/CMakeFiles/STM32_Drivers.dir/__/__/Drivers/STM32F7xx_HAL_Driver/Src/stm32f7xx_hal_gpio.c.obj
                0x08002af8                HAL_GPIO_WritePin
 *fill*         0x08002b2a        0x2 
 .text.HAL_DMA_Init
                0x08002b2c      0x15c cmake/stm32cubemx/CMakeFiles/STM32_Drivers.dir/__/__/Drivers/STM32F7xx_HAL_Driver/Src/stm32f7xx_hal_dma.c.obj
                0x08002b2c                HAL_DMA_Init
 .text.HAL_DMA_Start_IT
                0x08002c88       0xc0 cmake/stm32cubemx/CMakeFiles/STM32_Drivers.dir/__/__/Drivers/STM32F7xx_HAL_Driver/Src/stm32f7xx_hal_dma.c.obj
                0x08002c88                HAL_DMA_Start_IT
 .text.HAL_DMA_Abort
                0x08002d48       0xe0 cmake/stm32cubemx/CMakeFiles/STM32_Drivers.dir/__/__/Drivers/STM32F7xx_HAL_Driver/Src/stm32f7xx_hal_dma.c.obj
                0x08002d48                HAL_DMA_Abort
 .text.HAL_DMA_Abort_IT
                0x08002e28       0x44 cmake/stm32cubemx/CMakeFiles/STM32_Drivers.dir/__/__/Drivers/STM32F7xx_HAL_Driver/Src/stm32f7xx_hal_dma.c.obj
                0x08002e28                HAL_DMA_Abort_IT
 .text.HAL_DMA_IRQHandler
                0x08002e6c      0x314 cmake/stm32cubemx/CMakeFiles/STM32_Drivers.dir/__/__/Drivers/STM32F7xx_HAL_Driver/Src/stm32f7xx_hal_dma.c.obj
                0x08002e6c                HAL_DMA_IRQHandler
 .text.DMA_SetConfig
                0x08003180       0x5c cmake/stm32cubemx/CMakeFiles/STM32_Drivers.dir/__/__/Drivers/STM32F7xx_HAL_Driver/Src/stm32f7xx_hal_dma.c.obj
 .text.DMA_CalcBaseAndBitshift
                0x080031dc       0x6c cmake/stm32cubemx/CMakeFiles/STM32_Drivers.dir/__/__/Drivers/STM32F7xx_HAL_Driver/Src/stm32f7xx_hal_dma.c.obj
 .text.DMA_CheckFifoParam
                0x08003248       0xf8 cmake/stm32cubemx/CMakeFiles/STM32_Drivers.dir/__/__/Drivers/STM32F7xx_HAL_Driver/Src/stm32f7xx_hal_dma.c.obj
 .text.HAL_DMAEx_MultiBufferStart_IT
                0x08003340     0x126c cmake/stm32cubemx/CMakeFiles/STM32_Drivers.dir/__/__/Drivers/STM32F7xx_HAL_Driver/Src/stm32f7xx_hal_dma_ex.c.obj
                0x08003340                HAL_DMAEx_MultiBufferStart_IT
 .text.HAL_DMAEx_ChangeMemory
                0x080045ac       0x34 cmake/stm32cubemx/CMakeFiles/STM32_Drivers.dir/__/__/Drivers/STM32F7xx_HAL_Driver/Src/stm32f7xx_hal_dma_ex.c.obj
                0x080045ac                HAL_DMAEx_ChangeMemory
 .text.DMA_MultiBufferSetConfig
                0x080045e0       0x4c cmake/stm32cubemx/CMakeFiles/STM32_Drivers.dir/__/__/Drivers/STM32F7xx_HAL_Driver/Src/stm32f7xx_hal_dma_ex.c.obj
 .text.HAL_PWR_EnableBkUpAccess
                0x0800462c       0x20 cmake/stm32cubemx/CMakeFiles/STM32_Drivers.dir/__/__/Drivers/STM32F7xx_HAL_Driver/Src/stm32f7xx_hal_pwr.c.obj
                0x0800462c                HAL_PWR_EnableBkUpAccess
 .text.HAL_PWREx_EnableOverDrive
                0x0800464c       0xa0 cmake/stm32cubemx/CMakeFiles/STM32_Drivers.dir/__/__/Drivers/STM32F7xx_HAL_Driver/Src/stm32f7xx_hal_pwr_ex.c.obj
                0x0800464c                HAL_PWREx_EnableOverDrive
 .text.HAL_Init
                0x080046ec       0x1a cmake/stm32cubemx/CMakeFiles/STM32_Drivers.dir/__/__/Drivers/STM32F7xx_HAL_Driver/Src/stm32f7xx_hal.c.obj
                0x080046ec                HAL_Init
 *fill*         0x08004706        0x2 
 .text.HAL_InitTick
                0x08004708       0x60 cmake/stm32cubemx/CMakeFiles/STM32_Drivers.dir/__/__/Drivers/STM32F7xx_HAL_Driver/Src/stm32f7xx_hal.c.obj
                0x08004708                HAL_InitTick
 .text.HAL_IncTick
                0x08004768       0x28 cmake/stm32cubemx/CMakeFiles/STM32_Drivers.dir/__/__/Drivers/STM32F7xx_HAL_Driver/Src/stm32f7xx_hal.c.obj
                0x08004768                HAL_IncTick
 .text.HAL_GetTick
                0x08004790       0x18 cmake/stm32cubemx/CMakeFiles/STM32_Drivers.dir/__/__/Drivers/STM32F7xx_HAL_Driver/Src/stm32f7xx_hal.c.obj
                0x08004790                HAL_GetTick
 .text.HAL_Delay
                0x080047a8       0x48 cmake/stm32cubemx/CMakeFiles/STM32_Drivers.dir/__/__/Drivers/STM32F7xx_HAL_Driver/Src/stm32f7xx_hal.c.obj
                0x080047a8                HAL_Delay
 .text.HAL_I2C_Init
                0x080047f0      0x138 cmake/stm32cubemx/CMakeFiles/STM32_Drivers.dir/__/__/Drivers/STM32F7xx_HAL_Driver/Src/stm32f7xx_hal_i2c.c.obj
                0x080047f0                HAL_I2C_Init
 .text.HAL_I2C_DeInit
                0x08004928       0x5e cmake/stm32cubemx/CMakeFiles/STM32_Drivers.dir/__/__/Drivers/STM32F7xx_HAL_Driver/Src/stm32f7xx_hal_i2c.c.obj
                0x08004928                HAL_I2C_DeInit
 *fill*         0x08004986        0x2 
 .text.HAL_I2C_Mem_Write
                0x08004988      0x228 cmake/stm32cubemx/CMakeFiles/STM32_Drivers.dir/__/__/Drivers/STM32F7xx_HAL_Driver/Src/stm32f7xx_hal_i2c.c.obj
                0x08004988                HAL_I2C_Mem_Write
 .text.HAL_I2C_Mem_Read
                0x08004bb0      0x234 cmake/stm32cubemx/CMakeFiles/STM32_Drivers.dir/__/__/Drivers/STM32F7xx_HAL_Driver/Src/stm32f7xx_hal_i2c.c.obj
                0x08004bb0                HAL_I2C_Mem_Read
 .text.HAL_I2C_GetState
                0x08004de4       0x1c cmake/stm32cubemx/CMakeFiles/STM32_Drivers.dir/__/__/Drivers/STM32F7xx_HAL_Driver/Src/stm32f7xx_hal_i2c.c.obj
                0x08004de4                HAL_I2C_GetState
 .text.I2C_RequestMemoryWrite
                0x08004e00       0xa8 cmake/stm32cubemx/CMakeFiles/STM32_Drivers.dir/__/__/Drivers/STM32F7xx_HAL_Driver/Src/stm32f7xx_hal_i2c.c.obj
 .text.I2C_RequestMemoryRead
                0x08004ea8       0xa8 cmake/stm32cubemx/CMakeFiles/STM32_Drivers.dir/__/__/Drivers/STM32F7xx_HAL_Driver/Src/stm32f7xx_hal_i2c.c.obj
 .text.I2C_Flush_TXDR
                0x08004f50       0x48 cmake/stm32cubemx/CMakeFiles/STM32_Drivers.dir/__/__/Drivers/STM32F7xx_HAL_Driver/Src/stm32f7xx_hal_i2c.c.obj
 .text.I2C_WaitOnFlagUntilTimeout
                0x08004f98       0xb2 cmake/stm32cubemx/CMakeFiles/STM32_Drivers.dir/__/__/Drivers/STM32F7xx_HAL_Driver/Src/stm32f7xx_hal_i2c.c.obj
 .text.I2C_WaitOnTXISFlagUntilTimeout
                0x0800504a       0x8e cmake/stm32cubemx/CMakeFiles/STM32_Drivers.dir/__/__/Drivers/STM32F7xx_HAL_Driver/Src/stm32f7xx_hal_i2c.c.obj
 .text.I2C_WaitOnSTOPFlagUntilTimeout
                0x080050d8       0x86 cmake/stm32cubemx/CMakeFiles/STM32_Drivers.dir/__/__/Drivers/STM32F7xx_HAL_Driver/Src/stm32f7xx_hal_i2c.c.obj
 *fill*         0x0800515e        0x2 
 .text.I2C_IsErrorOccurred
                0x08005160      0x1c0 cmake/stm32cubemx/CMakeFiles/STM32_Drivers.dir/__/__/Drivers/STM32F7xx_HAL_Driver/Src/stm32f7xx_hal_i2c.c.obj
 .text.I2C_TransferConfig
                0x08005320       0x64 cmake/stm32cubemx/CMakeFiles/STM32_Drivers.dir/__/__/Drivers/STM32F7xx_HAL_Driver/Src/stm32f7xx_hal_i2c.c.obj
 .text.HAL_I2CEx_ConfigAnalogFilter
                0x08005384       0x96 cmake/stm32cubemx/CMakeFiles/STM32_Drivers.dir/__/__/Drivers/STM32F7xx_HAL_Driver/Src/stm32f7xx_hal_i2c_ex.c.obj
                0x08005384                HAL_I2CEx_ConfigAnalogFilter
 .text.HAL_I2CEx_ConfigDigitalFilter
                0x0800541a       0x98 cmake/stm32cubemx/CMakeFiles/STM32_Drivers.dir/__/__/Drivers/STM32F7xx_HAL_Driver/Src/stm32f7xx_hal_i2c_ex.c.obj
                0x0800541a                HAL_I2CEx_ConfigDigitalFilter
 *fill*         0x080054b2        0x2 
 .text.HAL_DMA2D_Init
                0x080054b4       0x94 cmake/stm32cubemx/CMakeFiles/STM32_Drivers.dir/__/__/Drivers/STM32F7xx_HAL_Driver/Src/stm32f7xx_hal_dma2d.c.obj
                0x080054b4                HAL_DMA2D_Init
 .text.HAL_DMA2D_IRQHandler
                0x08005548      0x1f8 cmake/stm32cubemx/CMakeFiles/STM32_Drivers.dir/__/__/Drivers/STM32F7xx_HAL_Driver/Src/stm32f7xx_hal_dma2d.c.obj
                0x08005548                HAL_DMA2D_IRQHandler
 .text.HAL_DMA2D_LineEventCallback
                0x08005740       0x14 cmake/stm32cubemx/CMakeFiles/STM32_Drivers.dir/__/__/Drivers/STM32F7xx_HAL_Driver/Src/stm32f7xx_hal_dma2d.c.obj
                0x08005740                HAL_DMA2D_LineEventCallback
 .text.HAL_DMA2D_CLUTLoadingCpltCallback
                0x08005754       0x14 cmake/stm32cubemx/CMakeFiles/STM32_Drivers.dir/__/__/Drivers/STM32F7xx_HAL_Driver/Src/stm32f7xx_hal_dma2d.c.obj
                0x08005754                HAL_DMA2D_CLUTLoadingCpltCallback
 .text.HAL_DMA2D_ConfigLayer
                0x08005768      0x124 cmake/stm32cubemx/CMakeFiles/STM32_Drivers.dir/__/__/Drivers/STM32F7xx_HAL_Driver/Src/stm32f7xx_hal_dma2d.c.obj
                0x08005768                HAL_DMA2D_ConfigLayer
 .text.FMC_SDRAM_Init
                0x0800588c       0xb8 cmake/stm32cubemx/CMakeFiles/STM32_Drivers.dir/__/__/Drivers/STM32F7xx_HAL_Driver/Src/stm32f7xx_ll_fmc.c.obj
                0x0800588c                FMC_SDRAM_Init
 .text.FMC_SDRAM_Timing_Init
                0x08005944       0xd4 cmake/stm32cubemx/CMakeFiles/STM32_Drivers.dir/__/__/Drivers/STM32F7xx_HAL_Driver/Src/stm32f7xx_ll_fmc.c.obj
                0x08005944                FMC_SDRAM_Timing_Init
 .text.FMC_SDRAM_SendCommand
                0x08005a18       0x48 cmake/stm32cubemx/CMakeFiles/STM32_Drivers.dir/__/__/Drivers/STM32F7xx_HAL_Driver/Src/stm32f7xx_ll_fmc.c.obj
                0x08005a18                FMC_SDRAM_SendCommand
 .text.FMC_SDRAM_ProgramRefreshRate
                0x08005a60       0x30 cmake/stm32cubemx/CMakeFiles/STM32_Drivers.dir/__/__/Drivers/STM32F7xx_HAL_Driver/Src/stm32f7xx_ll_fmc.c.obj
                0x08005a60                FMC_SDRAM_ProgramRefreshRate
 .text.HAL_SDRAM_Init
                0x08005a90       0x68 cmake/stm32cubemx/CMakeFiles/STM32_Drivers.dir/__/__/Drivers/STM32F7xx_HAL_Driver/Src/stm32f7xx_hal_sdram.c.obj
                0x08005a90                HAL_SDRAM_Init
 .text.HAL_SDRAM_SendCommand
                0x08005af8       0x6a cmake/stm32cubemx/CMakeFiles/STM32_Drivers.dir/__/__/Drivers/STM32F7xx_HAL_Driver/Src/stm32f7xx_hal_sdram.c.obj
                0x08005af8                HAL_SDRAM_SendCommand
 .text.HAL_SDRAM_ProgramRefreshRate
                0x08005b62       0x50 cmake/stm32cubemx/CMakeFiles/STM32_Drivers.dir/__/__/Drivers/STM32F7xx_HAL_Driver/Src/stm32f7xx_hal_sdram.c.obj
                0x08005b62                HAL_SDRAM_ProgramRefreshRate
 *fill*         0x08005bb2        0x2 
 .text.HAL_LTDC_Init
                0x08005bb4      0x1a0 cmake/stm32cubemx/CMakeFiles/STM32_Drivers.dir/__/__/Drivers/STM32F7xx_HAL_Driver/Src/stm32f7xx_hal_ltdc.c.obj
                0x08005bb4                HAL_LTDC_Init
 .text.HAL_LTDC_IRQHandler
                0x08005d54      0x148 cmake/stm32cubemx/CMakeFiles/STM32_Drivers.dir/__/__/Drivers/STM32F7xx_HAL_Driver/Src/stm32f7xx_hal_ltdc.c.obj
                0x08005d54                HAL_LTDC_IRQHandler
 .text.HAL_LTDC_ErrorCallback
                0x08005e9c       0x14 cmake/stm32cubemx/CMakeFiles/STM32_Drivers.dir/__/__/Drivers/STM32F7xx_HAL_Driver/Src/stm32f7xx_hal_ltdc.c.obj
                0x08005e9c                HAL_LTDC_ErrorCallback
 .text.HAL_LTDC_LineEventCallback
                0x08005eb0       0x14 cmake/stm32cubemx/CMakeFiles/STM32_Drivers.dir/__/__/Drivers/STM32F7xx_HAL_Driver/Src/stm32f7xx_hal_ltdc.c.obj
                0x08005eb0                HAL_LTDC_LineEventCallback
 .text.HAL_LTDC_ReloadEventCallback
                0x08005ec4       0x14 cmake/stm32cubemx/CMakeFiles/STM32_Drivers.dir/__/__/Drivers/STM32F7xx_HAL_Driver/Src/stm32f7xx_hal_ltdc.c.obj
                0x08005ec4                HAL_LTDC_ReloadEventCallback
 .text.HAL_LTDC_ConfigLayer
                0x08005ed8       0x7c cmake/stm32cubemx/CMakeFiles/STM32_Drivers.dir/__/__/Drivers/STM32F7xx_HAL_Driver/Src/stm32f7xx_hal_ltdc.c.obj
                0x08005ed8                HAL_LTDC_ConfigLayer
 .text.HAL_LTDC_SetPixelFormat
                0x08005f54       0x6c cmake/stm32cubemx/CMakeFiles/STM32_Drivers.dir/__/__/Drivers/STM32F7xx_HAL_Driver/Src/stm32f7xx_hal_ltdc.c.obj
                0x08005f54                HAL_LTDC_SetPixelFormat
 .text.HAL_LTDC_SetAddress
                0x08005fc0       0x6c cmake/stm32cubemx/CMakeFiles/STM32_Drivers.dir/__/__/Drivers/STM32F7xx_HAL_Driver/Src/stm32f7xx_hal_ltdc.c.obj
                0x08005fc0                HAL_LTDC_SetAddress
 .text.HAL_LTDC_Reload
                0x0800602c       0x5e cmake/stm32cubemx/CMakeFiles/STM32_Drivers.dir/__/__/Drivers/STM32F7xx_HAL_Driver/Src/stm32f7xx_hal_ltdc.c.obj
                0x0800602c                HAL_LTDC_Reload
 *fill*         0x0800608a        0x2 
 .text.LTDC_SetConfig
                0x0800608c      0x334 cmake/stm32cubemx/CMakeFiles/STM32_Drivers.dir/__/__/Drivers/STM32F7xx_HAL_Driver/Src/stm32f7xx_hal_ltdc.c.obj
 .text.HAL_UART_Init
                0x080063c0       0x9c cmake/stm32cubemx/CMakeFiles/STM32_Drivers.dir/__/__/Drivers/STM32F7xx_HAL_Driver/Src/stm32f7xx_hal_uart.c.obj
                0x080063c0                HAL_UART_Init
 .text.HAL_UART_Transmit
                0x0800645c      0x112 cmake/stm32cubemx/CMakeFiles/STM32_Drivers.dir/__/__/Drivers/STM32F7xx_HAL_Driver/Src/stm32f7xx_hal_uart.c.obj
                0x0800645c                HAL_UART_Transmit
 .text.HAL_UART_Receive
                0x0800656e      0x190 cmake/stm32cubemx/CMakeFiles/STM32_Drivers.dir/__/__/Drivers/STM32F7xx_HAL_Driver/Src/stm32f7xx_hal_uart.c.obj
                0x0800656e                HAL_UART_Receive
 *fill*         0x080066fe        0x2 
 .text.UART_SetConfig
                0x08006700      0x4c8 cmake/stm32cubemx/CMakeFiles/STM32_Drivers.dir/__/__/Drivers/STM32F7xx_HAL_Driver/Src/stm32f7xx_hal_uart.c.obj
                0x08006700                UART_SetConfig
 .text.UART_AdvFeatureConfig
                0x08006bc8      0x144 cmake/stm32cubemx/CMakeFiles/STM32_Drivers.dir/__/__/Drivers/STM32F7xx_HAL_Driver/Src/stm32f7xx_hal_uart.c.obj
                0x08006bc8                UART_AdvFeatureConfig
 .text.UART_CheckIdleState
                0x08006d0c       0xae cmake/stm32cubemx/CMakeFiles/STM32_Drivers.dir/__/__/Drivers/STM32F7xx_HAL_Driver/Src/stm32f7xx_hal_uart.c.obj
                0x08006d0c                UART_CheckIdleState
 .text.UART_WaitOnFlagUntilTimeout
                0x08006dba       0xda cmake/stm32cubemx/CMakeFiles/STM32_Drivers.dir/__/__/Drivers/STM32F7xx_HAL_Driver/Src/stm32f7xx_hal_uart.c.obj
                0x08006dba                UART_WaitOnFlagUntilTimeout
 .text.UART_EndRxTransfer
                0x08006e94       0xc8 cmake/stm32cubemx/CMakeFiles/STM32_Drivers.dir/__/__/Drivers/STM32F7xx_HAL_Driver/Src/stm32f7xx_hal_uart.c.obj
 .text.main     0x08006f5c       0xf8 CMakeFiles/dip-vs.dir/Core/Src/main.c.obj
                0x08006f5c                main
 .text.SystemClock_Config
                0x08007054       0xe0 CMakeFiles/dip-vs.dir/Core/Src/main.c.obj
                0x08007054                SystemClock_Config
 .text.MX_DCMI_Init
                0x08007134       0x68 CMakeFiles/dip-vs.dir/Core/Src/main.c.obj
 .text.MX_DMA2D_Init
                0x0800719c       0x64 CMakeFiles/dip-vs.dir/Core/Src/main.c.obj
 .text.MX_I2C3_Init
                0x08007200       0x80 CMakeFiles/dip-vs.dir/Core/Src/main.c.obj
 .text.MX_LTDC_Init
                0x08007280      0x104 CMakeFiles/dip-vs.dir/Core/Src/main.c.obj
 .text.MX_USART1_UART_Init
                0x08007384       0x60 CMakeFiles/dip-vs.dir/Core/Src/main.c.obj
 .text.MX_DMA_Init
                0x080073e4       0x3c CMakeFiles/dip-vs.dir/Core/Src/main.c.obj
 .text.MX_FMC_Init
                0x08007420       0xa0 CMakeFiles/dip-vs.dir/Core/Src/main.c.obj
 .text.MX_GPIO_Init
                0x080074c0      0x6ac CMakeFiles/dip-vs.dir/Core/Src/main.c.obj
 .text.Error_Handler
                0x08007b6c        0xc CMakeFiles/dip-vs.dir/Core/Src/main.c.obj
                0x08007b6c                Error_Handler
 .text.NMI_Handler
                0x08007b78        0x8 CMakeFiles/dip-vs.dir/Core/Src/stm32f7xx_it.c.obj
                0x08007b78                NMI_Handler
 .text.HardFault_Handler
                0x08007b80        0x8 CMakeFiles/dip-vs.dir/Core/Src/stm32f7xx_it.c.obj
                0x08007b80                HardFault_Handler
 .text.MemManage_Handler
                0x08007b88        0x8 CMakeFiles/dip-vs.dir/Core/Src/stm32f7xx_it.c.obj
                0x08007b88                MemManage_Handler
 .text.BusFault_Handler
                0x08007b90        0x8 CMakeFiles/dip-vs.dir/Core/Src/stm32f7xx_it.c.obj
                0x08007b90                BusFault_Handler
 .text.UsageFault_Handler
                0x08007b98        0x8 CMakeFiles/dip-vs.dir/Core/Src/stm32f7xx_it.c.obj
                0x08007b98                UsageFault_Handler
 .text.SVC_Handler
                0x08007ba0        0xe CMakeFiles/dip-vs.dir/Core/Src/stm32f7xx_it.c.obj
                0x08007ba0                SVC_Handler
 .text.DebugMon_Handler
                0x08007bae        0xe CMakeFiles/dip-vs.dir/Core/Src/stm32f7xx_it.c.obj
                0x08007bae                DebugMon_Handler
 .text.PendSV_Handler
                0x08007bbc        0xe CMakeFiles/dip-vs.dir/Core/Src/stm32f7xx_it.c.obj
                0x08007bbc                PendSV_Handler
 .text.SysTick_Handler
                0x08007bca        0xc CMakeFiles/dip-vs.dir/Core/Src/stm32f7xx_it.c.obj
                0x08007bca                SysTick_Handler
 *fill*         0x08007bd6        0x2 
 .text.DMA2_Stream1_IRQHandler
                0x08007bd8       0x14 CMakeFiles/dip-vs.dir/Core/Src/stm32f7xx_it.c.obj
                0x08007bd8                DMA2_Stream1_IRQHandler
 .text.DCMI_IRQHandler
                0x08007bec       0x14 CMakeFiles/dip-vs.dir/Core/Src/stm32f7xx_it.c.obj
                0x08007bec                DCMI_IRQHandler
 .text.LTDC_IRQHandler
                0x08007c00       0x14 CMakeFiles/dip-vs.dir/Core/Src/stm32f7xx_it.c.obj
                0x08007c00                LTDC_IRQHandler
 .text.DMA2D_IRQHandler
                0x08007c14       0x14 CMakeFiles/dip-vs.dir/Core/Src/stm32f7xx_it.c.obj
                0x08007c14                DMA2D_IRQHandler
 .text.HAL_MspInit
                0x08007c28       0x48 CMakeFiles/dip-vs.dir/Core/Src/stm32f7xx_hal_msp.c.obj
                0x08007c28                HAL_MspInit
 .text.HAL_DCMI_MspInit
                0x08007c70      0x20c CMakeFiles/dip-vs.dir/Core/Src/stm32f7xx_hal_msp.c.obj
                0x08007c70                HAL_DCMI_MspInit
 .text.HAL_DMA2D_MspInit
                0x08007e7c       0x4c CMakeFiles/dip-vs.dir/Core/Src/stm32f7xx_hal_msp.c.obj
                0x08007e7c                HAL_DMA2D_MspInit
 .text.HAL_I2C_MspInit
                0x08007ec8       0xc0 CMakeFiles/dip-vs.dir/Core/Src/stm32f7xx_hal_msp.c.obj
                0x08007ec8                HAL_I2C_MspInit
 .text.HAL_I2C_MspDeInit
                0x08007f88       0x44 CMakeFiles/dip-vs.dir/Core/Src/stm32f7xx_hal_msp.c.obj
                0x08007f88                HAL_I2C_MspDeInit
 .text.HAL_LTDC_MspInit
                0x08007fcc      0x204 CMakeFiles/dip-vs.dir/Core/Src/stm32f7xx_hal_msp.c.obj
                0x08007fcc                HAL_LTDC_MspInit
 .text.HAL_UART_MspInit
                0x080081d0      0x104 CMakeFiles/dip-vs.dir/Core/Src/stm32f7xx_hal_msp.c.obj
                0x080081d0                HAL_UART_MspInit
 .text.HAL_FMC_MspInit
                0x080082d4      0x120 CMakeFiles/dip-vs.dir/Core/Src/stm32f7xx_hal_msp.c.obj
 .text.HAL_SDRAM_MspInit
                0x080083f4       0x14 CMakeFiles/dip-vs.dir/Core/Src/stm32f7xx_hal_msp.c.obj
                0x080083f4                HAL_SDRAM_MspInit
 .text.Reset_Handler
                0x08008408       0x50 CMakeFiles/dip-vs.dir/startup_stm32f746xx.s.obj
                0x08008408                Reset_Handler
 .text.Default_Handler
                0x08008458        0x2 CMakeFiles/dip-vs.dir/startup_stm32f746xx.s.obj
                0x08008458                RTC_Alarm_IRQHandler
                0x08008458                EXTI2_IRQHandler
                0x08008458                TIM8_CC_IRQHandler
                0x08008458                UART8_IRQHandler
                0x08008458                SPI4_IRQHandler
                0x08008458                TIM1_CC_IRQHandler
                0x08008458                DMA2_Stream5_IRQHandler
                0x08008458                DMA1_Stream5_IRQHandler
                0x08008458                PVD_IRQHandler
                0x08008458                TAMP_STAMP_IRQHandler
                0x08008458                CAN2_RX1_IRQHandler
                0x08008458                EXTI3_IRQHandler
                0x08008458                TIM8_TRG_COM_TIM14_IRQHandler
                0x08008458                TIM1_UP_TIM10_IRQHandler
                0x08008458                TIM8_UP_TIM13_IRQHandler
                0x08008458                I2C3_ER_IRQHandler
                0x08008458                EXTI0_IRQHandler
                0x08008458                I2C2_EV_IRQHandler
                0x08008458                DMA1_Stream2_IRQHandler
                0x08008458                CAN1_RX0_IRQHandler
                0x08008458                FPU_IRQHandler
                0x08008458                OTG_HS_WKUP_IRQHandler
                0x08008458                LTDC_ER_IRQHandler
                0x08008458                CAN2_SCE_IRQHandler
                0x08008458                DMA2_Stream2_IRQHandler
                0x08008458                SPI1_IRQHandler
                0x08008458                TIM6_DAC_IRQHandler
                0x08008458                TIM1_BRK_TIM9_IRQHandler
                0x08008458                CAN2_RX0_IRQHandler
                0x08008458                DMA2_Stream3_IRQHandler
                0x08008458                SAI2_IRQHandler
                0x08008458                USART6_IRQHandler
                0x08008458                USART3_IRQHandler
                0x08008458                CAN1_RX1_IRQHandler
                0x08008458                UART5_IRQHandler
                0x08008458                DMA2_Stream0_IRQHandler
                0x08008458                TIM4_IRQHandler
                0x08008458                QUADSPI_IRQHandler
                0x08008458                I2C1_EV_IRQHandler
                0x08008458                DMA1_Stream6_IRQHandler
                0x08008458                DMA1_Stream1_IRQHandler
                0x08008458                UART4_IRQHandler
                0x08008458                TIM3_IRQHandler
                0x08008458                RCC_IRQHandler
                0x08008458                TIM8_BRK_TIM12_IRQHandler
                0x08008458                Default_Handler
                0x08008458                CEC_IRQHandler
                0x08008458                EXTI15_10_IRQHandler
                0x08008458                ADC_IRQHandler
                0x08008458                DMA1_Stream7_IRQHandler
                0x08008458                SPI5_IRQHandler
                0x08008458                TIM7_IRQHandler
                0x08008458                SDMMC1_IRQHandler
                0x08008458                CAN2_TX_IRQHandler
                0x08008458                TIM5_IRQHandler
                0x08008458                DMA2_Stream7_IRQHandler
                0x08008458                I2C3_EV_IRQHandler
                0x08008458                EXTI9_5_IRQHandler
                0x08008458                RTC_WKUP_IRQHandler
                0x08008458                ETH_WKUP_IRQHandler
                0x08008458                SPDIF_RX_IRQHandler
                0x08008458                SPI2_IRQHandler
                0x08008458                OTG_HS_EP1_IN_IRQHandler
                0x08008458                DMA1_Stream0_IRQHandler
                0x08008458                CAN1_TX_IRQHandler
                0x08008458                EXTI4_IRQHandler
                0x08008458                RNG_IRQHandler
                0x08008458                ETH_IRQHandler
                0x08008458                OTG_HS_EP1_OUT_IRQHandler
                0x08008458                WWDG_IRQHandler
                0x08008458                SPI6_IRQHandler
                0x08008458                I2C4_EV_IRQHandler
                0x08008458                TIM2_IRQHandler
                0x08008458                OTG_FS_WKUP_IRQHandler
                0x08008458                TIM1_TRG_COM_TIM11_IRQHandler
                0x08008458                OTG_HS_IRQHandler
                0x08008458                EXTI1_IRQHandler
                0x08008458                UART7_IRQHandler
                0x08008458                USART2_IRQHandler
                0x08008458                I2C2_ER_IRQHandler
                0x08008458                CAN1_SCE_IRQHandler
                0x08008458                FLASH_IRQHandler
                0x08008458                DMA2_Stream4_IRQHandler
                0x08008458                USART1_IRQHandler
                0x08008458                OTG_FS_IRQHandler
                0x08008458                SPI3_IRQHandler
                0x08008458                DMA1_Stream4_IRQHandler
                0x08008458                I2C1_ER_IRQHandler
                0x08008458                FMC_IRQHandler
                0x08008458                LPTIM1_IRQHandler
                0x08008458                I2C4_ER_IRQHandler
                0x08008458                DMA2_Stream6_IRQHandler
                0x08008458                SAI1_IRQHandler
                0x08008458                DMA1_Stream3_IRQHandler
 *fill*         0x0800845a        0x2 
 .text.createImage
                0x0800845c      0x104 embedDIP/libembedDIP.a(stm32_common.c.obj)
                0x0800845c                createImage
 .text.memory_alloc
                0x08008560       0x44 embedDIP/libembedDIP.a(memory_manager.c.obj)
                0x08008560                memory_alloc
 .text.cvtColor
                0x080085a4       0xbc embedDIP/libembedDIP.a(color.c.obj)
                0x080085a4                cvtColor
 .text.rgb565_to_grayscale
                0x08008660       0xc8 embedDIP/libembedDIP.a(color.c.obj)
                0x08008660                rgb565_to_grayscale
 .text.rgb_to_yuv
                0x08008728      0x23c embedDIP/libembedDIP.a(color.c.obj)
                0x08008728                rgb_to_yuv
 .text.grayscale_to_rgb
                0x08008964       0x7a embedDIP/libembedDIP.a(color.c.obj)
                0x08008964                grayscale_to_rgb
 *fill*         0x080089de        0x2 
 .text.rgb888_to_rgb565
                0x080089e0       0xac embedDIP/libembedDIP.a(color.c.obj)
                0x080089e0                rgb888_to_rgb565
 .text.rgb_to_grayscale
                0x08008a8c       0xd0 embedDIP/libembedDIP.a(color.c.obj)
                0x08008a8c                rgb_to_grayscale
 *fill*         0x08008b5c        0x4 
 .text.rgb888_to_yuv
                0x08008b60      0x258 embedDIP/libembedDIP.a(color.c.obj)
                0x08008b60                rgb888_to_yuv
 .text.yuv_to_rgb888
                0x08008db8      0x238 embedDIP/libembedDIP.a(color.c.obj)
                0x08008db8                yuv_to_rgb888
 .text.rgb_to_hsv
                0x08008ff0      0x288 embedDIP/libembedDIP.a(color.c.obj)
                0x08008ff0                rgb_to_hsv
 .text.hsv_to_rgb
                0x08009278      0x26c embedDIP/libembedDIP.a(color.c.obj)
                0x08009278                hsv_to_rgb
 .text.rgb565_to_hsv
                0x080094e4      0x2a4 embedDIP/libembedDIP.a(color.c.obj)
                0x080094e4                rgb565_to_hsv
 .text.hsv_to_rgb565
                0x08009788      0x278 embedDIP/libembedDIP.a(color.c.obj)
                0x08009788                hsv_to_rgb565
 .text.serial_init
                0x08009a00        0xe embedDIP/libembedDIP.a(stm32_uart.c.obj)
 *fill*         0x08009a0e        0x2 
 .text.serial_capture
                0x08009a10      0x118 embedDIP/libembedDIP.a(stm32_uart.c.obj)
 .text.serial_send
                0x08009b28      0x104 embedDIP/libembedDIP.a(stm32_uart.c.obj)
 .text.CAMERA_Init
                0x08009c2c       0x70 embedDIP/libembedDIP.a(stm32_ov5640.c.obj)
                0x08009c2c                CAMERA_Init
 .text.CAMERA_PwrUp
                0x08009c9c       0x5c embedDIP/libembedDIP.a(stm32_ov5640.c.obj)
                0x08009c9c                CAMERA_PwrUp
 .text.CAMERA_PwrDown
                0x08009cf8       0x58 embedDIP/libembedDIP.a(stm32_ov5640.c.obj)
                0x08009cf8                CAMERA_PwrDown
 .text.OnError_Handler
                0x08009d50       0x20 embedDIP/libembedDIP.a(stm32_ov5640.c.obj)
 .text.camera_init
                0x08009d70       0x90 embedDIP/libembedDIP.a(stm32_ov5640.c.obj)
 .text.camera_capture
                0x08009e00       0x38 embedDIP/libembedDIP.a(stm32_ov5640.c.obj)
 .text.camera_stop
                0x08009e38       0x14 embedDIP/libembedDIP.a(stm32_ov5640.c.obj)
 .text.BSP_LED_On
                0x08009e4c       0x30 embedDIP/libembedDIP.a(stm32746g_discovery.c.obj)
                0x08009e4c                BSP_LED_On
 .text.I2Cx_MspInit
                0x08009e7c      0x160 embedDIP/libembedDIP.a(stm32746g_discovery.c.obj)
 .text.I2Cx_Init
                0x08009fdc       0x78 embedDIP/libembedDIP.a(stm32746g_discovery.c.obj)
 .text.I2Cx_ReadMultiple
                0x0800a054       0x5a embedDIP/libembedDIP.a(stm32746g_discovery.c.obj)
 .text.I2Cx_WriteMultiple
                0x0800a0ae       0x5a embedDIP/libembedDIP.a(stm32746g_discovery.c.obj)
 .text.I2Cx_Error
                0x0800a108       0x20 embedDIP/libembedDIP.a(stm32746g_discovery.c.obj)
 .text.CAMERA_IO_Init
                0x0800a128       0x14 embedDIP/libembedDIP.a(stm32746g_discovery.c.obj)
                0x0800a128                CAMERA_IO_Init
 .text.CAMERA_IO_Write
                0x0800a13c       0x34 embedDIP/libembedDIP.a(stm32746g_discovery.c.obj)
                0x0800a13c                CAMERA_IO_Write
 .text.CAMERA_IO_Read
                0x0800a170       0x3c embedDIP/libembedDIP.a(stm32746g_discovery.c.obj)
                0x0800a170                CAMERA_IO_Read
 .text.CAMERA_Delay
                0x0800a1ac       0x16 embedDIP/libembedDIP.a(stm32746g_discovery.c.obj)
                0x0800a1ac                CAMERA_Delay
 *fill*         0x0800a1c2        0x2 
 .text.BSP_SDRAM_Init
                0x0800a1c4      0x154 embedDIP/libembedDIP.a(stm32746g_discovery_sdram.c.obj)
                0x0800a1c4                BSP_SDRAM_Init
 .text.BSP_SDRAM_Initialization_sequence
                0x0800a318       0xc0 embedDIP/libembedDIP.a(stm32746g_discovery_sdram.c.obj)
                0x0800a318                BSP_SDRAM_Initialization_sequence
 .text.display_init
                0x0800a3d8       0x38 embedDIP/libembedDIP.a(stm32_rk043fn48h.c.obj)
 .text.display_clear
                0x0800a410       0x44 embedDIP/libembedDIP.a(stm32_rk043fn48h.c.obj)
 .text.display_show
                0x0800a454       0x50 embedDIP/libembedDIP.a(stm32_rk043fn48h.c.obj)
 .text.ov5640_Init
                0x0800a4a4      0x13c embedDIP/libembedDIP.a(ov5640.c.obj)
                0x0800a4a4                ov5640_Init
 .text.OV5640_SetEffect
                0x0800a5e0      0x360 embedDIP/libembedDIP.a(ov5640.c.obj)
                0x0800a5e0                OV5640_SetEffect
 .text.OV5640_SetBrightness
                0x0800a940      0x1c8 embedDIP/libembedDIP.a(ov5640.c.obj)
                0x0800a940                OV5640_SetBrightness
 .text.OV5640_SetContrast
                0x0800ab08      0x24c embedDIP/libembedDIP.a(ov5640.c.obj)
                0x0800ab08                OV5640_SetContrast
 .text.ov5640_Config
                0x0800ad54       0x72 embedDIP/libembedDIP.a(ov5640.c.obj)
                0x0800ad54                ov5640_Config
 .text.ov5640_ReadID
                0x0800adc6       0x64 embedDIP/libembedDIP.a(ov5640.c.obj)
                0x0800adc6                ov5640_ReadID
 *fill*         0x0800ae2a        0x2 
 .text.ov5640_ConvertValue
                0x0800ae2c      0x128 embedDIP/libembedDIP.a(ov5640.c.obj)
 .text.__errno  0x0800af54        0xc C:/ST/STM32CubeCLT_1.18.0/GNU-tools-for-STM32/bin/../lib/gcc/arm-none-eabi/13.3.1/../../../../arm-none-eabi/lib/thumb/v7e-m+fp/hard\libg_nano.a(libc_a-errno.o)
                0x0800af54                __errno
 .text.fmodf    0x0800af60       0x40 C:/ST/STM32CubeCLT_1.18.0/GNU-tools-for-STM32/bin/../lib/gcc/arm-none-eabi/13.3.1/../../../../arm-none-eabi/lib/thumb/v7e-m+fp/hard\libm.a(libm_a-wf_fmod.o)
                0x0800af60                fmodf
 .text.fmaxf    0x0800afa0       0x3a C:/ST/STM32CubeCLT_1.18.0/GNU-tools-for-STM32/bin/../lib/gcc/arm-none-eabi/13.3.1/../../../../arm-none-eabi/lib/thumb/v7e-m+fp/hard\libm.a(libm_a-sf_fmax.o)
                0x0800afa0                fmaxf
 .text.fminf    0x0800afda       0x3a C:/ST/STM32CubeCLT_1.18.0/GNU-tools-for-STM32/bin/../lib/gcc/arm-none-eabi/13.3.1/../../../../arm-none-eabi/lib/thumb/v7e-m+fp/hard\libm.a(libm_a-sf_fmin.o)
                0x0800afda                fminf
 .text.__fpclassifyf
                0x0800b014       0x38 C:/ST/STM32CubeCLT_1.18.0/GNU-tools-for-STM32/bin/../lib/gcc/arm-none-eabi/13.3.1/../../../../arm-none-eabi/lib/thumb/v7e-m+fp/hard\libm.a(libm_a-sf_fpclassify.o)
                0x0800b014                __fpclassifyf
 .text.__ieee754_fmodf
                0x0800b04c      0x104 C:/ST/STM32CubeCLT_1.18.0/GNU-tools-for-STM32/bin/../lib/gcc/arm-none-eabi/13.3.1/../../../../arm-none-eabi/lib/thumb/v7e-m+fp/hard\libm.a(libm_a-ef_fmod.o)
                0x0800b04c                __ieee754_fmodf
 *(.glue_7)
 .glue_7        0x0800b150        0x0 linker stubs
 *(.glue_7t)
 .glue_7t       0x0800b150        0x0 linker stubs
 *(.eh_frame)
 .eh_frame      0x0800b150        0x0 C:/ST/STM32CubeCLT_1.18.0/GNU-tools-for-STM32/bin/../lib/gcc/arm-none-eabi/13.3.1/thumb/v7e-m+fp/hard/crtbegin.o
 *(.init)
 .init          0x0800b150        0x4 C:/ST/STM32CubeCLT_1.18.0/GNU-tools-for-STM32/bin/../lib/gcc/arm-none-eabi/13.3.1/thumb/v7e-m+fp/hard/crti.o
                0x0800b150                _init
 .init          0x0800b154        0x8 C:/ST/STM32CubeCLT_1.18.0/GNU-tools-for-STM32/bin/../lib/gcc/arm-none-eabi/13.3.1/thumb/v7e-m+fp/hard/crtn.o
 *(.fini)
 .fini          0x0800b15c        0x4 C:/ST/STM32CubeCLT_1.18.0/GNU-tools-for-STM32/bin/../lib/gcc/arm-none-eabi/13.3.1/thumb/v7e-m+fp/hard/crti.o
                0x0800b15c                _fini
 .fini          0x0800b160        0x8 C:/ST/STM32CubeCLT_1.18.0/GNU-tools-for-STM32/bin/../lib/gcc/arm-none-eabi/13.3.1/thumb/v7e-m+fp/hard/crtn.o
                0x0800b168                        . = ALIGN (0x4)
                0x0800b168                        _etext = .

.vfp11_veneer   0x0800b168        0x0
 .vfp11_veneer  0x0800b168        0x0 linker stubs

.v4_bx          0x0800b168        0x0
 .v4_bx         0x0800b168        0x0 linker stubs

.iplt           0x0800b168        0x0
 .iplt          0x0800b168        0x0 C:/ST/STM32CubeCLT_1.18.0/GNU-tools-for-STM32/bin/../lib/gcc/arm-none-eabi/13.3.1/thumb/v7e-m+fp/hard/crtbegin.o

.rodata         0x0800b168      0x498
                0x0800b168                        . = ALIGN (0x4)
 *(.rodata)
 .rodata        0x0800b168        0x7 embedDIP/libembedDIP.a(stm32_uart.c.obj)
 *(.rodata*)
 *fill*         0x0800b16f        0x1 
 .rodata.AHBPrescTable
                0x0800b170       0x10 cmake/stm32cubemx/CMakeFiles/STM32_Drivers.dir/__/__/Core/Src/system_stm32f7xx.c.obj
                0x0800b170                AHBPrescTable
 .rodata.APBPrescTable
                0x0800b180        0x8 cmake/stm32cubemx/CMakeFiles/STM32_Drivers.dir/__/__/Core/Src/system_stm32f7xx.c.obj
                0x0800b180                APBPrescTable
 .rodata.flagBitshiftOffset.0
                0x0800b188        0x8 cmake/stm32cubemx/CMakeFiles/STM32_Drivers.dir/__/__/Drivers/STM32F7xx_HAL_Driver/Src/stm32f7xx_hal_dma.c.obj
 .rodata.OV5640_Init
                0x0800b190      0x3f8 embedDIP/libembedDIP.a(ov5640.c.obj)
                0x0800b190                OV5640_Init
 .rodata.OV5640_VGA
                0x0800b588       0x1c embedDIP/libembedDIP.a(ov5640.c.obj)
                0x0800b588                OV5640_VGA
 .rodata.OV5640_480x272
                0x0800b5a4       0x1c embedDIP/libembedDIP.a(ov5640.c.obj)
                0x0800b5a4                OV5640_480x272
 .rodata.OV5640_QVGA
                0x0800b5c0       0x1c embedDIP/libembedDIP.a(ov5640.c.obj)
                0x0800b5c0                OV5640_QVGA
 .rodata.OV5640_QQVGA
                0x0800b5dc       0x1c embedDIP/libembedDIP.a(ov5640.c.obj)
                0x0800b5dc                OV5640_QQVGA
 .rodata.Zero   0x0800b5f8        0x8 C:/ST/STM32CubeCLT_1.18.0/GNU-tools-for-STM32/bin/../lib/gcc/arm-none-eabi/13.3.1/../../../../arm-none-eabi/lib/thumb/v7e-m+fp/hard\libm.a(libm_a-ef_fmod.o)
                0x0800b600                        . = ALIGN (0x4)

.ARM.extab      0x0800b600        0x0
                0x0800b600                        . = ALIGN (0x4)
 *(.ARM.extab* .gnu.linkonce.armextab.*)
                0x0800b600                        . = ALIGN (0x4)

.ARM            0x0800b600        0x8
                0x0800b600                        . = ALIGN (0x4)
                0x0800b600                        __exidx_start = .
 *(.ARM.exidx*)
 .ARM.exidx     0x0800b600        0x8 C:/ST/STM32CubeCLT_1.18.0/GNU-tools-for-STM32/bin/../lib/gcc/arm-none-eabi/13.3.1/thumb/v7e-m+fp/hard\libgcc.a(_udivmoddi4.o)
                0x0800b608                        __exidx_end = .
                0x0800b608                        . = ALIGN (0x4)

.preinit_array  0x0800b608        0x0
                0x0800b608                        . = ALIGN (0x4)
                0x0800b608                        PROVIDE (__preinit_array_start = .)
 *(.preinit_array*)
                0x0800b608                        PROVIDE (__preinit_array_end = .)
                0x0800b608                        . = ALIGN (0x4)

.init_array     0x0800b608        0x4
                0x0800b608                        . = ALIGN (0x4)
                0x0800b608                        PROVIDE (__init_array_start = .)
 *(SORT_BY_NAME(.init_array.*))
 *(.init_array*)
 .init_array    0x0800b608        0x4 C:/ST/STM32CubeCLT_1.18.0/GNU-tools-for-STM32/bin/../lib/gcc/arm-none-eabi/13.3.1/thumb/v7e-m+fp/hard/crtbegin.o
                0x0800b60c                        PROVIDE (__init_array_end = .)
                0x0800b60c                        . = ALIGN (0x4)

.fini_array     0x0800b60c        0x4
                0x0800b60c                        . = ALIGN (0x4)
                [!provide]                        PROVIDE (__fini_array_start = .)
 *(SORT_BY_NAME(.fini_array.*))
 *(.fini_array*)
 .fini_array    0x0800b60c        0x4 C:/ST/STM32CubeCLT_1.18.0/GNU-tools-for-STM32/bin/../lib/gcc/arm-none-eabi/13.3.1/thumb/v7e-m+fp/hard/crtbegin.o
                [!provide]                        PROVIDE (__fini_array_end = .)
                0x0800b610                        . = ALIGN (0x4)
                0x0800b610                        _sidata = LOADADDR (.data)

.rel.dyn        0x0800b610        0x0
 .rel.iplt      0x0800b610        0x0 C:/ST/STM32CubeCLT_1.18.0/GNU-tools-for-STM32/bin/../lib/gcc/arm-none-eabi/13.3.1/thumb/v7e-m+fp/hard/crtbegin.o

.data           0x20000000       0xa0 load address 0x0800b610
                0x20000000                        . = ALIGN (0x4)
                0x20000000                        _sdata = .
 *(.data)
 *(.data*)
 .data._impure_ptr
                0x20000000        0x4 C:/ST/STM32CubeCLT_1.18.0/GNU-tools-for-STM32/bin/../lib/gcc/arm-none-eabi/13.3.1/../../../../arm-none-eabi/lib/thumb/v7e-m+fp/hard\libc_nano.a(libc_a-impure.o)
                0x20000000                _impure_ptr
 .data._impure_data
                0x20000004       0x4c C:/ST/STM32CubeCLT_1.18.0/GNU-tools-for-STM32/bin/../lib/gcc/arm-none-eabi/13.3.1/../../../../arm-none-eabi/lib/thumb/v7e-m+fp/hard\libc_nano.a(libc_a-impure.o)
                0x20000004                _impure_data
 .data.SystemCoreClock
                0x20000050        0x4 cmake/stm32cubemx/CMakeFiles/STM32_Drivers.dir/__/__/Core/Src/system_stm32f7xx.c.obj
                0x20000050                SystemCoreClock
 .data.uwTickPrio
                0x20000054        0x4 cmake/stm32cubemx/CMakeFiles/STM32_Drivers.dir/__/__/Drivers/STM32F7xx_HAL_Driver/Src/stm32f7xx_hal.c.obj
                0x20000054                uwTickPrio
 .data.uwTickFreq
                0x20000058        0x1 cmake/stm32cubemx/CMakeFiles/STM32_Drivers.dir/__/__/Drivers/STM32F7xx_HAL_Driver/Src/stm32f7xx_hal.c.obj
                0x20000058                uwTickFreq
 *fill*         0x20000059        0x3 
 .data.serial   0x2000005c        0x4 CMakeFiles/dip-vs.dir/Core/Src/main.c.obj
                0x2000005c                serial
 .data.camera   0x20000060        0x4 CMakeFiles/dip-vs.dir/Core/Src/main.c.obj
                0x20000060                camera
 .data.display  0x20000064        0x4 CMakeFiles/dip-vs.dir/Core/Src/main.c.obj
                0x20000064                display
 .data.stm32_uart
                0x20000068        0xc embedDIP/libembedDIP.a(stm32_uart.c.obj)
                0x20000068                stm32_uart
 .data.stm32_ov5640
                0x20000074        0xc embedDIP/libembedDIP.a(stm32_ov5640.c.obj)
                0x20000074                stm32_ov5640
 .data.stm32_rk043fn48h
                0x20000080       0x14 embedDIP/libembedDIP.a(stm32_rk043fn48h.c.obj)
                0x20000080                stm32_rk043fn48h
 .data.ov5640_drv
                0x20000094        0xc embedDIP/libembedDIP.a(ov5640.c.obj)
                0x20000094                ov5640_drv
 *(.RamFunc)
 *(.RamFunc*)
                0x200000a0                        . = ALIGN (0x4)
                0x200000a0                        _edata = .

.igot.plt       0x200000a0        0x0 load address 0x0800b6b0
 .igot.plt      0x200000a0        0x0 C:/ST/STM32CubeCLT_1.18.0/GNU-tools-for-STM32/bin/../lib/gcc/arm-none-eabi/13.3.1/thumb/v7e-m+fp/hard/crtbegin.o
                0x200000a0                        . = ALIGN (0x4)

.bss            0x200000a0      0x50c load address 0x0800b6b0
                0x200000a0                        _sbss = .
                0x200000a0                        __bss_start__ = _sbss
 *(.bss)
 .bss           0x200000a0       0x1c C:/ST/STM32CubeCLT_1.18.0/GNU-tools-for-STM32/bin/../lib/gcc/arm-none-eabi/13.3.1/thumb/v7e-m+fp/hard/crtbegin.o
 *(.bss*)
 .bss.__sf      0x200000bc      0x138 C:/ST/STM32CubeCLT_1.18.0/GNU-tools-for-STM32/bin/../lib/gcc/arm-none-eabi/13.3.1/../../../../arm-none-eabi/lib/thumb/v7e-m+fp/hard\libc_nano.a(libc_a-findfp.o)
                0x200000bc                __sf
 .bss.uwTick    0x200001f4        0x4 cmake/stm32cubemx/CMakeFiles/STM32_Drivers.dir/__/__/Drivers/STM32F7xx_HAL_Driver/Src/stm32f7xx_hal.c.obj
                0x200001f4                uwTick
 .bss.hdcmi     0x200001f8       0x50 CMakeFiles/dip-vs.dir/Core/Src/main.c.obj
                0x200001f8                hdcmi
 .bss.hdma_dcmi
                0x20000248       0x60 CMakeFiles/dip-vs.dir/Core/Src/main.c.obj
                0x20000248                hdma_dcmi
 .bss.hdma2d    0x200002a8       0x40 CMakeFiles/dip-vs.dir/Core/Src/main.c.obj
                0x200002a8                hdma2d
 .bss.hi2c3     0x200002e8       0x54 CMakeFiles/dip-vs.dir/Core/Src/main.c.obj
                0x200002e8                hi2c3
 .bss.hltdc     0x2000033c       0xa8 CMakeFiles/dip-vs.dir/Core/Src/main.c.obj
                0x2000033c                hltdc
 .bss.huart1    0x200003e4       0x88 CMakeFiles/dip-vs.dir/Core/Src/main.c.obj
                0x200003e4                huart1
 .bss.hsdram1   0x2000046c       0x34 CMakeFiles/dip-vs.dir/Core/Src/main.c.obj
                0x2000046c                hsdram1
 .bss.FMC_Initialized
                0x200004a0        0x4 CMakeFiles/dip-vs.dir/Core/Src/stm32f7xx_hal_msp.c.obj
 .bss.allocatedSize
                0x200004a4        0x4 embedDIP/libembedDIP.a(stm32_common.c.obj)
                0x200004a4                allocatedSize
 .bss.allocated_size
                0x200004a8        0x4 embedDIP/libembedDIP.a(memory_manager.c.obj)
 .bss.camera_driv
                0x200004ac        0x4 embedDIP/libembedDIP.a(stm32_ov5640.c.obj)
                0x200004ac                camera_driv
 .bss.CameraHwAddress
                0x200004b0        0x4 embedDIP/libembedDIP.a(stm32_ov5640.c.obj)
 .bss.Im_size   0x200004b4        0x4 embedDIP/libembedDIP.a(stm32_ov5640.c.obj)
                0x200004b4                Im_size
 .bss.hal_status
                0x200004b8        0x1 embedDIP/libembedDIP.a(stm32_ov5640.c.obj)
                0x200004b8                hal_status
 *fill*         0x200004b9        0x3 
 .bss.hI2cAudioHandler
                0x200004bc       0x54 embedDIP/libembedDIP.a(stm32746g_discovery.c.obj)
 .bss.hI2cExtHandler
                0x20000510       0x54 embedDIP/libembedDIP.a(stm32746g_discovery.c.obj)
 .bss.sdramHandle
                0x20000564       0x34 embedDIP/libembedDIP.a(stm32746g_discovery_sdram.c.obj)
                0x20000564                sdramHandle
 .bss.Command   0x20000598       0x10 embedDIP/libembedDIP.a(stm32746g_discovery_sdram.c.obj)
 .bss.sdramstatus.3
                0x200005a8        0x1 embedDIP/libembedDIP.a(stm32746g_discovery_sdram.c.obj)
 *(COMMON)
                0x200005ac                        . = ALIGN (0x4)
 *fill*         0x200005a9        0x3 
                0x200005ac                        _ebss = .
                0x200005ac                        __bss_end__ = _ebss

._user_heap_stack
                0x200005ac      0x604 load address 0x0800b6b0
                0x200005b0                        . = ALIGN (0x8)
 *fill*         0x200005ac        0x4 
                [!provide]                        PROVIDE (end = .)
                0x200005b0                        PROVIDE (_end = .)
                0x200007b0                        . = (. + _Min_Heap_Size)
 *fill*         0x200005b0      0x200 
                0x20000bb0                        . = (. + _Min_Stack_Size)
 *fill*         0x200007b0      0x400 
                0x20000bb0                        . = ALIGN (0x8)

/DISCARD/
 libc.a(*)
 libm.a(*)
 libgcc.a(*)
OUTPUT(dip-vs.elf elf32-littlearm)
LOAD linker stubs
LOAD C:/ST/STM32CubeCLT_1.18.0/GNU-tools-for-STM32/bin/../lib/gcc/arm-none-eabi/13.3.1/../../../../arm-none-eabi/lib/thumb/v7e-m+fp/hard\libc.a
LOAD C:/ST/STM32CubeCLT_1.18.0/GNU-tools-for-STM32/bin/../lib/gcc/arm-none-eabi/13.3.1/../../../../arm-none-eabi/lib/thumb/v7e-m+fp/hard\libm.a
LOAD C:/ST/STM32CubeCLT_1.18.0/GNU-tools-for-STM32/bin/../lib/gcc/arm-none-eabi/13.3.1/thumb/v7e-m+fp/hard\libgcc.a

.ARM.attributes
                0x00000000       0x30
 .ARM.attributes
                0x00000000       0x22 C:/ST/STM32CubeCLT_1.18.0/GNU-tools-for-STM32/bin/../lib/gcc/arm-none-eabi/13.3.1/thumb/v7e-m+fp/hard/crti.o
 .ARM.attributes
                0x00000022       0x34 C:/ST/STM32CubeCLT_1.18.0/GNU-tools-for-STM32/bin/../lib/gcc/arm-none-eabi/13.3.1/thumb/v7e-m+fp/hard/crtbegin.o
 .ARM.attributes
                0x00000056       0x34 C:/ST/STM32CubeCLT_1.18.0/GNU-tools-for-STM32/bin/../lib/gcc/arm-none-eabi/13.3.1/../../../../arm-none-eabi/lib/thumb/v7e-m+fp/hard\libc_nano.a(libc_a-findfp.o)
 .ARM.attributes
                0x0000008a       0x34 C:/ST/STM32CubeCLT_1.18.0/GNU-tools-for-STM32/bin/../lib/gcc/arm-none-eabi/13.3.1/../../../../arm-none-eabi/lib/thumb/v7e-m+fp/hard\libc_nano.a(libc_a-memset.o)
 .ARM.attributes
                0x000000be       0x34 C:/ST/STM32CubeCLT_1.18.0/GNU-tools-for-STM32/bin/../lib/gcc/arm-none-eabi/13.3.1/../../../../arm-none-eabi/lib/thumb/v7e-m+fp/hard\libc_nano.a(libc_a-impure.o)
 .ARM.attributes
                0x000000f2       0x34 C:/ST/STM32CubeCLT_1.18.0/GNU-tools-for-STM32/bin/../lib/gcc/arm-none-eabi/13.3.1/../../../../arm-none-eabi/lib/thumb/v7e-m+fp/hard\libc_nano.a(libc_a-init.o)
 .ARM.attributes
                0x00000126       0x34 cmake/stm32cubemx/CMakeFiles/STM32_Drivers.dir/__/__/Core/Src/system_stm32f7xx.c.obj
 .ARM.attributes
                0x0000015a       0x34 cmake/stm32cubemx/CMakeFiles/STM32_Drivers.dir/__/__/Drivers/STM32F7xx_HAL_Driver/Src/stm32f7xx_hal_cortex.c.obj
 .ARM.attributes
                0x0000018e       0x34 cmake/stm32cubemx/CMakeFiles/STM32_Drivers.dir/__/__/Drivers/STM32F7xx_HAL_Driver/Src/stm32f7xx_hal_dcmi.c.obj
 .ARM.attributes
                0x000001c2       0x34 cmake/stm32cubemx/CMakeFiles/STM32_Drivers.dir/__/__/Drivers/STM32F7xx_HAL_Driver/Src/stm32f7xx_hal_rcc.c.obj
 .ARM.attributes
                0x000001f6       0x34 cmake/stm32cubemx/CMakeFiles/STM32_Drivers.dir/__/__/Drivers/STM32F7xx_HAL_Driver/Src/stm32f7xx_hal_rcc_ex.c.obj
 .ARM.attributes
                0x0000022a       0x34 cmake/stm32cubemx/CMakeFiles/STM32_Drivers.dir/__/__/Drivers/STM32F7xx_HAL_Driver/Src/stm32f7xx_hal_gpio.c.obj
 .ARM.attributes
                0x0000025e       0x34 cmake/stm32cubemx/CMakeFiles/STM32_Drivers.dir/__/__/Drivers/STM32F7xx_HAL_Driver/Src/stm32f7xx_hal_dma.c.obj
 .ARM.attributes
                0x00000292       0x34 cmake/stm32cubemx/CMakeFiles/STM32_Drivers.dir/__/__/Drivers/STM32F7xx_HAL_Driver/Src/stm32f7xx_hal_dma_ex.c.obj
 .ARM.attributes
                0x000002c6       0x34 cmake/stm32cubemx/CMakeFiles/STM32_Drivers.dir/__/__/Drivers/STM32F7xx_HAL_Driver/Src/stm32f7xx_hal_pwr.c.obj
 .ARM.attributes
                0x000002fa       0x34 cmake/stm32cubemx/CMakeFiles/STM32_Drivers.dir/__/__/Drivers/STM32F7xx_HAL_Driver/Src/stm32f7xx_hal_pwr_ex.c.obj
 .ARM.attributes
                0x0000032e       0x34 cmake/stm32cubemx/CMakeFiles/STM32_Drivers.dir/__/__/Drivers/STM32F7xx_HAL_Driver/Src/stm32f7xx_hal.c.obj
 .ARM.attributes
                0x00000362       0x34 cmake/stm32cubemx/CMakeFiles/STM32_Drivers.dir/__/__/Drivers/STM32F7xx_HAL_Driver/Src/stm32f7xx_hal_i2c.c.obj
 .ARM.attributes
                0x00000396       0x34 cmake/stm32cubemx/CMakeFiles/STM32_Drivers.dir/__/__/Drivers/STM32F7xx_HAL_Driver/Src/stm32f7xx_hal_i2c_ex.c.obj
 .ARM.attributes
                0x000003ca       0x34 cmake/stm32cubemx/CMakeFiles/STM32_Drivers.dir/__/__/Drivers/STM32F7xx_HAL_Driver/Src/stm32f7xx_hal_dma2d.c.obj
 .ARM.attributes
                0x000003fe       0x34 cmake/stm32cubemx/CMakeFiles/STM32_Drivers.dir/__/__/Drivers/STM32F7xx_HAL_Driver/Src/stm32f7xx_ll_fmc.c.obj
 .ARM.attributes
                0x00000432       0x34 cmake/stm32cubemx/CMakeFiles/STM32_Drivers.dir/__/__/Drivers/STM32F7xx_HAL_Driver/Src/stm32f7xx_hal_sdram.c.obj
 .ARM.attributes
                0x00000466       0x34 cmake/stm32cubemx/CMakeFiles/STM32_Drivers.dir/__/__/Drivers/STM32F7xx_HAL_Driver/Src/stm32f7xx_hal_ltdc.c.obj
 .ARM.attributes
                0x0000049a       0x34 cmake/stm32cubemx/CMakeFiles/STM32_Drivers.dir/__/__/Drivers/STM32F7xx_HAL_Driver/Src/stm32f7xx_hal_uart.c.obj
 .ARM.attributes
                0x000004ce       0x34 CMakeFiles/dip-vs.dir/Core/Src/main.c.obj
 .ARM.attributes
                0x00000502       0x34 CMakeFiles/dip-vs.dir/Core/Src/stm32f7xx_it.c.obj
 .ARM.attributes
                0x00000536       0x34 CMakeFiles/dip-vs.dir/Core/Src/stm32f7xx_hal_msp.c.obj
 .ARM.attributes
                0x0000056a       0x21 CMakeFiles/dip-vs.dir/startup_stm32f746xx.s.obj
 .ARM.attributes
                0x0000058b       0x34 embedDIP/libembedDIP.a(stm32_common.c.obj)
 .ARM.attributes
                0x000005bf       0x34 embedDIP/libembedDIP.a(memory_manager.c.obj)
 .ARM.attributes
                0x000005f3       0x34 embedDIP/libembedDIP.a(color.c.obj)
 .ARM.attributes
                0x00000627       0x34 embedDIP/libembedDIP.a(stm32_uart.c.obj)
 .ARM.attributes
                0x0000065b       0x34 embedDIP/libembedDIP.a(stm32_ov5640.c.obj)
 .ARM.attributes
                0x0000068f       0x34 embedDIP/libembedDIP.a(stm32746g_discovery.c.obj)
 .ARM.attributes
                0x000006c3       0x34 embedDIP/libembedDIP.a(stm32746g_discovery_sdram.c.obj)
 .ARM.attributes
                0x000006f7       0x34 embedDIP/libembedDIP.a(stm32_rk043fn48h.c.obj)
 .ARM.attributes
                0x0000072b       0x34 embedDIP/libembedDIP.a(ov5640.c.obj)
 .ARM.attributes
                0x0000075f       0x22 C:/ST/STM32CubeCLT_1.18.0/GNU-tools-for-STM32/bin/../lib/gcc/arm-none-eabi/13.3.1/thumb/v7e-m+fp/hard\libgcc.a(_arm_muldf3.o)
 .ARM.attributes
                0x00000781       0x22 C:/ST/STM32CubeCLT_1.18.0/GNU-tools-for-STM32/bin/../lib/gcc/arm-none-eabi/13.3.1/thumb/v7e-m+fp/hard\libgcc.a(_arm_addsubdf3.o)
 .ARM.attributes
                0x000007a3       0x22 C:/ST/STM32CubeCLT_1.18.0/GNU-tools-for-STM32/bin/../lib/gcc/arm-none-eabi/13.3.1/thumb/v7e-m+fp/hard\libgcc.a(_arm_fixdfsi.o)
 .ARM.attributes
                0x000007c5       0x22 C:/ST/STM32CubeCLT_1.18.0/GNU-tools-for-STM32/bin/../lib/gcc/arm-none-eabi/13.3.1/thumb/v7e-m+fp/hard\libgcc.a(_arm_fixunsdfsi.o)
 .ARM.attributes
                0x000007e7       0x22 C:/ST/STM32CubeCLT_1.18.0/GNU-tools-for-STM32/bin/../lib/gcc/arm-none-eabi/13.3.1/thumb/v7e-m+fp/hard\libgcc.a(_aeabi_uldivmod.o)
 .ARM.attributes
                0x00000809       0x34 C:/ST/STM32CubeCLT_1.18.0/GNU-tools-for-STM32/bin/../lib/gcc/arm-none-eabi/13.3.1/thumb/v7e-m+fp/hard\libgcc.a(_udivmoddi4.o)
 .ARM.attributes
                0x0000083d       0x22 C:/ST/STM32CubeCLT_1.18.0/GNU-tools-for-STM32/bin/../lib/gcc/arm-none-eabi/13.3.1/thumb/v7e-m+fp/hard\libgcc.a(_dvmd_tls.o)
 .ARM.attributes
                0x0000085f       0x34 C:/ST/STM32CubeCLT_1.18.0/GNU-tools-for-STM32/bin/../lib/gcc/arm-none-eabi/13.3.1/../../../../arm-none-eabi/lib/thumb/v7e-m+fp/hard\libg_nano.a(libc_a-errno.o)
 .ARM.attributes
                0x00000893       0x22 C:/ST/STM32CubeCLT_1.18.0/GNU-tools-for-STM32/bin/../lib/gcc/arm-none-eabi/13.3.1/thumb/v7e-m+fp/hard/crtn.o

.comment        0x00000000       0x43
 .comment       0x00000000       0x43 cmake/stm32cubemx/CMakeFiles/STM32_Drivers.dir/__/__/Core/Src/system_stm32f7xx.c.obj
                                 0x44 (size before relaxing)
 .comment       0x00000043       0x44 cmake/stm32cubemx/CMakeFiles/STM32_Drivers.dir/__/__/Drivers/STM32F7xx_HAL_Driver/Src/stm32f7xx_hal_cortex.c.obj
 .comment       0x00000043       0x44 cmake/stm32cubemx/CMakeFiles/STM32_Drivers.dir/__/__/Drivers/STM32F7xx_HAL_Driver/Src/stm32f7xx_hal_dcmi.c.obj
 .comment       0x00000043       0x44 cmake/stm32cubemx/CMakeFiles/STM32_Drivers.dir/__/__/Drivers/STM32F7xx_HAL_Driver/Src/stm32f7xx_hal_rcc.c.obj
 .comment       0x00000043       0x44 cmake/stm32cubemx/CMakeFiles/STM32_Drivers.dir/__/__/Drivers/STM32F7xx_HAL_Driver/Src/stm32f7xx_hal_rcc_ex.c.obj
 .comment       0x00000043       0x44 cmake/stm32cubemx/CMakeFiles/STM32_Drivers.dir/__/__/Drivers/STM32F7xx_HAL_Driver/Src/stm32f7xx_hal_gpio.c.obj
 .comment       0x00000043       0x44 cmake/stm32cubemx/CMakeFiles/STM32_Drivers.dir/__/__/Drivers/STM32F7xx_HAL_Driver/Src/stm32f7xx_hal_dma.c.obj
 .comment       0x00000043       0x44 cmake/stm32cubemx/CMakeFiles/STM32_Drivers.dir/__/__/Drivers/STM32F7xx_HAL_Driver/Src/stm32f7xx_hal_dma_ex.c.obj
 .comment       0x00000043       0x44 cmake/stm32cubemx/CMakeFiles/STM32_Drivers.dir/__/__/Drivers/STM32F7xx_HAL_Driver/Src/stm32f7xx_hal_pwr.c.obj
 .comment       0x00000043       0x44 cmake/stm32cubemx/CMakeFiles/STM32_Drivers.dir/__/__/Drivers/STM32F7xx_HAL_Driver/Src/stm32f7xx_hal_pwr_ex.c.obj
 .comment       0x00000043       0x44 cmake/stm32cubemx/CMakeFiles/STM32_Drivers.dir/__/__/Drivers/STM32F7xx_HAL_Driver/Src/stm32f7xx_hal.c.obj
 .comment       0x00000043       0x44 cmake/stm32cubemx/CMakeFiles/STM32_Drivers.dir/__/__/Drivers/STM32F7xx_HAL_Driver/Src/stm32f7xx_hal_i2c.c.obj
 .comment       0x00000043       0x44 cmake/stm32cubemx/CMakeFiles/STM32_Drivers.dir/__/__/Drivers/STM32F7xx_HAL_Driver/Src/stm32f7xx_hal_i2c_ex.c.obj
 .comment       0x00000043       0x44 cmake/stm32cubemx/CMakeFiles/STM32_Drivers.dir/__/__/Drivers/STM32F7xx_HAL_Driver/Src/stm32f7xx_hal_dma2d.c.obj
 .comment       0x00000043       0x44 cmake/stm32cubemx/CMakeFiles/STM32_Drivers.dir/__/__/Drivers/STM32F7xx_HAL_Driver/Src/stm32f7xx_ll_fmc.c.obj
 .comment       0x00000043       0x44 cmake/stm32cubemx/CMakeFiles/STM32_Drivers.dir/__/__/Drivers/STM32F7xx_HAL_Driver/Src/stm32f7xx_hal_sdram.c.obj
 .comment       0x00000043       0x44 cmake/stm32cubemx/CMakeFiles/STM32_Drivers.dir/__/__/Drivers/STM32F7xx_HAL_Driver/Src/stm32f7xx_hal_ltdc.c.obj
 .comment       0x00000043       0x44 cmake/stm32cubemx/CMakeFiles/STM32_Drivers.dir/__/__/Drivers/STM32F7xx_HAL_Driver/Src/stm32f7xx_hal_uart.c.obj
 .comment       0x00000043       0x44 CMakeFiles/dip-vs.dir/Core/Src/main.c.obj
 .comment       0x00000043       0x44 CMakeFiles/dip-vs.dir/Core/Src/stm32f7xx_it.c.obj
 .comment       0x00000043       0x44 CMakeFiles/dip-vs.dir/Core/Src/stm32f7xx_hal_msp.c.obj
 .comment       0x00000043       0x44 embedDIP/libembedDIP.a(stm32_common.c.obj)
 .comment       0x00000043       0x44 embedDIP/libembedDIP.a(memory_manager.c.obj)
 .comment       0x00000043       0x44 embedDIP/libembedDIP.a(color.c.obj)
 .comment       0x00000043       0x44 embedDIP/libembedDIP.a(stm32_uart.c.obj)
 .comment       0x00000043       0x44 embedDIP/libembedDIP.a(stm32_ov5640.c.obj)
 .comment       0x00000043       0x44 embedDIP/libembedDIP.a(stm32746g_discovery.c.obj)
 .comment       0x00000043       0x44 embedDIP/libembedDIP.a(stm32746g_discovery_sdram.c.obj)
 .comment       0x00000043       0x44 embedDIP/libembedDIP.a(stm32_rk043fn48h.c.obj)
 .comment       0x00000043       0x44 embedDIP/libembedDIP.a(ov5640.c.obj)
 .comment       0x00000043       0x44 C:/ST/STM32CubeCLT_1.18.0/GNU-tools-for-STM32/bin/../lib/gcc/arm-none-eabi/13.3.1/../../../../arm-none-eabi/lib/thumb/v7e-m+fp/hard\libg_nano.a(libc_a-errno.o)

.debug_frame    0x00000000     0x5690
 .debug_frame   0x00000000      0x144 C:/ST/STM32CubeCLT_1.18.0/GNU-tools-for-STM32/bin/../lib/gcc/arm-none-eabi/13.3.1/../../../../arm-none-eabi/lib/thumb/v7e-m+fp/hard\libc_nano.a(libc_a-findfp.o)
 .debug_frame   0x00000144       0x20 C:/ST/STM32CubeCLT_1.18.0/GNU-tools-for-STM32/bin/../lib/gcc/arm-none-eabi/13.3.1/../../../../arm-none-eabi/lib/thumb/v7e-m+fp/hard\libc_nano.a(libc_a-memset.o)
 .debug_frame   0x00000164       0x2c C:/ST/STM32CubeCLT_1.18.0/GNU-tools-for-STM32/bin/../lib/gcc/arm-none-eabi/13.3.1/../../../../arm-none-eabi/lib/thumb/v7e-m+fp/hard\libc_nano.a(libc_a-init.o)
 .debug_frame   0x00000190       0x58 cmake/stm32cubemx/CMakeFiles/STM32_Drivers.dir/__/__/Core/Src/system_stm32f7xx.c.obj
 .debug_frame   0x000001e8      0x4e8 cmake/stm32cubemx/CMakeFiles/STM32_Drivers.dir/__/__/Drivers/STM32F7xx_HAL_Driver/Src/stm32f7xx_hal_cortex.c.obj
 .debug_frame   0x000006d0      0x340 cmake/stm32cubemx/CMakeFiles/STM32_Drivers.dir/__/__/Drivers/STM32F7xx_HAL_Driver/Src/stm32f7xx_hal_dcmi.c.obj
 .debug_frame   0x00000a10      0x1f8 cmake/stm32cubemx/CMakeFiles/STM32_Drivers.dir/__/__/Drivers/STM32F7xx_HAL_Driver/Src/stm32f7xx_hal_rcc.c.obj
 .debug_frame   0x00000c08      0x118 cmake/stm32cubemx/CMakeFiles/STM32_Drivers.dir/__/__/Drivers/STM32F7xx_HAL_Driver/Src/stm32f7xx_hal_rcc_ex.c.obj
 .debug_frame   0x00000d20      0x14c cmake/stm32cubemx/CMakeFiles/STM32_Drivers.dir/__/__/Drivers/STM32F7xx_HAL_Driver/Src/stm32f7xx_hal_gpio.c.obj
 .debug_frame   0x00000e6c      0x250 cmake/stm32cubemx/CMakeFiles/STM32_Drivers.dir/__/__/Drivers/STM32F7xx_HAL_Driver/Src/stm32f7xx_hal_dma.c.obj
 .debug_frame   0x000010bc       0xac cmake/stm32cubemx/CMakeFiles/STM32_Drivers.dir/__/__/Drivers/STM32F7xx_HAL_Driver/Src/stm32f7xx_hal_dma_ex.c.obj
 .debug_frame   0x00001168      0x254 cmake/stm32cubemx/CMakeFiles/STM32_Drivers.dir/__/__/Drivers/STM32F7xx_HAL_Driver/Src/stm32f7xx_hal_pwr.c.obj
 .debug_frame   0x000013bc      0x1c8 cmake/stm32cubemx/CMakeFiles/STM32_Drivers.dir/__/__/Drivers/STM32F7xx_HAL_Driver/Src/stm32f7xx_hal_pwr_ex.c.obj
 .debug_frame   0x00001584      0x3b4 cmake/stm32cubemx/CMakeFiles/STM32_Drivers.dir/__/__/Drivers/STM32F7xx_HAL_Driver/Src/stm32f7xx_hal.c.obj
 .debug_frame   0x00001938      0xc38 cmake/stm32cubemx/CMakeFiles/STM32_Drivers.dir/__/__/Drivers/STM32F7xx_HAL_Driver/Src/stm32f7xx_hal_i2c.c.obj
 .debug_frame   0x00002570       0xb0 cmake/stm32cubemx/CMakeFiles/STM32_Drivers.dir/__/__/Drivers/STM32F7xx_HAL_Driver/Src/stm32f7xx_hal_i2c_ex.c.obj
 .debug_frame   0x00002620      0x4e0 cmake/stm32cubemx/CMakeFiles/STM32_Drivers.dir/__/__/Drivers/STM32F7xx_HAL_Driver/Src/stm32f7xx_hal_dma2d.c.obj
 .debug_frame   0x00002b00      0x37c cmake/stm32cubemx/CMakeFiles/STM32_Drivers.dir/__/__/Drivers/STM32F7xx_HAL_Driver/Src/stm32f7xx_ll_fmc.c.obj
 .debug_frame   0x00002e7c      0x3e8 cmake/stm32cubemx/CMakeFiles/STM32_Drivers.dir/__/__/Drivers/STM32F7xx_HAL_Driver/Src/stm32f7xx_hal_sdram.c.obj
 .debug_frame   0x00003264      0x61c cmake/stm32cubemx/CMakeFiles/STM32_Drivers.dir/__/__/Drivers/STM32F7xx_HAL_Driver/Src/stm32f7xx_hal_ltdc.c.obj
 .debug_frame   0x00003880      0x9e8 cmake/stm32cubemx/CMakeFiles/STM32_Drivers.dir/__/__/Drivers/STM32F7xx_HAL_Driver/Src/stm32f7xx_hal_uart.c.obj
 .debug_frame   0x00004268      0x170 CMakeFiles/dip-vs.dir/Core/Src/main.c.obj
 .debug_frame   0x000043d8      0x174 CMakeFiles/dip-vs.dir/Core/Src/stm32f7xx_it.c.obj
 .debug_frame   0x0000454c      0x234 CMakeFiles/dip-vs.dir/Core/Src/stm32f7xx_hal_msp.c.obj
 .debug_frame   0x00004780       0x34 embedDIP/libembedDIP.a(stm32_common.c.obj)
 .debug_frame   0x000047b4       0x98 embedDIP/libembedDIP.a(memory_manager.c.obj)
 .debug_frame   0x0000484c      0x1f4 embedDIP/libembedDIP.a(color.c.obj)
 .debug_frame   0x00004a40       0x9c embedDIP/libembedDIP.a(stm32_uart.c.obj)
 .debug_frame   0x00004adc      0x148 embedDIP/libembedDIP.a(stm32_ov5640.c.obj)
 .debug_frame   0x00004c24      0x4b0 embedDIP/libembedDIP.a(stm32746g_discovery.c.obj)
 .debug_frame   0x000050d4      0x170 embedDIP/libembedDIP.a(stm32746g_discovery_sdram.c.obj)
 .debug_frame   0x00005244       0xb0 embedDIP/libembedDIP.a(stm32_rk043fn48h.c.obj)
 .debug_frame   0x000052f4      0x1f8 embedDIP/libembedDIP.a(ov5640.c.obj)
 .debug_frame   0x000054ec       0x30 C:/ST/STM32CubeCLT_1.18.0/GNU-tools-for-STM32/bin/../lib/gcc/arm-none-eabi/13.3.1/thumb/v7e-m+fp/hard\libgcc.a(_arm_muldf3.o)
 .debug_frame   0x0000551c       0xac C:/ST/STM32CubeCLT_1.18.0/GNU-tools-for-STM32/bin/../lib/gcc/arm-none-eabi/13.3.1/thumb/v7e-m+fp/hard\libgcc.a(_arm_addsubdf3.o)
 .debug_frame   0x000055c8       0x24 C:/ST/STM32CubeCLT_1.18.0/GNU-tools-for-STM32/bin/../lib/gcc/arm-none-eabi/13.3.1/thumb/v7e-m+fp/hard\libgcc.a(_arm_fixdfsi.o)
 .debug_frame   0x000055ec       0x24 C:/ST/STM32CubeCLT_1.18.0/GNU-tools-for-STM32/bin/../lib/gcc/arm-none-eabi/13.3.1/thumb/v7e-m+fp/hard\libgcc.a(_arm_fixunsdfsi.o)
 .debug_frame   0x00005610       0x2c C:/ST/STM32CubeCLT_1.18.0/GNU-tools-for-STM32/bin/../lib/gcc/arm-none-eabi/13.3.1/thumb/v7e-m+fp/hard\libgcc.a(_aeabi_uldivmod.o)
 .debug_frame   0x0000563c       0x34 C:/ST/STM32CubeCLT_1.18.0/GNU-tools-for-STM32/bin/../lib/gcc/arm-none-eabi/13.3.1/thumb/v7e-m+fp/hard\libgcc.a(_udivmoddi4.o)
 .debug_frame   0x00005670       0x20 C:/ST/STM32CubeCLT_1.18.0/GNU-tools-for-STM32/bin/../lib/gcc/arm-none-eabi/13.3.1/../../../../arm-none-eabi/lib/thumb/v7e-m+fp/hard\libg_nano.a(libc_a-errno.o)

.debug_info     0x00000000    0x1c33b
 .debug_info    0x00000000      0x6ed cmake/stm32cubemx/CMakeFiles/STM32_Drivers.dir/__/__/Core/Src/system_stm32f7xx.c.obj
 .debug_info    0x000006ed      0xf7e cmake/stm32cubemx/CMakeFiles/STM32_Drivers.dir/__/__/Drivers/STM32F7xx_HAL_Driver/Src/stm32f7xx_hal_cortex.c.obj
 .debug_info    0x0000166b      0xb15 cmake/stm32cubemx/CMakeFiles/STM32_Drivers.dir/__/__/Drivers/STM32F7xx_HAL_Driver/Src/stm32f7xx_hal_dcmi.c.obj
 .debug_info    0x00002180      0x8dc cmake/stm32cubemx/CMakeFiles/STM32_Drivers.dir/__/__/Drivers/STM32F7xx_HAL_Driver/Src/stm32f7xx_hal_rcc.c.obj
 .debug_info    0x00002a5c      0x6bd cmake/stm32cubemx/CMakeFiles/STM32_Drivers.dir/__/__/Drivers/STM32F7xx_HAL_Driver/Src/stm32f7xx_hal_rcc_ex.c.obj
 .debug_info    0x00003119      0x6e7 cmake/stm32cubemx/CMakeFiles/STM32_Drivers.dir/__/__/Drivers/STM32F7xx_HAL_Driver/Src/stm32f7xx_hal_gpio.c.obj
 .debug_info    0x00003800      0x8e7 cmake/stm32cubemx/CMakeFiles/STM32_Drivers.dir/__/__/Drivers/STM32F7xx_HAL_Driver/Src/stm32f7xx_hal_dma.c.obj
 .debug_info    0x000040e7      0x4df cmake/stm32cubemx/CMakeFiles/STM32_Drivers.dir/__/__/Drivers/STM32F7xx_HAL_Driver/Src/stm32f7xx_hal_dma_ex.c.obj
 .debug_info    0x000045c6      0x90e cmake/stm32cubemx/CMakeFiles/STM32_Drivers.dir/__/__/Drivers/STM32F7xx_HAL_Driver/Src/stm32f7xx_hal_pwr.c.obj
 .debug_info    0x00004ed4      0x8cd cmake/stm32cubemx/CMakeFiles/STM32_Drivers.dir/__/__/Drivers/STM32F7xx_HAL_Driver/Src/stm32f7xx_hal_pwr_ex.c.obj
 .debug_info    0x000057a1      0x9d8 cmake/stm32cubemx/CMakeFiles/STM32_Drivers.dir/__/__/Drivers/STM32F7xx_HAL_Driver/Src/stm32f7xx_hal.c.obj
 .debug_info    0x00006179     0x2138 cmake/stm32cubemx/CMakeFiles/STM32_Drivers.dir/__/__/Drivers/STM32F7xx_HAL_Driver/Src/stm32f7xx_hal_i2c.c.obj
 .debug_info    0x000082b1      0x922 cmake/stm32cubemx/CMakeFiles/STM32_Drivers.dir/__/__/Drivers/STM32F7xx_HAL_Driver/Src/stm32f7xx_hal_i2c_ex.c.obj
 .debug_info    0x00008bd3      0xe7a cmake/stm32cubemx/CMakeFiles/STM32_Drivers.dir/__/__/Drivers/STM32F7xx_HAL_Driver/Src/stm32f7xx_hal_dma2d.c.obj
 .debug_info    0x00009a4d      0xb9d cmake/stm32cubemx/CMakeFiles/STM32_Drivers.dir/__/__/Drivers/STM32F7xx_HAL_Driver/Src/stm32f7xx_ll_fmc.c.obj
 .debug_info    0x0000a5ea      0xeb4 cmake/stm32cubemx/CMakeFiles/STM32_Drivers.dir/__/__/Drivers/STM32F7xx_HAL_Driver/Src/stm32f7xx_hal_sdram.c.obj
 .debug_info    0x0000b49e     0x1022 cmake/stm32cubemx/CMakeFiles/STM32_Drivers.dir/__/__/Drivers/STM32F7xx_HAL_Driver/Src/stm32f7xx_hal_ltdc.c.obj
 .debug_info    0x0000c4c0     0x39da cmake/stm32cubemx/CMakeFiles/STM32_Drivers.dir/__/__/Drivers/STM32F7xx_HAL_Driver/Src/stm32f7xx_hal_uart.c.obj
 .debug_info    0x0000fe9a     0x24a7 CMakeFiles/dip-vs.dir/Core/Src/main.c.obj
 .debug_info    0x00012341      0xd13 CMakeFiles/dip-vs.dir/Core/Src/stm32f7xx_it.c.obj
 .debug_info    0x00013054     0x211e CMakeFiles/dip-vs.dir/Core/Src/stm32f7xx_hal_msp.c.obj
 .debug_info    0x00015172       0x30 CMakeFiles/dip-vs.dir/startup_stm32f746xx.s.obj
 .debug_info    0x000151a2      0x1e4 embedDIP/libembedDIP.a(stm32_common.c.obj)
 .debug_info    0x00015386      0x135 embedDIP/libembedDIP.a(memory_manager.c.obj)
 .debug_info    0x000154bb      0xb7b embedDIP/libembedDIP.a(color.c.obj)
 .debug_info    0x00016036      0x9a9 embedDIP/libembedDIP.a(stm32_uart.c.obj)
 .debug_info    0x000169df     0x1409 embedDIP/libembedDIP.a(stm32_ov5640.c.obj)
 .debug_info    0x00017de8     0x1b25 embedDIP/libembedDIP.a(stm32746g_discovery.c.obj)
 .debug_info    0x0001990d     0x109c embedDIP/libembedDIP.a(stm32746g_discovery_sdram.c.obj)
 .debug_info    0x0001a9a9      0xc72 embedDIP/libembedDIP.a(stm32_rk043fn48h.c.obj)
 .debug_info    0x0001b61b      0x625 embedDIP/libembedDIP.a(ov5640.c.obj)
 .debug_info    0x0001bc40      0x6fb C:/ST/STM32CubeCLT_1.18.0/GNU-tools-for-STM32/bin/../lib/gcc/arm-none-eabi/13.3.1/../../../../arm-none-eabi/lib/thumb/v7e-m+fp/hard\libg_nano.a(libc_a-errno.o)

.debug_abbrev   0x00000000     0x40bb
 .debug_abbrev  0x00000000      0x13b cmake/stm32cubemx/CMakeFiles/STM32_Drivers.dir/__/__/Core/Src/system_stm32f7xx.c.obj
 .debug_abbrev  0x0000013b      0x31e cmake/stm32cubemx/CMakeFiles/STM32_Drivers.dir/__/__/Drivers/STM32F7xx_HAL_Driver/Src/stm32f7xx_hal_cortex.c.obj
 .debug_abbrev  0x00000459      0x24d cmake/stm32cubemx/CMakeFiles/STM32_Drivers.dir/__/__/Drivers/STM32F7xx_HAL_Driver/Src/stm32f7xx_hal_dcmi.c.obj
 .debug_abbrev  0x000006a6      0x288 cmake/stm32cubemx/CMakeFiles/STM32_Drivers.dir/__/__/Drivers/STM32F7xx_HAL_Driver/Src/stm32f7xx_hal_rcc.c.obj
 .debug_abbrev  0x0000092e      0x1c9 cmake/stm32cubemx/CMakeFiles/STM32_Drivers.dir/__/__/Drivers/STM32F7xx_HAL_Driver/Src/stm32f7xx_hal_rcc_ex.c.obj
 .debug_abbrev  0x00000af7      0x1d4 cmake/stm32cubemx/CMakeFiles/STM32_Drivers.dir/__/__/Drivers/STM32F7xx_HAL_Driver/Src/stm32f7xx_hal_gpio.c.obj
 .debug_abbrev  0x00000ccb      0x264 cmake/stm32cubemx/CMakeFiles/STM32_Drivers.dir/__/__/Drivers/STM32F7xx_HAL_Driver/Src/stm32f7xx_hal_dma.c.obj
 .debug_abbrev  0x00000f2f      0x1a3 cmake/stm32cubemx/CMakeFiles/STM32_Drivers.dir/__/__/Drivers/STM32F7xx_HAL_Driver/Src/stm32f7xx_hal_dma_ex.c.obj
 .debug_abbrev  0x000010d2      0x1c5 cmake/stm32cubemx/CMakeFiles/STM32_Drivers.dir/__/__/Drivers/STM32F7xx_HAL_Driver/Src/stm32f7xx_hal_pwr.c.obj
 .debug_abbrev  0x00001297      0x1d5 cmake/stm32cubemx/CMakeFiles/STM32_Drivers.dir/__/__/Drivers/STM32F7xx_HAL_Driver/Src/stm32f7xx_hal_pwr_ex.c.obj
 .debug_abbrev  0x0000146c      0x213 cmake/stm32cubemx/CMakeFiles/STM32_Drivers.dir/__/__/Drivers/STM32F7xx_HAL_Driver/Src/stm32f7xx_hal.c.obj
 .debug_abbrev  0x0000167f      0x260 cmake/stm32cubemx/CMakeFiles/STM32_Drivers.dir/__/__/Drivers/STM32F7xx_HAL_Driver/Src/stm32f7xx_hal_i2c.c.obj
 .debug_abbrev  0x000018df      0x19c cmake/stm32cubemx/CMakeFiles/STM32_Drivers.dir/__/__/Drivers/STM32F7xx_HAL_Driver/Src/stm32f7xx_hal_i2c_ex.c.obj
 .debug_abbrev  0x00001a7b      0x23e cmake/stm32cubemx/CMakeFiles/STM32_Drivers.dir/__/__/Drivers/STM32F7xx_HAL_Driver/Src/stm32f7xx_hal_dma2d.c.obj
 .debug_abbrev  0x00001cb9      0x1ac cmake/stm32cubemx/CMakeFiles/STM32_Drivers.dir/__/__/Drivers/STM32F7xx_HAL_Driver/Src/stm32f7xx_ll_fmc.c.obj
 .debug_abbrev  0x00001e65      0x240 cmake/stm32cubemx/CMakeFiles/STM32_Drivers.dir/__/__/Drivers/STM32F7xx_HAL_Driver/Src/stm32f7xx_hal_sdram.c.obj
 .debug_abbrev  0x000020a5      0x233 cmake/stm32cubemx/CMakeFiles/STM32_Drivers.dir/__/__/Drivers/STM32F7xx_HAL_Driver/Src/stm32f7xx_hal_ltdc.c.obj
 .debug_abbrev  0x000022d8      0x2e6 cmake/stm32cubemx/CMakeFiles/STM32_Drivers.dir/__/__/Drivers/STM32F7xx_HAL_Driver/Src/stm32f7xx_hal_uart.c.obj
 .debug_abbrev  0x000025be      0x32e CMakeFiles/dip-vs.dir/Core/Src/main.c.obj
 .debug_abbrev  0x000028ec      0x1b4 CMakeFiles/dip-vs.dir/Core/Src/stm32f7xx_it.c.obj
 .debug_abbrev  0x00002aa0      0x2a3 CMakeFiles/dip-vs.dir/Core/Src/stm32f7xx_hal_msp.c.obj
 .debug_abbrev  0x00002d43       0x24 CMakeFiles/dip-vs.dir/startup_stm32f746xx.s.obj
 .debug_abbrev  0x00002d67      0x103 embedDIP/libembedDIP.a(stm32_common.c.obj)
 .debug_abbrev  0x00002e6a       0xb8 embedDIP/libembedDIP.a(memory_manager.c.obj)
 .debug_abbrev  0x00002f22      0x1bf embedDIP/libembedDIP.a(color.c.obj)
 .debug_abbrev  0x000030e1      0x20c embedDIP/libembedDIP.a(stm32_uart.c.obj)
 .debug_abbrev  0x000032ed      0x30e embedDIP/libembedDIP.a(stm32_ov5640.c.obj)
 .debug_abbrev  0x000035fb      0x306 embedDIP/libembedDIP.a(stm32746g_discovery.c.obj)
 .debug_abbrev  0x00003901      0x2ac embedDIP/libembedDIP.a(stm32746g_discovery_sdram.c.obj)
 .debug_abbrev  0x00003bad      0x1e6 embedDIP/libembedDIP.a(stm32_rk043fn48h.c.obj)
 .debug_abbrev  0x00003d93      0x1ca embedDIP/libembedDIP.a(ov5640.c.obj)
 .debug_abbrev  0x00003f5d      0x15e C:/ST/STM32CubeCLT_1.18.0/GNU-tools-for-STM32/bin/../lib/gcc/arm-none-eabi/13.3.1/../../../../arm-none-eabi/lib/thumb/v7e-m+fp/hard\libg_nano.a(libc_a-errno.o)

.debug_aranges  0x00000000     0x14c8
 .debug_aranges
                0x00000000       0x28 cmake/stm32cubemx/CMakeFiles/STM32_Drivers.dir/__/__/Core/Src/system_stm32f7xx.c.obj
 .debug_aranges
                0x00000028      0x128 cmake/stm32cubemx/CMakeFiles/STM32_Drivers.dir/__/__/Drivers/STM32F7xx_HAL_Driver/Src/stm32f7xx_hal_cortex.c.obj
 .debug_aranges
                0x00000150       0xc0 cmake/stm32cubemx/CMakeFiles/STM32_Drivers.dir/__/__/Drivers/STM32F7xx_HAL_Driver/Src/stm32f7xx_hal_dcmi.c.obj
 .debug_aranges
                0x00000210       0x88 cmake/stm32cubemx/CMakeFiles/STM32_Drivers.dir/__/__/Drivers/STM32F7xx_HAL_Driver/Src/stm32f7xx_hal_rcc.c.obj
 .debug_aranges
                0x00000298       0x50 cmake/stm32cubemx/CMakeFiles/STM32_Drivers.dir/__/__/Drivers/STM32F7xx_HAL_Driver/Src/stm32f7xx_hal_rcc_ex.c.obj
 .debug_aranges
                0x000002e8       0x58 cmake/stm32cubemx/CMakeFiles/STM32_Drivers.dir/__/__/Drivers/STM32F7xx_HAL_Driver/Src/stm32f7xx_hal_gpio.c.obj
 .debug_aranges
                0x00000340       0x90 cmake/stm32cubemx/CMakeFiles/STM32_Drivers.dir/__/__/Drivers/STM32F7xx_HAL_Driver/Src/stm32f7xx_hal_dma.c.obj
 .debug_aranges
                0x000003d0       0x38 cmake/stm32cubemx/CMakeFiles/STM32_Drivers.dir/__/__/Drivers/STM32F7xx_HAL_Driver/Src/stm32f7xx_hal_dma_ex.c.obj
 .debug_aranges
                0x00000408       0xa0 cmake/stm32cubemx/CMakeFiles/STM32_Drivers.dir/__/__/Drivers/STM32F7xx_HAL_Driver/Src/stm32f7xx_hal_pwr.c.obj
 .debug_aranges
                0x000004a8       0x80 cmake/stm32cubemx/CMakeFiles/STM32_Drivers.dir/__/__/Drivers/STM32F7xx_HAL_Driver/Src/stm32f7xx_hal_pwr_ex.c.obj
 .debug_aranges
                0x00000528      0x100 cmake/stm32cubemx/CMakeFiles/STM32_Drivers.dir/__/__/Drivers/STM32F7xx_HAL_Driver/Src/stm32f7xx_hal.c.obj
 .debug_aranges
                0x00000628      0x2a0 cmake/stm32cubemx/CMakeFiles/STM32_Drivers.dir/__/__/Drivers/STM32F7xx_HAL_Driver/Src/stm32f7xx_hal_i2c.c.obj
 .debug_aranges
                0x000008c8       0x38 cmake/stm32cubemx/CMakeFiles/STM32_Drivers.dir/__/__/Drivers/STM32F7xx_HAL_Driver/Src/stm32f7xx_hal_i2c_ex.c.obj
 .debug_aranges
                0x00000900      0x118 cmake/stm32cubemx/CMakeFiles/STM32_Drivers.dir/__/__/Drivers/STM32F7xx_HAL_Driver/Src/stm32f7xx_hal_dma2d.c.obj
 .debug_aranges
                0x00000a18       0xc8 cmake/stm32cubemx/CMakeFiles/STM32_Drivers.dir/__/__/Drivers/STM32F7xx_HAL_Driver/Src/stm32f7xx_ll_fmc.c.obj
 .debug_aranges
                0x00000ae0       0xe8 cmake/stm32cubemx/CMakeFiles/STM32_Drivers.dir/__/__/Drivers/STM32F7xx_HAL_Driver/Src/stm32f7xx_hal_sdram.c.obj
 .debug_aranges
                0x00000bc8      0x158 cmake/stm32cubemx/CMakeFiles/STM32_Drivers.dir/__/__/Drivers/STM32F7xx_HAL_Driver/Src/stm32f7xx_hal_ltdc.c.obj
 .debug_aranges
                0x00000d20      0x228 cmake/stm32cubemx/CMakeFiles/STM32_Drivers.dir/__/__/Drivers/STM32F7xx_HAL_Driver/Src/stm32f7xx_hal_uart.c.obj
 .debug_aranges
                0x00000f48       0x70 CMakeFiles/dip-vs.dir/Core/Src/main.c.obj
 .debug_aranges
                0x00000fb8       0x80 CMakeFiles/dip-vs.dir/Core/Src/stm32f7xx_it.c.obj
 .debug_aranges
                0x00001038       0x90 CMakeFiles/dip-vs.dir/Core/Src/stm32f7xx_hal_msp.c.obj
 .debug_aranges
                0x000010c8       0x28 CMakeFiles/dip-vs.dir/startup_stm32f746xx.s.obj
 .debug_aranges
                0x000010f0       0x20 embedDIP/libembedDIP.a(stm32_common.c.obj)
 .debug_aranges
                0x00001110       0x38 embedDIP/libembedDIP.a(memory_manager.c.obj)
 .debug_aranges
                0x00001148       0x78 embedDIP/libembedDIP.a(color.c.obj)
 .debug_aranges
                0x000011c0       0x38 embedDIP/libembedDIP.a(stm32_uart.c.obj)
 .debug_aranges
                0x000011f8       0x60 embedDIP/libembedDIP.a(stm32_ov5640.c.obj)
 .debug_aranges
                0x00001258      0x128 embedDIP/libembedDIP.a(stm32746g_discovery.c.obj)
 .debug_aranges
                0x00001380       0x68 embedDIP/libembedDIP.a(stm32746g_discovery_sdram.c.obj)
 .debug_aranges
                0x000013e8       0x40 embedDIP/libembedDIP.a(stm32_rk043fn48h.c.obj)
 .debug_aranges
                0x00001428       0x80 embedDIP/libembedDIP.a(ov5640.c.obj)
 .debug_aranges
                0x000014a8       0x20 C:/ST/STM32CubeCLT_1.18.0/GNU-tools-for-STM32/bin/../lib/gcc/arm-none-eabi/13.3.1/../../../../arm-none-eabi/lib/thumb/v7e-m+fp/hard\libg_nano.a(libc_a-errno.o)

.debug_rnglists
                0x00000000      0xfe9
 .debug_rnglists
                0x00000000       0x1a cmake/stm32cubemx/CMakeFiles/STM32_Drivers.dir/__/__/Core/Src/system_stm32f7xx.c.obj
 .debug_rnglists
                0x0000001a       0xda cmake/stm32cubemx/CMakeFiles/STM32_Drivers.dir/__/__/Drivers/STM32F7xx_HAL_Driver/Src/stm32f7xx_hal_cortex.c.obj
 .debug_rnglists
                0x000000f4       0x91 cmake/stm32cubemx/CMakeFiles/STM32_Drivers.dir/__/__/Drivers/STM32F7xx_HAL_Driver/Src/stm32f7xx_hal_dcmi.c.obj
 .debug_rnglists
                0x00000185       0x67 cmake/stm32cubemx/CMakeFiles/STM32_Drivers.dir/__/__/Drivers/STM32F7xx_HAL_Driver/Src/stm32f7xx_hal_rcc.c.obj
 .debug_rnglists
                0x000001ec       0x3c cmake/stm32cubemx/CMakeFiles/STM32_Drivers.dir/__/__/Drivers/STM32F7xx_HAL_Driver/Src/stm32f7xx_hal_rcc_ex.c.obj
 .debug_rnglists
                0x00000228       0x3f cmake/stm32cubemx/CMakeFiles/STM32_Drivers.dir/__/__/Drivers/STM32F7xx_HAL_Driver/Src/stm32f7xx_hal_gpio.c.obj
 .debug_rnglists
                0x00000267       0x70 cmake/stm32cubemx/CMakeFiles/STM32_Drivers.dir/__/__/Drivers/STM32F7xx_HAL_Driver/Src/stm32f7xx_hal_dma.c.obj
 .debug_rnglists
                0x000002d7       0x27 cmake/stm32cubemx/CMakeFiles/STM32_Drivers.dir/__/__/Drivers/STM32F7xx_HAL_Driver/Src/stm32f7xx_hal_dma_ex.c.obj
 .debug_rnglists
                0x000002fe       0x74 cmake/stm32cubemx/CMakeFiles/STM32_Drivers.dir/__/__/Drivers/STM32F7xx_HAL_Driver/Src/stm32f7xx_hal_pwr.c.obj
 .debug_rnglists
                0x00000372       0x5f cmake/stm32cubemx/CMakeFiles/STM32_Drivers.dir/__/__/Drivers/STM32F7xx_HAL_Driver/Src/stm32f7xx_hal_pwr_ex.c.obj
 .debug_rnglists
                0x000003d1       0xbb cmake/stm32cubemx/CMakeFiles/STM32_Drivers.dir/__/__/Drivers/STM32F7xx_HAL_Driver/Src/stm32f7xx_hal.c.obj
 .debug_rnglists
                0x0000048c      0x228 cmake/stm32cubemx/CMakeFiles/STM32_Drivers.dir/__/__/Drivers/STM32F7xx_HAL_Driver/Src/stm32f7xx_hal_i2c.c.obj
 .debug_rnglists
                0x000006b4       0x27 cmake/stm32cubemx/CMakeFiles/STM32_Drivers.dir/__/__/Drivers/STM32F7xx_HAL_Driver/Src/stm32f7xx_hal_i2c_ex.c.obj
 .debug_rnglists
                0x000006db       0xdc cmake/stm32cubemx/CMakeFiles/STM32_Drivers.dir/__/__/Drivers/STM32F7xx_HAL_Driver/Src/stm32f7xx_hal_dma2d.c.obj
 .debug_rnglists