Archive member included to satisfy reference by file (symbol)

C:/ST/STM32CubeCLT_1.18.0/GNU-tools-for-STM32/bin/../lib/gcc/arm-none-eabi/13.3.1/../../../../arm-none-eabi/lib/thumb/v7e-m+fp/hard\libc_nano.a(libc_a-exit.o)
                              C:/ST/STM32CubeCLT_1.18.0/GNU-tools-for-STM32/bin/../lib/gcc/arm-none-eabi/13.3.1/../../../../arm-none-eabi/lib/thumb/v7e-m+fp/hard/crt0.o (exit)
C:/ST/STM32CubeCLT_1.18.0/GNU-tools-for-STM32/bin/../lib/gcc/arm-none-eabi/13.3.1/../../../../arm-none-eabi/lib/thumb/v7e-m+fp/hard\libc_nano.a(libc_a-findfp.o)
                              C:/ST/STM32CubeCLT_1.18.0/GNU-tools-for-STM32/bin/../lib/gcc/arm-none-eabi/13.3.1/../../../../arm-none-eabi/lib/thumb/v7e-m+fp/hard\libc_nano.a(libc_a-exit.o) (__stdio_exit_handler)
C:/ST/STM32CubeCLT_1.18.0/GNU-tools-for-STM32/bin/../lib/gcc/arm-none-eabi/13.3.1/../../../../arm-none-eabi/lib/thumb/v7e-m+fp/hard\libc_nano.a(libc_a-fwalk.o)
                              C:/ST/STM32CubeCLT_1.18.0/GNU-tools-for-STM32/bin/../lib/gcc/arm-none-eabi/13.3.1/../../../../arm-none-eabi/lib/thumb/v7e-m+fp/hard\libc_nano.a(libc_a-findfp.o) (_fwalk_sglue)
C:/ST/STM32CubeCLT_1.18.0/GNU-tools-for-STM32/bin/../lib/gcc/arm-none-eabi/13.3.1/../../../../arm-none-eabi/lib/thumb/v7e-m+fp/hard\libc_nano.a(libc_a-stdio.o)
                              C:/ST/STM32CubeCLT_1.18.0/GNU-tools-for-STM32/bin/../lib/gcc/arm-none-eabi/13.3.1/../../../../arm-none-eabi/lib/thumb/v7e-m+fp/hard\libc_nano.a(libc_a-findfp.o) (__sread)
C:/ST/STM32CubeCLT_1.18.0/GNU-tools-for-STM32/bin/../lib/gcc/arm-none-eabi/13.3.1/../../../../arm-none-eabi/lib/thumb/v7e-m+fp/hard\libc_nano.a(libc_a-memset.o)
                              C:/ST/STM32CubeCLT_1.18.0/GNU-tools-for-STM32/bin/../lib/gcc/arm-none-eabi/13.3.1/../../../../arm-none-eabi/lib/thumb/v7e-m+fp/hard/crt0.o (memset)
C:/ST/STM32CubeCLT_1.18.0/GNU-tools-for-STM32/bin/../lib/gcc/arm-none-eabi/13.3.1/../../../../arm-none-eabi/lib/thumb/v7e-m+fp/hard\libc_nano.a(libc_a-closer.o)
                              C:/ST/STM32CubeCLT_1.18.0/GNU-tools-for-STM32/bin/../lib/gcc/arm-none-eabi/13.3.1/../../../../arm-none-eabi/lib/thumb/v7e-m+fp/hard\libc_nano.a(libc_a-stdio.o) (_close_r)
C:/ST/STM32CubeCLT_1.18.0/GNU-tools-for-STM32/bin/../lib/gcc/arm-none-eabi/13.3.1/../../../../arm-none-eabi/lib/thumb/v7e-m+fp/hard\libc_nano.a(libc_a-reent.o)
                              C:/ST/STM32CubeCLT_1.18.0/GNU-tools-for-STM32/bin/../lib/gcc/arm-none-eabi/13.3.1/../../../../arm-none-eabi/lib/thumb/v7e-m+fp/hard\libc_nano.a(libc_a-closer.o) (errno)
C:/ST/STM32CubeCLT_1.18.0/GNU-tools-for-STM32/bin/../lib/gcc/arm-none-eabi/13.3.1/../../../../arm-none-eabi/lib/thumb/v7e-m+fp/hard\libc_nano.a(libc_a-impure.o)
                              C:/ST/STM32CubeCLT_1.18.0/GNU-tools-for-STM32/bin/../lib/gcc/arm-none-eabi/13.3.1/../../../../arm-none-eabi/lib/thumb/v7e-m+fp/hard\libc_nano.a(libc_a-reent.o) (_impure_ptr)
C:/ST/STM32CubeCLT_1.18.0/GNU-tools-for-STM32/bin/../lib/gcc/arm-none-eabi/13.3.1/../../../../arm-none-eabi/lib/thumb/v7e-m+fp/hard\libc_nano.a(libc_a-lseekr.o)
                              C:/ST/STM32CubeCLT_1.18.0/GNU-tools-for-STM32/bin/../lib/gcc/arm-none-eabi/13.3.1/../../../../arm-none-eabi/lib/thumb/v7e-m+fp/hard\libc_nano.a(libc_a-stdio.o) (_lseek_r)
C:/ST/STM32CubeCLT_1.18.0/GNU-tools-for-STM32/bin/../lib/gcc/arm-none-eabi/13.3.1/../../../../arm-none-eabi/lib/thumb/v7e-m+fp/hard\libc_nano.a(libc_a-readr.o)
                              C:/ST/STM32CubeCLT_1.18.0/GNU-tools-for-STM32/bin/../lib/gcc/arm-none-eabi/13.3.1/../../../../arm-none-eabi/lib/thumb/v7e-m+fp/hard\libc_nano.a(libc_a-stdio.o) (_read_r)
C:/ST/STM32CubeCLT_1.18.0/GNU-tools-for-STM32/bin/../lib/gcc/arm-none-eabi/13.3.1/../../../../arm-none-eabi/lib/thumb/v7e-m+fp/hard\libc_nano.a(libc_a-writer.o)
                              C:/ST/STM32CubeCLT_1.18.0/GNU-tools-for-STM32/bin/../lib/gcc/arm-none-eabi/13.3.1/../../../../arm-none-eabi/lib/thumb/v7e-m+fp/hard\libc_nano.a(libc_a-stdio.o) (_write_r)
C:/ST/STM32CubeCLT_1.18.0/GNU-tools-for-STM32/bin/../lib/gcc/arm-none-eabi/13.3.1/../../../../arm-none-eabi/lib/thumb/v7e-m+fp/hard\libc_nano.a(libc_a-init.o)
                              C:/ST/STM32CubeCLT_1.18.0/GNU-tools-for-STM32/bin/../lib/gcc/arm-none-eabi/13.3.1/../../../../arm-none-eabi/lib/thumb/v7e-m+fp/hard/crt0.o (__libc_init_array)
C:/ST/STM32CubeCLT_1.18.0/GNU-tools-for-STM32/bin/../lib/gcc/arm-none-eabi/13.3.1/../../../../arm-none-eabi/lib/thumb/v7e-m+fp/hard\libc_nano.a(libc_a-lock.o)
                              C:/ST/STM32CubeCLT_1.18.0/GNU-tools-for-STM32/bin/../lib/gcc/arm-none-eabi/13.3.1/../../../../arm-none-eabi/lib/thumb/v7e-m+fp/hard\libc_nano.a(libc_a-findfp.o) (__retarget_lock_init_recursive)
C:/ST/STM32CubeCLT_1.18.0/GNU-tools-for-STM32/bin/../lib/gcc/arm-none-eabi/13.3.1/../../../../arm-none-eabi/lib/thumb/v7e-m+fp/hard\libc_nano.a(libc_a-freer.o)
[...]
Memory Configuration

Name             Origin             Length             Attributes
RAM              0x20000000         0x00050000         xrw
FLASH            0x08000000         0x00100000         xr
*default*        0x00000000         0xffffffff

Linker script and memory map

LOAD C:/ST/STM32CubeCLT_1.18.0/GNU-tools-for-STM32/bin/../lib/gcc/arm-none-eabi/13.3.1/thumb/v7e-m+fp/hard/crti.o
LOAD C:/ST/STM32CubeCLT_1.18.0/GNU-tools-for-STM32/bin/../lib/gcc/arm-none-eabi/13.3.1/thumb/v7e-m+fp/hard/crtbegin.o
LOAD C:/ST/STM32CubeCLT_1.18.0/GNU-tools-for-STM32/bin/../lib/gcc/arm-none-eabi/13.3.1/../../../../arm-none-eabi/lib/thumb/v7e-m+fp/hard/crt0.o
START GROUP
LOAD C:/ST/STM32CubeCLT_1.18.0/GNU-tools-for-STM32/bin/../lib/gcc/arm-none-eabi/13.3.1/../../../../arm-none-eabi/lib/thumb/v7e-m+fp/hard\libc_nano.a
LOAD C:/ST/STM32CubeCLT_1.18.0/GNU-tools-for-STM32/bin/../lib/gcc/arm-none-eabi/13.3.1/../../../../arm-none-eabi/lib/thumb/v7e-m+fp/hard\libm.a
END GROUP
LOAD cmake/stm32cubemx/CMakeFiles/STM32_Drivers.dir/__/__/Core/Src/system_stm32f7xx.c.obj
LOAD cmake/stm32cubemx/CMakeFiles/STM32_Drivers.dir/__/__/Drivers/STM32F7xx_HAL_Driver/Src/stm32f7xx_hal_cortex.c.obj
LOAD cmake/stm32cubemx/CMakeFiles/STM32_Drivers.dir/__/__/Drivers/STM32F7xx_HAL_Driver/Src/stm32f7xx_hal_dcmi.c.obj
LOAD cmake/stm32cubemx/CMakeFiles/STM32_Drivers.dir/__/__/Drivers/STM32F7xx_HAL_Driver/Src/stm32f7xx_hal_dcmi_ex.c.obj
LOAD cmake/stm32cubemx/CMakeFiles/STM32_Drivers.dir/__/__/Drivers/STM32F7xx_HAL_Driver/Src/stm32f7xx_hal_rcc.c.obj
LOAD cmake/stm32cubemx/CMakeFiles/STM32_Drivers.dir/__/__/Drivers/STM32F7xx_HAL_Driver/Src/stm32f7xx_hal_rcc_ex.c.obj
LOAD cmake/stm32cubemx/CMakeFiles/STM32_Drivers.dir/__/__/Drivers/STM32F7xx_HAL_Driver/Src/stm32f7xx_hal_flash.c.obj
LOAD cmake/stm32cubemx/CMakeFiles/STM32_Drivers.dir/__/__/Drivers/STM32F7xx_HAL_Driver/Src/stm32f7xx_hal_flash_ex.c.obj
LOAD cmake/stm32cubemx/CMakeFiles/STM32_Drivers.dir/__/__/Drivers/STM32F7xx_HAL_Driver/Src/stm32f7xx_hal_gpio.c.obj
LOAD cmake/stm32cubemx/CMakeFiles/STM32_Drivers.dir/__/__/Drivers/STM32F7xx_HAL_Driver/Src/stm32f7xx_hal_dma.c.obj
LOAD cmake/stm32cubemx/CMakeFiles/STM32_Drivers.dir/__/__/Drivers/STM32F7xx_HAL_Driver/Src/stm32f7xx_hal_dma_ex.c.obj
LOAD cmake/stm32cubemx/CMakeFiles/STM32_Drivers.dir/__/__/Drivers/STM32F7xx_HAL_Driver/Src/stm32f7xx_hal_pwr.c.obj
LOAD cmake/stm32cubemx/CMakeFiles/STM32_Drivers.dir/__/__/Drivers/STM32F7xx_HAL_Driver/Src/stm32f7xx_hal_pwr_ex.c.obj
LOAD cmake/stm32cubemx/CMakeFiles/STM32_Drivers.dir/__/__/Drivers/STM32F7xx_HAL_Driver/Src/stm32f7xx_hal.c.obj
LOAD cmake/stm32cubemx/CMakeFiles/STM32_Drivers.dir/__/__/Drivers/STM32F7xx_HAL_Driver/Src/stm32f7xx_hal_i2c.c.obj
LOAD cmake/stm32cubemx/CMakeFiles/STM32_Drivers.dir/__/__/Drivers/STM32F7xx_HAL_Driver/Src/stm32f7xx_hal_i2c_ex.c.obj
LOAD cmake/stm32cubemx/CMakeFiles/STM32_Drivers.dir/__/__/Drivers/STM32F7xx_HAL_Driver/Src/stm32f7xx_hal_exti.c.obj
LOAD cmake/stm32cubemx/CMakeFiles/STM32_Drivers.dir/__/__/Drivers/STM32F7xx_HAL_Driver/Src/stm32f7xx_hal_dma2d.c.obj
LOAD cmake/stm32cubemx/CMakeFiles/STM32_Drivers.dir/__/__/Drivers/STM32F7xx_HAL_Driver/Src/stm32f7xx_ll_fmc.c.obj
LOAD cmake/stm32cubemx/CMakeFiles/STM32_Drivers.dir/__/__/Drivers/STM32F7xx_HAL_Driver/Src/stm32f7xx_hal_nor.c.obj
LOAD cmake/stm32cubemx/CMakeFiles/STM32_Drivers.dir/__/__/Drivers/STM32F7xx_HAL_Driver/Src/stm32f7xx_hal_sram.c.obj
LOAD cmake/stm32cubemx/CMakeFiles/STM32_Drivers.dir/__/__/Drivers/STM32F7xx_HAL_Driver/Src/stm32f7xx_hal_nand.c.obj
LOAD cmake/stm32cubemx/CMakeFiles/STM32_Drivers.dir/__/__/Drivers/STM32F7xx_HAL_Driver/Src/stm32f7xx_hal_sdram.c.obj
LOAD cmake/stm32cubemx/CMakeFiles/STM32_Drivers.dir/__/__/Drivers/STM32F7xx_HAL_Driver/Src/stm32f7xx_hal_ltdc.c.obj
LOAD cmake/stm32cubemx/CMakeFiles/STM32_Drivers.dir/__/__/Drivers/STM32F7xx_HAL_Driver/Src/stm32f7xx_hal_ltdc_ex.c.obj
LOAD cmake/stm32cubemx/CMakeFiles/STM32_Drivers.dir/__/__/Drivers/STM32F7xx_HAL_Driver/Src/stm32f7xx_hal_dsi.c.obj
LOAD cmake/stm32cubemx/CMakeFiles/STM32_Drivers.dir/__/__/Drivers/STM32F7xx_HAL_Driver/Src/stm32f7xx_hal_uart.c.obj
LOAD cmake/stm32cubemx/CMakeFiles/STM32_Drivers.dir/__/__/Drivers/STM32F7xx_HAL_Driver/Src/stm32f7xx_hal_uart_ex.c.obj
LOAD CMakeFiles/dip-vs.dir/Core/Src/main.c.obj
LOAD CMakeFiles/dip-vs.dir/Core/Src/stm32f7xx_it.c.obj
LOAD CMakeFiles/dip-vs.dir/Core/Src/stm32f7xx_hal_msp.c.obj
LOAD CMakeFiles/dip-vs.dir/Core/Src/sysmem.c.obj
LOAD CMakeFiles/dip-vs.dir/Core/Src/syscalls.c.obj
LOAD CMakeFiles/dip-vs.dir/startup_stm32f746xx.s.obj
LOAD embedDIP/libembedDIP.a
START GROUP
LOAD C:/ST/STM32CubeCLT_1.18.0/GNU-tools-for-STM32/bin/../lib/gcc/arm-none-eabi/13.3.1/thumb/v7e-m+fp/hard\libgcc.a
LOAD C:/ST/STM32CubeCLT_1.18.0/GNU-tools-for-STM32/bin/../lib/gcc/arm-none-eabi/13.3.1/../../../../arm-none-eabi/lib/thumb/v7e-m+fp/hard\libg_nano.a
LOAD C:/ST/STM32CubeCLT_1.18.0/GNU-tools-for-STM32/bin/../lib/gcc/arm-none-eabi/13.3.1/../../../../arm-none-eabi/lib/thumb/v7e-m+fp/hard\libc_nano.a
END GROUP
START GROUP
LOAD C:/ST/STM32CubeCLT_1.18.0/GNU-tools-for-STM32/bin/../lib/gcc/arm-none-eabi/13.3.1/thumb/v7e-m+fp/hard\libgcc.a
LOAD C:/ST/STM32CubeCLT_1.18.0/GNU-tools-for-STM32/bin/../lib/gcc/arm-none-eabi/13.3.1/../../../../arm-none-eabi/lib/thumb/v7e-m+fp/hard\libc_nano.a
END GROUP
LOAD C:/ST/STM32CubeCLT_1.18.0/GNU-tools-for-STM32/bin/../lib/gcc/arm-none-eabi/13.3.1/thumb/v7e-m+fp/hard/crtend.o
LOAD C:/ST/STM32CubeCLT_1.18.0/GNU-tools-for-STM32/bin/../lib/gcc/arm-none-eabi/13.3.1/thumb/v7e-m+fp/hard/crtn.o
                0x20050000                        _estack = (ORIGIN (RAM) + LENGTH (RAM))
                0x00000200                        _Min_Heap_Size = 0x200
                0x00000400                        _Min_Stack_Size = 0x400

.isr_vector     0x08000000      0x1c8
                0x08000000                        . = ALIGN (0x4)
 *(.isr_vector)
 .isr_vector    0x08000000      0x1c8 CMakeFiles/dip-vs.dir/startup_stm32f746xx.s.obj
                0x08000000                g_pfnVectors
                0x080001c8                        . = ALIGN (0x4)

.text           0x080001d0     0xb088
                0x080001d0                        . = ALIGN (0x4)
 *(.text)
 .text          0x080001d0       0x40 C:/ST/STM32CubeCLT_1.18.0/GNU-tools-for-STM32/bin/../lib/gcc/arm-none-eabi/13.3.1/thumb/v7e-m+fp/hard/crtbegin.o
 .text          0x08000210       0x30 C:/ST/STM32CubeCLT_1.18.0/GNU-tools-for-STM32/bin/../lib/gcc/arm-none-eabi/13.3.1/thumb/v7e-m+fp/hard\libgcc.a(_aeabi_uldivmod.o)
                0x08000210                __aeabi_uldivmod
 .text          0x08000240      0x2f8 C:/ST/STM32CubeCLT_1.18.0/GNU-tools-for-STM32/bin/../lib/gcc/arm-none-eabi/13.3.1/thumb/v7e-m+fp/hard\libgcc.a(_udivmoddi4.o)
                0x08000240                __udivmoddi4
 .text          0x08000538        0x4 C:/ST/STM32CubeCLT_1.18.0/GNU-tools-for-STM32/bin/../lib/gcc/arm-none-eabi/13.3.1/thumb/v7e-m+fp/hard\libgcc.a(_dvmd_tls.o)
                0x08000538                __aeabi_idiv0
                0x08000538                __aeabi_ldiv0
 *fill*         0x0800053c        0x4 
 .text          0x08000540       0xa0 C:/ST/STM32CubeCLT_1.18.0/GNU-tools-for-STM32/bin/../lib/gcc/arm-none-eabi/13.3.1/../../../../arm-none-eabi/lib/thumb/v7e-m+fp/hard\libg_nano.a(libc_a-memchr.o)
                0x08000540                memchr
 *(.text*)
 .text.std      0x080005e0       0x6c C:/ST/STM32CubeCLT_1.18.0/GNU-tools-for-STM32/bin/../lib/gcc/arm-none-eabi/13.3.1/../../../../arm-none-eabi/lib/thumb/v7e-m+fp/hard\libc_nano.a(libc_a-findfp.o)
 .text.stdio_exit_handler
                0x0800064c       0x18 C:/ST/STM32CubeCLT_1.18.0/GNU-tools-for-STM32/bin/../lib/gcc/arm-none-eabi/13.3.1/../../../../arm-none-eabi/lib/thumb/v7e-m+fp/hard\libc_nano.a(libc_a-findfp.o)
 .text.cleanup_stdio
                0x08000664       0x40 C:/ST/STM32CubeCLT_1.18.0/GNU-tools-for-STM32/bin/../lib/gcc/arm-none-eabi/13.3.1/../../../../arm-none-eabi/lib/thumb/v7e-m+fp/hard\libc_nano.a(libc_a-findfp.o)
 .text.global_stdio_init.part.0
                0x080006a4       0x3c C:/ST/STM32CubeCLT_1.18.0/GNU-tools-for-STM32/bin/../lib/gcc/arm-none-eabi/13.3.1/../../../../arm-none-eabi/lib/thumb/v7e-m+fp/hard\libc_nano.a(libc_a-findfp.o)
 .text.__sfp_lock_acquire
                0x080006e0        0xc C:/ST/STM32CubeCLT_1.18.0/GNU-tools-for-STM32/bin/../lib/gcc/arm-none-eabi/13.3.1/../../../../arm-none-eabi/lib/thumb/v7e-m+fp/hard\libc_nano.a(libc_a-findfp.o)
                0x080006e0                __sfp_lock_acquire
 .text.__sfp_lock_release
                0x080006ec        0xc C:/ST/STM32CubeCLT_1.18.0/GNU-tools-for-STM32/bin/../lib/gcc/arm-none-eabi/13.3.1/../../../../arm-none-eabi/lib/thumb/v7e-m+fp/hard\libc_nano.a(libc_a-findfp.o)
                0x080006ec                __sfp_lock_release
 .text.__sinit  0x080006f8       0x30 C:/ST/STM32CubeCLT_1.18.0/GNU-tools-for-STM32/bin/../lib/gcc/arm-none-eabi/13.3.1/../../../../arm-none-eabi/lib/thumb/v7e-m+fp/hard\libc_nano.a(libc_a-findfp.o)
                0x080006f8                __sinit
 .text._fwalk_sglue
                0x08000728       0x3c C:/ST/STM32CubeCLT_1.18.0/GNU-tools-for-STM32/bin/../lib/gcc/arm-none-eabi/13.3.1/../../../../arm-none-eabi/lib/thumb/v7e-m+fp/hard\libc_nano.a(libc_a-fwalk.o)
                0x08000728                _fwalk_sglue
 .text.__sread  0x08000764       0x22 C:/ST/STM32CubeCLT_1.18.0/GNU-tools-for-STM32/bin/../lib/gcc/arm-none-eabi/13.3.1/../../../../arm-none-eabi/lib/thumb/v7e-m+fp/hard\libc_nano.a(libc_a-stdio.o)
                0x08000764                __sread
 .text.__swrite
                0x08000786       0x38 C:/ST/STM32CubeCLT_1.18.0/GNU-tools-for-STM32/bin/../lib/gcc/arm-none-eabi/13.3.1/../../../../arm-none-eabi/lib/thumb/v7e-m+fp/hard\libc_nano.a(libc_a-stdio.o)
                0x08000786                __swrite
 .text.__sseek  0x080007be       0x24 C:/ST/STM32CubeCLT_1.18.0/GNU-tools-for-STM32/bin/../lib/gcc/arm-none-eabi/13.3.1/../../../../arm-none-eabi/lib/thumb/v7e-m+fp/hard\libc_nano.a(libc_a-stdio.o)
                0x080007be                __sseek
 .text.__sclose
                0x080007e2        0x8 C:/ST/STM32CubeCLT_1.18.0/GNU-tools-for-STM32/bin/../lib/gcc/arm-none-eabi/13.3.1/../../../../arm-none-eabi/lib/thumb/v7e-m+fp/hard\libc_nano.a(libc_a-stdio.o)
                0x080007e2                __sclose
 .text.memset   0x080007ea       0x10 C:/ST/STM32CubeCLT_1.18.0/GNU-tools-for-STM32/bin/../lib/gcc/arm-none-eabi/13.3.1/../../../../arm-none-eabi/lib/thumb/v7e-m+fp/hard\libc_nano.a(libc_a-memset.o)
                0x080007ea                memset
 *fill*         0x080007fa        0x2 
 .text._close_r
                0x080007fc       0x20 C:/ST/STM32CubeCLT_1.18.0/GNU-tools-for-STM32/bin/../lib/gcc/arm-none-eabi/13.3.1/../../../../arm-none-eabi/lib/thumb/v7e-m+fp/hard\libc_nano.a(libc_a-closer.o)
                0x080007fc                _close_r
 .text._lseek_r
                0x0800081c       0x24 C:/ST/STM32CubeCLT_1.18.0/GNU-tools-for-STM32/bin/../lib/gcc/arm-none-eabi/13.3.1/../../../../arm-none-eabi/lib/thumb/v7e-m+fp/hard\libc_nano.a(libc_a-lseekr.o)
                0x0800081c                _lseek_r
 .text._read_r  0x08000840       0x24 C:/ST/STM32CubeCLT_1.18.0/GNU-tools-for-STM32/bin/../lib/gcc/arm-none-eabi/13.3.1/../../../../arm-none-eabi/lib/thumb/v7e-m+fp/hard\libc_nano.a(libc_a-readr.o)
                0x08000840                _read_r
 .text._write_r
                0x08000864       0x24 C:/ST/STM32CubeCLT_1.18.0/GNU-tools-for-STM32/bin/../lib/gcc/arm-none-eabi/13.3.1/../../../../arm-none-eabi/lib/thumb/v7e-m+fp/hard\libc_nano.a(libc_a-writer.o)
                0x08000864                _write_r
 .text.__libc_init_array
                0x08000888       0x48 C:/ST/STM32CubeCLT_1.18.0/GNU-tools-for-STM32/bin/../lib/gcc/arm-none-eabi/13.3.1/../../../../arm-none-eabi/lib/thumb/v7e-m+fp/hard\libc_nano.a(libc_a-init.o)
                0x08000888                __libc_init_array
 .text.__retarget_lock_init_recursive
                0x080008d0        0x2 C:/ST/STM32CubeCLT_1.18.0/GNU-tools-for-STM32/bin/../lib/gcc/arm-none-eabi/13.3.1/../../../../arm-none-eabi/lib/thumb/v7e-m+fp/hard\libc_nano.a(libc_a-lock.o)
                0x080008d0                __retarget_lock_init_recursive
 .text.__retarget_lock_acquire_recursive
                0x080008d2        0x2 C:/ST/STM32CubeCLT_1.18.0/GNU-tools-for-STM32/bin/../lib/gcc/arm-none-eabi/13.3.1/../../../../arm-none-eabi/lib/thumb/v7e-m+fp/hard\libc_nano.a(libc_a-lock.o)
                0x080008d2                __retarget_lock_acquire_recursive
 .text.__retarget_lock_release_recursive
                0x080008d4        0x2 C:/ST/STM32CubeCLT_1.18.0/GNU-tools-for-STM32/bin/../lib/gcc/arm-none-eabi/13.3.1/../../../../arm-none-eabi/lib/thumb/v7e-m+fp/hard\libc_nano.a(libc_a-lock.o)
                0x080008d4                __retarget_lock_release_recursive
 *fill*         0x080008d6        0x2 
 .text._free_r  0x080008d8       0x94 C:/ST/STM32CubeCLT_1.18.0/GNU-tools-for-STM32/bin/../lib/gcc/arm-none-eabi/13.3.1/../../../../arm-none-eabi/lib/thumb/v7e-m+fp/hard\libc_nano.a(libc_a-freer.o)
                0x080008d8                _free_r
 .text.sbrk_aligned
                0x0800096c       0x44 C:/ST/STM32CubeCLT_1.18.0/GNU-tools-for-STM32/bin/../lib/gcc/arm-none-eabi/13.3.1/../../../../arm-none-eabi/lib/thumb/v7e-m+fp/hard\libc_nano.a(libc_a-mallocr.o)
 .text._malloc_r
                0x080009b0      0x100 C:/ST/STM32CubeCLT_1.18.0/GNU-tools-for-STM32/bin/../lib/gcc/arm-none-eabi/13.3.1/../../../../arm-none-eabi/lib/thumb/v7e-m+fp/hard\libc_nano.a(libc_a-mallocr.o)
                0x080009b0                _malloc_r
 .text.__malloc_lock
                0x08000ab0        0xc C:/ST/STM32CubeCLT_1.18.0/GNU-tools-for-STM32/bin/../lib/gcc/arm-none-eabi/13.3.1/../../../../arm-none-eabi/lib/thumb/v7e-m+fp/hard\libc_nano.a(libc_a-mlock.o)
                0x08000ab0                __malloc_lock
 .text.__malloc_unlock
                0x08000abc        0xc C:/ST/STM32CubeCLT_1.18.0/GNU-tools-for-STM32/bin/../lib/gcc/arm-none-eabi/13.3.1/../../../../arm-none-eabi/lib/thumb/v7e-m+fp/hard\libc_nano.a(libc_a-mlock.o)
                0x08000abc                __malloc_unlock
 .text.__sflush_r
                0x08000ac8      0x108 C:/ST/STM32CubeCLT_1.18.0/GNU-tools-for-STM32/bin/../lib/gcc/arm-none-eabi/13.3.1/../../../../arm-none-eabi/lib/thumb/v7e-m+fp/hard\libc_nano.a(libc_a-fflush.o)
                0x08000ac8                __sflush_r
 .text._fflush_r
                0x08000bd0       0x50 C:/ST/STM32CubeCLT_1.18.0/GNU-tools-for-STM32/bin/../lib/gcc/arm-none-eabi/13.3.1/../../../../arm-none-eabi/lib/thumb/v7e-m+fp/hard\libc_nano.a(libc_a-fflush.o)
                0x08000bd0                _fflush_r
 .text._sbrk_r  0x08000c20       0x20 C:/ST/STM32CubeCLT_1.18.0/GNU-tools-for-STM32/bin/../lib/gcc/arm-none-eabi/13.3.1/../../../../arm-none-eabi/lib/thumb/v7e-m+fp/hard\libc_nano.a(libc_a-sbrkr.o)
                0x08000c20                _sbrk_r
 .text.SystemInit
                0x08000c40       0x24 cmake/stm32cubemx/CMakeFiles/STM32_Drivers.dir/__/__/Core/Src/system_stm32f7xx.c.obj
                0x08000c40                SystemInit
 .text.__NVIC_SetPriorityGrouping
                0x08000c64       0x48 cmake/stm32cubemx/CMakeFiles/STM32_Drivers.dir/__/__/Drivers/STM32F7xx_HAL_Driver/Src/stm32f7xx_hal_cortex.c.obj
 .text.__NVIC_GetPriorityGrouping
                0x08000cac       0x1c cmake/stm32cubemx/CMakeFiles/STM32_Drivers.dir/__/__/Drivers/STM32F7xx_HAL_Driver/Src/stm32f7xx_hal_cortex.c.obj
 .text.__NVIC_EnableIRQ
                0x08000cc8       0x3c cmake/stm32cubemx/CMakeFiles/STM32_Drivers.dir/__/__/Drivers/STM32F7xx_HAL_Driver/Src/stm32f7xx_hal_cortex.c.obj
 .text.__NVIC_SetPriority
                0x08000d04       0x54 cmake/stm32cubemx/CMakeFiles/STM32_Drivers.dir/__/__/Drivers/STM32F7xx_HAL_Driver/Src/stm32f7xx_hal_cortex.c.obj
 .text.NVIC_EncodePriority
                0x08000d58       0x66 cmake/stm32cubemx/CMakeFiles/STM32_Drivers.dir/__/__/Drivers/STM32F7xx_HAL_Driver/Src/stm32f7xx_hal_cortex.c.obj
 *fill*         0x08000dbe        0x2 
 .text.SysTick_Config
                0x08000dc0       0x44 cmake/stm32cubemx/CMakeFiles/STM32_Drivers.dir/__/__/Drivers/STM32F7xx_HAL_Driver/Src/stm32f7xx_hal_cortex.c.obj
 .text.HAL_NVIC_SetPriorityGrouping
                0x08000e04       0x16 cmake/stm32cubemx/CMakeFiles/STM32_Drivers.dir/__/__/Drivers/STM32F7xx_HAL_Driver/Src/stm32f7xx_hal_cortex.c.obj
                0x08000e04                HAL_NVIC_SetPriorityGrouping
 .text.HAL_NVIC_SetPriority
                0x08000e1a       0x38 cmake/stm32cubemx/CMakeFiles/STM32_Drivers.dir/__/__/Drivers/STM32F7xx_HAL_Driver/Src/stm32f7xx_hal_cortex.c.obj
                0x08000e1a                HAL_NVIC_SetPriority
 .text.HAL_NVIC_EnableIRQ
                0x08000e52       0x1c cmake/stm32cubemx/CMakeFiles/STM32_Drivers.dir/__/__/Drivers/STM32F7xx_HAL_Driver/Src/stm32f7xx_hal_cortex.c.obj
                0x08000e52                HAL_NVIC_EnableIRQ
 .text.HAL_SYSTICK_Config
                0x08000e6e       0x18 cmake/stm32cubemx/CMakeFiles/STM32_Drivers.dir/__/__/Drivers/STM32F7xx_HAL_Driver/Src/stm32f7xx_hal_cortex.c.obj
                0x08000e6e                HAL_SYSTICK_Config
 *fill*         0x08000e86        0x2 
 .text.HAL_MPU_Disable
                0x08000e88       0x30 cmake/stm32cubemx/CMakeFiles/STM32_Drivers.dir/__/__/Drivers/STM32F7xx_HAL_Driver/Src/stm32f7xx_hal_cortex.c.obj
                0x08000e88                HAL_MPU_Disable
 .text.HAL_MPU_Enable
                0x08000eb8       0x40 cmake/stm32cubemx/CMakeFiles/STM32_Drivers.dir/__/__/Drivers/STM32F7xx_HAL_Driver/Src/stm32f7xx_hal_cortex.c.obj
                0x08000eb8                HAL_MPU_Enable
 .text.HAL_MPU_ConfigRegion
                0x08000ef8       0x80 cmake/stm32cubemx/CMakeFiles/STM32_Drivers.dir/__/__/Drivers/STM32F7xx_HAL_Driver/Src/stm32f7xx_hal_cortex.c.obj
                0x08000ef8                HAL_MPU_ConfigRegion
 .text.HAL_DCMI_Init
                0x08000f78       0xf4 cmake/stm32cubemx/CMakeFiles/STM32_Drivers.dir/__/__/Drivers/STM32F7xx_HAL_Driver/Src/stm32f7xx_hal_dcmi.c.obj
                0x08000f78                HAL_DCMI_Init
 .text.HAL_DCMI_Start_DMA
                0x0800106c      0x188 cmake/stm32cubemx/CMakeFiles/STM32_Drivers.dir/__/__/Drivers/STM32F7xx_HAL_Driver/Src/stm32f7xx_hal_dcmi.c.obj
                0x0800106c                HAL_DCMI_Start_DMA
 .text.HAL_DCMI_Stop
                0x080011f4       0xc0 cmake/stm32cubemx/CMakeFiles/STM32_Drivers.dir/__/__/Drivers/STM32F7xx_HAL_Driver/Src/stm32f7xx_hal_dcmi.c.obj
                0x080011f4                HAL_DCMI_Stop
 .text.HAL_DCMI_IRQHandler
                0x080012b4      0x124 cmake/stm32cubemx/CMakeFiles/STM32_Drivers.dir/__/__/Drivers/STM32F7xx_HAL_Driver/Src/stm32f7xx_hal_dcmi.c.obj
                0x080012b4                HAL_DCMI_IRQHandler
 .text.HAL_DCMI_ErrorCallback
                0x080013d8       0x14 cmake/stm32cubemx/CMakeFiles/STM32_Drivers.dir/__/__/Drivers/STM32F7xx_HAL_Driver/Src/stm32f7xx_hal_dcmi.c.obj
                0x080013d8                HAL_DCMI_ErrorCallback
 .text.HAL_DCMI_LineEventCallback
                0x080013ec       0x14 cmake/stm32cubemx/CMakeFiles/STM32_Drivers.dir/__/__/Drivers/STM32F7xx_HAL_Driver/Src/stm32f7xx_hal_dcmi.c.obj
                0x080013ec                HAL_DCMI_LineEventCallback
 .text.HAL_DCMI_VsyncEventCallback
                0x08001400       0x14 cmake/stm32cubemx/CMakeFiles/STM32_Drivers.dir/__/__/Drivers/STM32F7xx_HAL_Driver/Src/stm32f7xx_hal_dcmi.c.obj
                0x08001400                HAL_DCMI_VsyncEventCallback
 .text.HAL_DCMI_FrameEventCallback
                0x08001414       0x14 cmake/stm32cubemx/CMakeFiles/STM32_Drivers.dir/__/__/Drivers/STM32F7xx_HAL_Driver/Src/stm32f7xx_hal_dcmi.c.obj
                0x08001414                HAL_DCMI_FrameEventCallback
 .text.HAL_DCMI_DisableCrop
                0x08001428       0x54 cmake/stm32cubemx/CMakeFiles/STM32_Drivers.dir/__/__/Drivers/STM32F7xx_HAL_Driver/Src/stm32f7xx_hal_dcmi.c.obj
                0x08001428                HAL_DCMI_DisableCrop
 .text.DCMI_DMAXferCplt
                0x0800147c      0x126 cmake/stm32cubemx/CMakeFiles/STM32_Drivers.dir/__/__/Drivers/STM32F7xx_HAL_Driver/Src/stm32f7xx_hal_dcmi.c.obj
 .text.DCMI_DMAError
                0x080015a2       0x3a cmake/stm32cubemx/CMakeFiles/STM32_Drivers.dir/__/__/Drivers/STM32F7xx_HAL_Driver/Src/stm32f7xx_hal_dcmi.c.obj
 .text.HAL_RCC_OscConfig
                0x080015dc      0x548 cmake/stm32cubemx/CMakeFiles/STM32_Drivers.dir/__/__/Drivers/STM32F7xx_HAL_Driver/Src/stm32f7xx_hal_rcc.c.obj
                0x080015dc                HAL_RCC_OscConfig
 .text.HAL_RCC_ClockConfig
                0x08001b24      0x1d8 cmake/stm32cubemx/CMakeFiles/STM32_Drivers.dir/__/__/Drivers/STM32F7xx_HAL_Driver/Src/stm32f7xx_hal_rcc.c.obj
                0x08001b24                HAL_RCC_ClockConfig
 .text.HAL_RCC_GetSysClockFreq
                0x08001cfc      0x18c cmake/stm32cubemx/CMakeFiles/STM32_Drivers.dir/__/__/Drivers/STM32F7xx_HAL_Driver/Src/stm32f7xx_hal_rcc.c.obj
                0x08001cfc                HAL_RCC_GetSysClockFreq
 .text.HAL_RCC_GetHCLKFreq
                0x08001e88       0x18 cmake/stm32cubemx/CMakeFiles/STM32_Drivers.dir/__/__/Drivers/STM32F7xx_HAL_Driver/Src/stm32f7xx_hal_rcc.c.obj
                0x08001e88                HAL_RCC_GetHCLKFreq
 .text.HAL_RCC_GetPCLK1Freq
                0x08001ea0       0x28 cmake/stm32cubemx/CMakeFiles/STM32_Drivers.dir/__/__/Drivers/STM32F7xx_HAL_Driver/Src/stm32f7xx_hal_rcc.c.obj
                0x08001ea0                HAL_RCC_GetPCLK1Freq
 .text.HAL_RCC_GetPCLK2Freq
                0x08001ec8       0x28 cmake/stm32cubemx/CMakeFiles/STM32_Drivers.dir/__/__/Drivers/STM32F7xx_HAL_Driver/Src/stm32f7xx_hal_rcc.c.obj
                0x08001ec8                HAL_RCC_GetPCLK2Freq
 .text.HAL_RCCEx_PeriphCLKConfig
                0x08001ef0      0x7e0 cmake/stm32cubemx/CMakeFiles/STM32_Drivers.dir/__/__/Drivers/STM32F7xx_HAL_Driver/Src/stm32f7xx_hal_rcc_ex.c.obj
                0x08001ef0                HAL_RCCEx_PeriphCLKConfig
 .text.HAL_GPIO_Init
                0x080026d0      0x358 cmake/stm32cubemx/CMakeFiles/STM32_Drivers.dir/__/__/Drivers/STM32F7xx_HAL_Driver/Src/stm32f7xx_hal_gpio.c.obj
                0x080026d0                HAL_GPIO_Init
 .text.HAL_GPIO_DeInit
                0x08002a28      0x218 cmake/stm32cubemx/CMakeFiles/STM32_Drivers.dir/__/__/Drivers/STM32F7xx_HAL_Driver/Src/stm32f7xx_hal_gpio.c.obj
                0x08002a28                HAL_GPIO_DeInit
 .text.HAL_GPIO_WritePin
                0x08002c40       0x32 cmake/stm32cubemx/CMakeFiles/STM32_Drivers.dir/__/__/Drivers/STM32F7xx_HAL_Driver/Src/stm32f7xx_hal_gpio.c.obj
                0x08002c40                HAL_GPIO_WritePin
 *fill*         0x08002c72        0x2 
 .text.HAL_DMA_Init
                0x08002c74      0x15c cmake/stm32cubemx/CMakeFiles/STM32_Drivers.dir/__/__/Drivers/STM32F7xx_HAL_Driver/Src/stm32f7xx_hal_dma.c.obj
                0x08002c74                HAL_DMA_Init
 .text.HAL_DMA_Start_IT
                0x08002dd0       0xc0 cmake/stm32cubemx/CMakeFiles/STM32_Drivers.dir/__/__/Drivers/STM32F7xx_HAL_Driver/Src/stm32f7xx_hal_dma.c.obj
                0x08002dd0                HAL_DMA_Start_IT
 .text.HAL_DMA_Abort
                0x08002e90       0xe0 cmake/stm32cubemx/CMakeFiles/STM32_Drivers.dir/__/__/Drivers/STM32F7xx_HAL_Driver/Src/stm32f7xx_hal_dma.c.obj
                0x08002e90                HAL_DMA_Abort
 .text.HAL_DMA_Abort_IT
                0x08002f70       0x44 cmake/stm32cubemx/CMakeFiles/STM32_Drivers.dir/__/__/Drivers/STM32F7xx_HAL_Driver/Src/stm32f7xx_hal_dma.c.obj
                0x08002f70                HAL_DMA_Abort_IT
 .text.HAL_DMA_IRQHandler
                0x08002fb4      0x314 cmake/stm32cubemx/CMakeFiles/STM32_Drivers.dir/__/__/Drivers/STM32F7xx_HAL_Driver/Src/stm32f7xx_hal_dma.c.obj
                0x08002fb4                HAL_DMA_IRQHandler
 .text.DMA_SetConfig
                0x080032c8       0x5c cmake/stm32cubemx/CMakeFiles/STM32_Drivers.dir/__/__/Drivers/STM32F7xx_HAL_Driver/Src/stm32f7xx_hal_dma.c.obj
 .text.DMA_CalcBaseAndBitshift
                0x08003324       0x6c cmake/stm32cubemx/CMakeFiles/STM32_Drivers.dir/__/__/Drivers/STM32F7xx_HAL_Driver/Src/stm32f7xx_hal_dma.c.obj
 .text.DMA_CheckFifoParam
                0x08003390       0xf8 cmake/stm32cubemx/CMakeFiles/STM32_Drivers.dir/__/__/Drivers/STM32F7xx_HAL_Driver/Src/stm32f7xx_hal_dma.c.obj
 .text.HAL_DMAEx_MultiBufferStart_IT
                0x08003488     0x126c cmake/stm32cubemx/CMakeFiles/STM32_Drivers.dir/__/__/Drivers/STM32F7xx_HAL_Driver/Src/stm32f7xx_hal_dma_ex.c.obj
                0x08003488                HAL_DMAEx_MultiBufferStart_IT
 .text.HAL_DMAEx_ChangeMemory
                0x080046f4       0x34 cmake/stm32cubemx/CMakeFiles/STM32_Drivers.dir/__/__/Drivers/STM32F7xx_HAL_Driver/Src/stm32f7xx_hal_dma_ex.c.obj
                0x080046f4                HAL_DMAEx_ChangeMemory
 .text.DMA_MultiBufferSetConfig
                0x08004728       0x4c cmake/stm32cubemx/CMakeFiles/STM32_Drivers.dir/__/__/Drivers/STM32F7xx_HAL_Driver/Src/stm32f7xx_hal_dma_ex.c.obj
 .text.HAL_PWR_EnableBkUpAccess
                0x08004774       0x20 cmake/stm32cubemx/CMakeFiles/STM32_Drivers.dir/__/__/Drivers/STM32F7xx_HAL_Driver/Src/stm32f7xx_hal_pwr.c.obj
                0x08004774                HAL_PWR_EnableBkUpAccess
 .text.HAL_PWREx_EnableOverDrive
                0x08004794       0xa0 cmake/stm32cubemx/CMakeFiles/STM32_Drivers.dir/__/__/Drivers/STM32F7xx_HAL_Driver/Src/stm32f7xx_hal_pwr_ex.c.obj
                0x08004794                HAL_PWREx_EnableOverDrive
 .text.HAL_Init
                0x08004834       0x1a cmake/stm32cubemx/CMakeFiles/STM32_Drivers.dir/__/__/Drivers/STM32F7xx_HAL_Driver/Src/stm32f7xx_hal.c.obj
                0x08004834                HAL_Init
 *fill*         0x0800484e        0x2 
 .text.HAL_InitTick
                0x08004850       0x60 cmake/stm32cubemx/CMakeFiles/STM32_Drivers.dir/__/__/Drivers/STM32F7xx_HAL_Driver/Src/stm32f7xx_hal.c.obj
                0x08004850                HAL_InitTick
 .text.HAL_IncTick
                0x080048b0       0x28 cmake/stm32cubemx/CMakeFiles/STM32_Drivers.dir/__/__/Drivers/STM32F7xx_HAL_Driver/Src/stm32f7xx_hal.c.obj
                0x080048b0                HAL_IncTick
 .text.HAL_GetTick
                0x080048d8       0x18 cmake/stm32cubemx/CMakeFiles/STM32_Drivers.dir/__/__/Drivers/STM32F7xx_HAL_Driver/Src/stm32f7xx_hal.c.obj
                0x080048d8                HAL_GetTick
 .text.HAL_Delay
                0x080048f0       0x48 cmake/stm32cubemx/CMakeFiles/STM32_Drivers.dir/__/__/Drivers/STM32F7xx_HAL_Driver/Src/stm32f7xx_hal.c.obj
                0x080048f0                HAL_Delay
 .text.HAL_I2C_Init
                0x08004938      0x138 cmake/stm32cubemx/CMakeFiles/STM32_Drivers.dir/__/__/Drivers/STM32F7xx_HAL_Driver/Src/stm32f7xx_hal_i2c.c.obj
                0x08004938                HAL_I2C_Init
 .text.HAL_I2C_DeInit
                0x08004a70       0x5e cmake/stm32cubemx/CMakeFiles/STM32_Drivers.dir/__/__/Drivers/STM32F7xx_HAL_Driver/Src/stm32f7xx_hal_i2c.c.obj
                0x08004a70                HAL_I2C_DeInit
 *fill*         0x08004ace        0x2 
 .text.HAL_I2C_Mem_Write
                0x08004ad0      0x228 cmake/stm32cubemx/CMakeFiles/STM32_Drivers.dir/__/__/Drivers/STM32F7xx_HAL_Driver/Src/stm32f7xx_hal_i2c.c.obj
                0x08004ad0                HAL_I2C_Mem_Write
 .text.HAL_I2C_Mem_Read
                0x08004cf8      0x234 cmake/stm32cubemx/CMakeFiles/STM32_Drivers.dir/__/__/Drivers/STM32F7xx_HAL_Driver/Src/stm32f7xx_hal_i2c.c.obj
                0x08004cf8                HAL_I2C_Mem_Read
 .text.HAL_I2C_GetState
                0x08004f2c       0x1c cmake/stm32cubemx/CMakeFiles/STM32_Drivers.dir/__/__/Drivers/STM32F7xx_HAL_Driver/Src/stm32f7xx_hal_i2c.c.obj
                0x08004f2c                HAL_I2C_GetState
 .text.I2C_RequestMemoryWrite
                0x08004f48       0xa8 cmake/stm32cubemx/CMakeFiles/STM32_Drivers.dir/__/__/Drivers/STM32F7xx_HAL_Driver/Src/stm32f7xx_hal_i2c.c.obj
 .text.I2C_RequestMemoryRead
                0x08004ff0       0xa8 cmake/stm32cubemx/CMakeFiles/STM32_Drivers.dir/__/__/Drivers/STM32F7xx_HAL_Driver/Src/stm32f7xx_hal_i2c.c.obj
 .text.I2C_Flush_TXDR
                0x08005098       0x48 cmake/stm32cubemx/CMakeFiles/STM32_Drivers.dir/__/__/Drivers/STM32F7xx_HAL_Driver/Src/stm32f7xx_hal_i2c.c.obj
 .text.I2C_WaitOnFlagUntilTimeout
                0x080050e0       0xb2 cmake/stm32cubemx/CMakeFiles/STM32_Drivers.dir/__/__/Drivers/STM32F7xx_HAL_Driver/Src/stm32f7xx_hal_i2c.c.obj
 .text.I2C_WaitOnTXISFlagUntilTimeout
                0x08005192       0x8e cmake/stm32cubemx/CMakeFiles/STM32_Drivers.dir/__/__/Drivers/STM32F7xx_HAL_Driver/Src/stm32f7xx_hal_i2c.c.obj
 .text.I2C_WaitOnSTOPFlagUntilTimeout
                0x08005220       0x86 cmake/stm32cubemx/CMakeFiles/STM32_Drivers.dir/__/__/Drivers/STM32F7xx_HAL_Driver/Src/stm32f7xx_hal_i2c.c.obj
 *fill*         0x080052a6        0x2 
 .text.I2C_IsErrorOccurred
                0x080052a8      0x1c0 cmake/stm32cubemx/CMakeFiles/STM32_Drivers.dir/__/__/Drivers/STM32F7xx_HAL_Driver/Src/stm32f7xx_hal_i2c.c.obj
 .text.I2C_TransferConfig
                0x08005468       0x64 cmake/stm32cubemx/CMakeFiles/STM32_Drivers.dir/__/__/Drivers/STM32F7xx_HAL_Driver/Src/stm32f7xx_hal_i2c.c.obj
 .text.HAL_I2CEx_ConfigAnalogFilter
                0x080054cc       0x96 cmake/stm32cubemx/CMakeFiles/STM32_Drivers.dir/__/__/Drivers/STM32F7xx_HAL_Driver/Src/stm32f7xx_hal_i2c_ex.c.obj
                0x080054cc                HAL_I2CEx_ConfigAnalogFilter
 .text.HAL_I2CEx_ConfigDigitalFilter
                0x08005562       0x98 cmake/stm32cubemx/CMakeFiles/STM32_Drivers.dir/__/__/Drivers/STM32F7xx_HAL_Driver/Src/stm32f7xx_hal_i2c_ex.c.obj
                0x08005562                HAL_I2CEx_ConfigDigitalFilter
 *fill*         0x080055fa        0x2 
 .text.HAL_DMA2D_Init
                0x080055fc       0x94 cmake/stm32cubemx/CMakeFiles/STM32_Drivers.dir/__/__/Drivers/STM32F7xx_HAL_Driver/Src/stm32f7xx_hal_dma2d.c.obj
                0x080055fc                HAL_DMA2D_Init
 .text.HAL_DMA2D_IRQHandler
                0x08005690      0x1f8 cmake/stm32cubemx/CMakeFiles/STM32_Drivers.dir/__/__/Drivers/STM32F7xx_HAL_Driver/Src/stm32f7xx_hal_dma2d.c.obj
                0x08005690                HAL_DMA2D_IRQHandler
 .text.HAL_DMA2D_LineEventCallback
                0x08005888       0x14 cmake/stm32cubemx/CMakeFiles/STM32_Drivers.dir/__/__/Drivers/STM32F7xx_HAL_Driver/Src/stm32f7xx_hal_dma2d.c.obj
                0x08005888                HAL_DMA2D_LineEventCallback
 .text.HAL_DMA2D_CLUTLoadingCpltCallback
                0x0800589c       0x14 cmake/stm32cubemx/CMakeFiles/STM32_Drivers.dir/__/__/Drivers/STM32F7xx_HAL_Driver/Src/stm32f7xx_hal_dma2d.c.obj
                0x0800589c                HAL_DMA2D_CLUTLoadingCpltCallback
 .text.HAL_DMA2D_ConfigLayer
                0x080058b0      0x124 cmake/stm32cubemx/CMakeFiles/STM32_Drivers.dir/__/__/Drivers/STM32F7xx_HAL_Driver/Src/stm32f7xx_hal_dma2d.c.obj
                0x080058b0                HAL_DMA2D_ConfigLayer
 .text.FMC_SDRAM_Init
                0x080059d4       0xb8 cmake/stm32cubemx/CMakeFiles/STM32_Drivers.dir/__/__/Drivers/STM32F7xx_HAL_Driver/Src/stm32f7xx_ll_fmc.c.obj
                0x080059d4                FMC_SDRAM_Init
 .text.FMC_SDRAM_Timing_Init
                0x08005a8c       0xd4 cmake/stm32cubemx/CMakeFiles/STM32_Drivers.dir/__/__/Drivers/STM32F7xx_HAL_Driver/Src/stm32f7xx_ll_fmc.c.obj
                0x08005a8c                FMC_SDRAM_Timing_Init
 .text.FMC_SDRAM_SendCommand
                0x08005b60       0x48 cmake/stm32cubemx/CMakeFiles/STM32_Drivers.dir/__/__/Drivers/STM32F7xx_HAL_Driver/Src/stm32f7xx_ll_fmc.c.obj
                0x08005b60                FMC_SDRAM_SendCommand
 .text.FMC_SDRAM_ProgramRefreshRate
                0x08005ba8       0x30 cmake/stm32cubemx/CMakeFiles/STM32_Drivers.dir/__/__/Drivers/STM32F7xx_HAL_Driver/Src/stm32f7xx_ll_fmc.c.obj
                0x08005ba8                FMC_SDRAM_ProgramRefreshRate
 .text.HAL_SDRAM_Init
                0x08005bd8       0x68 cmake/stm32cubemx/CMakeFiles/STM32_Drivers.dir/__/__/Drivers/STM32F7xx_HAL_Driver/Src/stm32f7xx_hal_sdram.c.obj
                0x08005bd8                HAL_SDRAM_Init
 .text.HAL_SDRAM_SendCommand
                0x08005c40       0x6a cmake/stm32cubemx/CMakeFiles/STM32_Drivers.dir/__/__/Drivers/STM32F7xx_HAL_Driver/Src/stm32f7xx_hal_sdram.c.obj
                0x08005c40                HAL_SDRAM_SendCommand
 .text.HAL_SDRAM_ProgramRefreshRate
                0x08005caa       0x50 cmake/stm32cubemx/CMakeFiles/STM32_Drivers.dir/__/__/Drivers/STM32F7xx_HAL_Driver/Src/stm32f7xx_hal_sdram.c.obj
                0x08005caa                HAL_SDRAM_ProgramRefreshRate
 *fill*         0x08005cfa        0x2 
 .text.HAL_LTDC_Init
                0x08005cfc      0x1a0 cmake/stm32cubemx/CMakeFiles/STM32_Drivers.dir/__/__/Drivers/STM32F7xx_HAL_Driver/Src/stm32f7xx_hal_ltdc.c.obj
                0x08005cfc                HAL_LTDC_Init
 .text.HAL_LTDC_IRQHandler
                0x08005e9c      0x148 cmake/stm32cubemx/CMakeFiles/STM32_Drivers.dir/__/__/Drivers/STM32F7xx_HAL_Driver/Src/stm32f7xx_hal_ltdc.c.obj
                0x08005e9c                HAL_LTDC_IRQHandler
 .text.HAL_LTDC_ErrorCallback
                0x08005fe4       0x14 cmake/stm32cubemx/CMakeFiles/STM32_Drivers.dir/__/__/Drivers/STM32F7xx_HAL_Driver/Src/stm32f7xx_hal_ltdc.c.obj
                0x08005fe4                HAL_LTDC_ErrorCallback
 .text.HAL_LTDC_LineEventCallback
                0x08005ff8       0x14 cmake/stm32cubemx/CMakeFiles/STM32_Drivers.dir/__/__/Drivers/STM32F7xx_HAL_Driver/Src/stm32f7xx_hal_ltdc.c.obj
                0x08005ff8                HAL_LTDC_LineEventCallback
 .text.HAL_LTDC_ReloadEventCallback
                0x0800600c       0x14 cmake/stm32cubemx/CMakeFiles/STM32_Drivers.dir/__/__/Drivers/STM32F7xx_HAL_Driver/Src/stm32f7xx_hal_ltdc.c.obj
                0x0800600c                HAL_LTDC_ReloadEventCallback
 .text.HAL_LTDC_ConfigLayer
                0x08006020       0x7c cmake/stm32cubemx/CMakeFiles/STM32_Drivers.dir/__/__/Drivers/STM32F7xx_HAL_Driver/Src/stm32f7xx_hal_ltdc.c.obj
                0x08006020                HAL_LTDC_ConfigLayer
 .text.HAL_LTDC_SetPixelFormat
                0x0800609c       0x6c cmake/stm32cubemx/CMakeFiles/STM32_Drivers.dir/__/__/Drivers/STM32F7xx_HAL_Driver/Src/stm32f7xx_hal_ltdc.c.obj
                0x0800609c                HAL_LTDC_SetPixelFormat
 .text.HAL_LTDC_SetAddress
                0x08006108       0x6c cmake/stm32cubemx/CMakeFiles/STM32_Drivers.dir/__/__/Drivers/STM32F7xx_HAL_Driver/Src/stm32f7xx_hal_ltdc.c.obj
                0x08006108                HAL_LTDC_SetAddress
 .text.HAL_LTDC_Reload
                0x08006174       0x5e cmake/stm32cubemx/CMakeFiles/STM32_Drivers.dir/__/__/Drivers/STM32F7xx_HAL_Driver/Src/stm32f7xx_hal_ltdc.c.obj
                0x08006174                HAL_LTDC_Reload
 *fill*         0x080061d2        0x2 
 .text.LTDC_SetConfig
                0x080061d4      0x334 cmake/stm32cubemx/CMakeFiles/STM32_Drivers.dir/__/__/Drivers/STM32F7xx_HAL_Driver/Src/stm32f7xx_hal_ltdc.c.obj
 .text.HAL_UART_Init
                0x08006508       0x9c cmake/stm32cubemx/CMakeFiles/STM32_Drivers.dir/__/__/Drivers/STM32F7xx_HAL_Driver/Src/stm32f7xx_hal_uart.c.obj
                0x08006508                HAL_UART_Init
 .text.HAL_UART_Transmit
                0x080065a4      0x112 cmake/stm32cubemx/CMakeFiles/STM32_Drivers.dir/__/__/Drivers/STM32F7xx_HAL_Driver/Src/stm32f7xx_hal_uart.c.obj
                0x080065a4                HAL_UART_Transmit
 .text.HAL_UART_Receive
                0x080066b6      0x190 cmake/stm32cubemx/CMakeFiles/STM32_Drivers.dir/__/__/Drivers/STM32F7xx_HAL_Driver/Src/stm32f7xx_hal_uart.c.obj
                0x080066b6                HAL_UART_Receive
 *fill*         0x08006846        0x2 
 .text.UART_SetConfig
                0x08006848      0x4c8 cmake/stm32cubemx/CMakeFiles/STM32_Drivers.dir/__/__/Drivers/STM32F7xx_HAL_Driver/Src/stm32f7xx_hal_uart.c.obj
                0x08006848                UART_SetConfig
 .text.UART_AdvFeatureConfig
                0x08006d10      0x144 cmake/stm32cubemx/CMakeFiles/STM32_Drivers.dir/__/__/Drivers/STM32F7xx_HAL_Driver/Src/stm32f7xx_hal_uart.c.obj
                0x08006d10                UART_AdvFeatureConfig
 .text.UART_CheckIdleState
                0x08006e54       0xae cmake/stm32cubemx/CMakeFiles/STM32_Drivers.dir/__/__/Drivers/STM32F7xx_HAL_Driver/Src/stm32f7xx_hal_uart.c.obj
                0x08006e54                UART_CheckIdleState
 .text.UART_WaitOnFlagUntilTimeout
                0x08006f02       0xda cmake/stm32cubemx/CMakeFiles/STM32_Drivers.dir/__/__/Drivers/STM32F7xx_HAL_Driver/Src/stm32f7xx_hal_uart.c.obj
                0x08006f02                UART_WaitOnFlagUntilTimeout
 .text.UART_EndRxTransfer
                0x08006fdc       0xc8 cmake/stm32cubemx/CMakeFiles/STM32_Drivers.dir/__/__/Drivers/STM32F7xx_HAL_Driver/Src/stm32f7xx_hal_uart.c.obj
 .text.wrapper  0x080070a4      0x11c CMakeFiles/dip-vs.dir/Core/Src/main.c.obj
                0x080070a4                wrapper
 .text.filter2D
                0x080071c0       0x54 CMakeFiles/dip-vs.dir/Core/Src/main.c.obj
                0x080071c0                filter2D
 .text.main     0x08007214      0x1cc CMakeFiles/dip-vs.dir/Core/Src/main.c.obj
                0x08007214                main
 .text.SystemClock_Config
                0x080073e0       0xe0 CMakeFiles/dip-vs.dir/Core/Src/main.c.obj
                0x080073e0                SystemClock_Config
 .text.MX_DCMI_Init
                0x080074c0       0x68 CMakeFiles/dip-vs.dir/Core/Src/main.c.obj
 .text.MX_DMA2D_Init
                0x08007528       0x64 CMakeFiles/dip-vs.dir/Core/Src/main.c.obj
 .text.MX_I2C3_Init
                0x0800758c       0x80 CMakeFiles/dip-vs.dir/Core/Src/main.c.obj
 .text.MX_LTDC_Init
                0x0800760c      0x104 CMakeFiles/dip-vs.dir/Core/Src/main.c.obj
 .text.MX_USART1_UART_Init
                0x08007710       0x60 CMakeFiles/dip-vs.dir/Core/Src/main.c.obj
 .text.MX_DMA_Init
                0x08007770       0x3c CMakeFiles/dip-vs.dir/Core/Src/main.c.obj
 .text.MX_FMC_Init
                0x080077ac       0xa0 CMakeFiles/dip-vs.dir/Core/Src/main.c.obj
 .text.MX_GPIO_Init
                0x0800784c      0x6ac CMakeFiles/dip-vs.dir/Core/Src/main.c.obj
 .text.Error_Handler
                0x08007ef8        0xc CMakeFiles/dip-vs.dir/Core/Src/main.c.obj
                0x08007ef8                Error_Handler
 .text.NMI_Handler
                0x08007f04        0x8 CMakeFiles/dip-vs.dir/Core/Src/stm32f7xx_it.c.obj
                0x08007f04                NMI_Handler
 .text.HardFault_Handler
                0x08007f0c        0x8 CMakeFiles/dip-vs.dir/Core/Src/stm32f7xx_it.c.obj
                0x08007f0c                HardFault_Handler
 .text.MemManage_Handler
                0x08007f14        0x8 CMakeFiles/dip-vs.dir/Core/Src/stm32f7xx_it.c.obj
                0x08007f14                MemManage_Handler
 .text.BusFault_Handler
                0x08007f1c        0x8 CMakeFiles/dip-vs.dir/Core/Src/stm32f7xx_it.c.obj
                0x08007f1c                BusFault_Handler
 .text.UsageFault_Handler
                0x08007f24        0x8 CMakeFiles/dip-vs.dir/Core/Src/stm32f7xx_it.c.obj
                0x08007f24                UsageFault_Handler
 .text.SVC_Handler
                0x08007f2c        0xe CMakeFiles/dip-vs.dir/Core/Src/stm32f7xx_it.c.obj
                0x08007f2c                SVC_Handler
 .text.DebugMon_Handler
                0x08007f3a        0xe CMakeFiles/dip-vs.dir/Core/Src/stm32f7xx_it.c.obj
                0x08007f3a                DebugMon_Handler
 .text.PendSV_Handler
                0x08007f48        0xe CMakeFiles/dip-vs.dir/Core/Src/stm32f7xx_it.c.obj
                0x08007f48                PendSV_Handler
 .text.SysTick_Handler
                0x08007f56        0xc CMakeFiles/dip-vs.dir/Core/Src/stm32f7xx_it.c.obj
                0x08007f56                SysTick_Handler
 *fill*         0x08007f62        0x2 
 .text.DMA2_Stream1_IRQHandler
                0x08007f64       0x14 CMakeFiles/dip-vs.dir/Core/Src/stm32f7xx_it.c.obj
                0x08007f64                DMA2_Stream1_IRQHandler
 .text.DCMI_IRQHandler
                0x08007f78       0x14 CMakeFiles/dip-vs.dir/Core/Src/stm32f7xx_it.c.obj
                0x08007f78                DCMI_IRQHandler
 .text.LTDC_IRQHandler
                0x08007f8c       0x14 CMakeFiles/dip-vs.dir/Core/Src/stm32f7xx_it.c.obj
                0x08007f8c                LTDC_IRQHandler
 .text.DMA2D_IRQHandler
                0x08007fa0       0x14 CMakeFiles/dip-vs.dir/Core/Src/stm32f7xx_it.c.obj
                0x08007fa0                DMA2D_IRQHandler
 .text.HAL_MspInit
                0x08007fb4       0x48 CMakeFiles/dip-vs.dir/Core/Src/stm32f7xx_hal_msp.c.obj
                0x08007fb4                HAL_MspInit
 .text.HAL_DCMI_MspInit
                0x08007ffc      0x20c CMakeFiles/dip-vs.dir/Core/Src/stm32f7xx_hal_msp.c.obj
                0x08007ffc                HAL_DCMI_MspInit
 .text.HAL_DMA2D_MspInit
                0x08008208       0x4c CMakeFiles/dip-vs.dir/Core/Src/stm32f7xx_hal_msp.c.obj
                0x08008208                HAL_DMA2D_MspInit
 .text.HAL_I2C_MspInit
                0x08008254       0xc0 CMakeFiles/dip-vs.dir/Core/Src/stm32f7xx_hal_msp.c.obj
                0x08008254                HAL_I2C_MspInit
 .text.HAL_I2C_MspDeInit
                0x08008314       0x44 CMakeFiles/dip-vs.dir/Core/Src/stm32f7xx_hal_msp.c.obj
                0x08008314                HAL_I2C_MspDeInit
 .text.HAL_LTDC_MspInit
                0x08008358      0x204 CMakeFiles/dip-vs.dir/Core/Src/stm32f7xx_hal_msp.c.obj
                0x08008358                HAL_LTDC_MspInit
 .text.HAL_UART_MspInit
                0x0800855c      0x104 CMakeFiles/dip-vs.dir/Core/Src/stm32f7xx_hal_msp.c.obj
                0x0800855c                HAL_UART_MspInit
 .text.HAL_FMC_MspInit
                0x08008660      0x120 CMakeFiles/dip-vs.dir/Core/Src/stm32f7xx_hal_msp.c.obj
 .text.HAL_SDRAM_MspInit
                0x08008780       0x14 CMakeFiles/dip-vs.dir/Core/Src/stm32f7xx_hal_msp.c.obj
                0x08008780                HAL_SDRAM_MspInit
 .text._sbrk    0x08008794       0x6c CMakeFiles/dip-vs.dir/Core/Src/sysmem.c.obj
                0x08008794                _sbrk
 .text._getpid  0x08008800       0x10 CMakeFiles/dip-vs.dir/Core/Src/syscalls.c.obj
                0x08008800                _getpid
 .text._kill    0x08008810       0x20 CMakeFiles/dip-vs.dir/Core/Src/syscalls.c.obj
                0x08008810                _kill
 .text._exit    0x08008830       0x16 CMakeFiles/dip-vs.dir/Core/Src/syscalls.c.obj
                0x08008830                _exit
 .text._read    0x08008846       0x3a CMakeFiles/dip-vs.dir/Core/Src/syscalls.c.obj
                0x08008846                _read
 .text._write   0x08008880       0x38 CMakeFiles/dip-vs.dir/Core/Src/syscalls.c.obj
                0x08008880                _write
 .text._close   0x080088b8       0x18 CMakeFiles/dip-vs.dir/Core/Src/syscalls.c.obj
                0x080088b8                _close
 .text._fstat   0x080088d0       0x20 CMakeFiles/dip-vs.dir/Core/Src/syscalls.c.obj
                0x080088d0                _fstat
 .text._isatty  0x080088f0       0x16 CMakeFiles/dip-vs.dir/Core/Src/syscalls.c.obj
                0x080088f0                _isatty
 .text._lseek   0x08008906       0x1a CMakeFiles/dip-vs.dir/Core/Src/syscalls.c.obj
                0x08008906                _lseek
 .text.Reset_Handler
                0x08008920       0x50 CMakeFiles/dip-vs.dir/startup_stm32f746xx.s.obj
                0x08008920                Reset_Handler
 .text.Default_Handler
                0x08008970        0x2 CMakeFiles/dip-vs.dir/startup_stm32f746xx.s.obj
                0x08008970                RTC_Alarm_IRQHandler
                0x08008970                EXTI2_IRQHandler
                0x08008970                TIM8_CC_IRQHandler
                0x08008970                UART8_IRQHandler
                0x08008970                SPI4_IRQHandler
                0x08008970                TIM1_CC_IRQHandler
                0x08008970                DMA2_Stream5_IRQHandler
                0x08008970                DMA1_Stream5_IRQHandler
                0x08008970                PVD_IRQHandler
                0x08008970                TAMP_STAMP_IRQHandler
                0x08008970                CAN2_RX1_IRQHandler
                0x08008970                EXTI3_IRQHandler
                0x08008970                TIM8_TRG_COM_TIM14_IRQHandler
                0x08008970                TIM1_UP_TIM10_IRQHandler
                0x08008970                TIM8_UP_TIM13_IRQHandler
                0x08008970                I2C3_ER_IRQHandler
                0x08008970                EXTI0_IRQHandler
                0x08008970                I2C2_EV_IRQHandler
                0x08008970                DMA1_Stream2_IRQHandler
                0x08008970                CAN1_RX0_IRQHandler
                0x08008970                FPU_IRQHandler
                0x08008970                OTG_HS_WKUP_IRQHandler
                0x08008970                LTDC_ER_IRQHandler
                0x08008970                CAN2_SCE_IRQHandler
                0x08008970                DMA2_Stream2_IRQHandler
                0x08008970                SPI1_IRQHandler
                0x08008970                TIM6_DAC_IRQHandler
                0x08008970                TIM1_BRK_TIM9_IRQHandler
                0x08008970                CAN2_RX0_IRQHandler
                0x08008970                DMA2_Stream3_IRQHandler
                0x08008970                SAI2_IRQHandler
                0x08008970                USART6_IRQHandler
                0x08008970                USART3_IRQHandler
                0x08008970                CAN1_RX1_IRQHandler
                0x08008970                UART5_IRQHandler
                0x08008970                DMA2_Stream0_IRQHandler
                0x08008970                TIM4_IRQHandler
                0x08008970                QUADSPI_IRQHandler
                0x08008970                I2C1_EV_IRQHandler
                0x08008970                DMA1_Stream6_IRQHandler
                0x08008970                DMA1_Stream1_IRQHandler
                0x08008970                UART4_IRQHandler
                0x08008970                TIM3_IRQHandler
                0x08008970                RCC_IRQHandler
                0x08008970                TIM8_BRK_TIM12_IRQHandler
                0x08008970                Default_Handler
                0x08008970                CEC_IRQHandler
                0x08008970                EXTI15_10_IRQHandler
                0x08008970                ADC_IRQHandler
                0x08008970                DMA1_Stream7_IRQHandler
                0x08008970                SPI5_IRQHandler
                0x08008970                TIM7_IRQHandler
                0x08008970                SDMMC1_IRQHandler
                0x08008970                CAN2_TX_IRQHandler
                0x08008970                TIM5_IRQHandler
                0x08008970                DMA2_Stream7_IRQHandler
                0x08008970                I2C3_EV_IRQHandler
                0x08008970                EXTI9_5_IRQHandler
                0x08008970                RTC_WKUP_IRQHandler
                0x08008970                ETH_WKUP_IRQHandler
                0x08008970                SPDIF_RX_IRQHandler
                0x08008970                SPI2_IRQHandler
                0x08008970                OTG_HS_EP1_IN_IRQHandler
                0x08008970                DMA1_Stream0_IRQHandler
                0x08008970                CAN1_TX_IRQHandler
                0x08008970                EXTI4_IRQHandler
                0x08008970                RNG_IRQHandler
                0x08008970                ETH_IRQHandler
                0x08008970                OTG_HS_EP1_OUT_IRQHandler
                0x08008970                WWDG_IRQHandler
                0x08008970                SPI6_IRQHandler
                0x08008970                I2C4_EV_IRQHandler
                0x08008970                TIM2_IRQHandler
                0x08008970                OTG_FS_WKUP_IRQHandler
                0x08008970                TIM1_TRG_COM_TIM11_IRQHandler
                0x08008970                OTG_HS_IRQHandler
                0x08008970                EXTI1_IRQHandler
                0x08008970                UART7_IRQHandler
                0x08008970                USART2_IRQHandler
                0x08008970                I2C2_ER_IRQHandler
                0x08008970                CAN1_SCE_IRQHandler
                0x08008970                FLASH_IRQHandler
                0x08008970                DMA2_Stream4_IRQHandler
                0x08008970                USART1_IRQHandler
                0x08008970                OTG_FS_IRQHandler
                0x08008970                SPI3_IRQHandler
                0x08008970                DMA1_Stream4_IRQHandler
                0x08008970                I2C1_ER_IRQHandler
                0x08008970                FMC_IRQHandler
                0x08008970                LPTIM1_IRQHandler
                0x08008970                I2C4_ER_IRQHandler
                0x08008970                DMA2_Stream6_IRQHandler
                0x08008970                SAI1_IRQHandler
                0x08008970                DMA1_Stream3_IRQHandler
 *fill*         0x08008972        0x2 
 .text.normalize_to_u8
                0x08008974       0xa8 embedDIP/libembedDIP.a(image.c.obj)
 .text.convertTo
                0x08008a1c      0x58c embedDIP/libembedDIP.a(image.c.obj)
                0x08008a1c                convertTo
 .text.createImage
                0x08008fa8       0xec embedDIP/libembedDIP.a(stm32_common.c.obj)
                0x08008fa8                createImage
 .text.memory_alloc
                0x08009094       0x44 embedDIP/libembedDIP.a(memory_manager.c.obj)
                0x08009094                memory_alloc
 .text.filter2D_single_channel
                0x080090d8      0x368 embedDIP/libembedDIP.a(filter.c.obj)
                0x080090d8                filter2D_single_channel
 .text.serial_init
                0x08009440        0xe embedDIP/libembedDIP.a(stm32_uart.c.obj)
 *fill*         0x0800944e        0x2 
 .text.serial_capture
                0x08009450      0x144 embedDIP/libembedDIP.a(stm32_uart.c.obj)
 .text.serial_send
                0x08009594      0x154 embedDIP/libembedDIP.a(stm32_uart.c.obj)
 .text.CAMERA_PwrUp
                0x080096e8       0x5c embedDIP/libembedDIP.a(stm32_ov5640.c.obj)
                0x080096e8                CAMERA_PwrUp
 .text.CAMERA_PwrDown
                0x08009744       0x58 embedDIP/libembedDIP.a(stm32_ov5640.c.obj)
                0x08009744                CAMERA_PwrDown
 .text.camera_init
                0x0800979c       0x98 embedDIP/libembedDIP.a(stm32_ov5640.c.obj)
 .text.camera_capture
                0x08009834       0x54 embedDIP/libembedDIP.a(stm32_ov5640.c.obj)
 .text.camera_stop
                0x08009888       0x14 embedDIP/libembedDIP.a(stm32_ov5640.c.obj)
 .text.BSP_SDRAM_Init
                0x0800989c      0x154 embedDIP/libembedDIP.a(stm32746g_discovery_sdram.c.obj)
                0x0800989c                BSP_SDRAM_Init
 .text.BSP_SDRAM_Initialization_sequence
                0x080099f0       0xc0 embedDIP/libembedDIP.a(stm32746g_discovery_sdram.c.obj)
                0x080099f0                BSP_SDRAM_Initialization_sequence
 .text.display_init
                0x08009ab0       0x24 embedDIP/libembedDIP.a(stm32_rk043fn48h.c.obj)
 .text.display_clear
                0x08009ad4       0x44 embedDIP/libembedDIP.a(stm32_rk043fn48h.c.obj)
 .text.display_show
                0x08009b18       0x64 embedDIP/libembedDIP.a(stm32_rk043fn48h.c.obj)
 .text.ov5640_Init
                0x08009b7c      0x13c embedDIP/libembedDIP.a(ov5640.c.obj)
                0x08009b7c                ov5640_Init
 .text.OV5640_SetEffect
                0x08009cb8      0x360 embedDIP/libembedDIP.a(ov5640.c.obj)
                0x08009cb8                OV5640_SetEffect
 .text.OV5640_SetBrightness
                0x0800a018      0x1c8 embedDIP/libembedDIP.a(ov5640.c.obj)
                0x0800a018                OV5640_SetBrightness
 .text.OV5640_SetContrast
                0x0800a1e0      0x24c embedDIP/libembedDIP.a(ov5640.c.obj)
                0x0800a1e0                OV5640_SetContrast
 .text.ov5640_Config
                0x0800a42c       0x72 embedDIP/libembedDIP.a(ov5640.c.obj)
                0x0800a42c                ov5640_Config
 .text.ov5640_ReadID
                0x0800a49e       0x64 embedDIP/libembedDIP.a(ov5640.c.obj)
                0x0800a49e                ov5640_ReadID
 *fill*         0x0800a502        0x2 
 .text.ov5640_ConvertValue
                0x0800a504      0x128 embedDIP/libembedDIP.a(ov5640.c.obj)
 .text.I2Cx_MspInit
                0x0800a62c      0x160 embedDIP/libembedDIP.a(stm32746g_discovery.c.obj)
 .text.I2Cx_Init
                0x0800a78c       0x78 embedDIP/libembedDIP.a(stm32746g_discovery.c.obj)
 .text.I2Cx_ReadMultiple
                0x0800a804       0x5a embedDIP/libembedDIP.a(stm32746g_discovery.c.obj)
 .text.I2Cx_WriteMultiple
                0x0800a85e       0x5a embedDIP/libembedDIP.a(stm32746g_discovery.c.obj)
 .text.I2Cx_Error
                0x0800a8b8       0x20 embedDIP/libembedDIP.a(stm32746g_discovery.c.obj)
 .text.CAMERA_IO_Init
                0x0800a8d8       0x14 embedDIP/libembedDIP.a(stm32746g_discovery.c.obj)
                0x0800a8d8                CAMERA_IO_Init
 .text.CAMERA_IO_Write
                0x0800a8ec       0x34 embedDIP/libembedDIP.a(stm32746g_discovery.c.obj)
                0x0800a8ec                CAMERA_IO_Write
 .text.CAMERA_IO_Read
                0x0800a920       0x3c embedDIP/libembedDIP.a(stm32746g_discovery.c.obj)
                0x0800a920                CAMERA_IO_Read
 .text.CAMERA_Delay
                0x0800a95c       0x16 embedDIP/libembedDIP.a(stm32746g_discovery.c.obj)
                0x0800a95c                CAMERA_Delay
 *fill*         0x0800a972        0x2 
 .text.__assert_func
                0x0800a974       0x3c C:/ST/STM32CubeCLT_1.18.0/GNU-tools-for-STM32/bin/../lib/gcc/arm-none-eabi/13.3.1/../../../../arm-none-eabi/lib/thumb/v7e-m+fp/hard\libg_nano.a(libc_a-assert.o)
                0x0800a974                __assert_func
 .text.fprintf  0x0800a9b0       0x24 C:/ST/STM32CubeCLT_1.18.0/GNU-tools-for-STM32/bin/../lib/gcc/arm-none-eabi/13.3.1/../../../../arm-none-eabi/lib/thumb/v7e-m+fp/hard\libg_nano.a(libc_a-fprintf.o)
                0x0800a9b0                fiprintf
                0x0800a9b0                fprintf
 .text.__errno  0x0800a9d4        0xc C:/ST/STM32CubeCLT_1.18.0/GNU-tools-for-STM32/bin/../lib/gcc/arm-none-eabi/13.3.1/../../../../arm-none-eabi/lib/thumb/v7e-m+fp/hard\libg_nano.a(libc_a-errno.o)
                0x0800a9d4                __errno
 .text.abort    0x0800a9e0        0xe C:/ST/STM32CubeCLT_1.18.0/GNU-tools-for-STM32/bin/../lib/gcc/arm-none-eabi/13.3.1/../../../../arm-none-eabi/lib/thumb/v7e-m+fp/hard\libg_nano.a(libc_a-abort.o)
                0x0800a9e0                abort
 .text.__sfputc_r
                0x0800a9ee       0x2e C:/ST/STM32CubeCLT_1.18.0/GNU-tools-for-STM32/bin/../lib/gcc/arm-none-eabi/13.3.1/../../../../arm-none-eabi/lib/thumb/v7e-m+fp/hard\libg_nano.a(libc_a-nano-vfprintf.o)
 .text.__sfputs_r
                0x0800aa1c       0x24 C:/ST/STM32CubeCLT_1.18.0/GNU-tools-for-STM32/bin/../lib/gcc/arm-none-eabi/13.3.1/../../../../arm-none-eabi/lib/thumb/v7e-m+fp/hard\libg_nano.a(libc_a-nano-vfprintf.o)
                0x0800aa1c                __sfputs_r
 .text._vfprintf_r
                0x0800aa40      0x230 C:/ST/STM32CubeCLT_1.18.0/GNU-tools-for-STM32/bin/../lib/gcc/arm-none-eabi/13.3.1/../../../../arm-none-eabi/lib/thumb/v7e-m+fp/hard\libg_nano.a(libc_a-nano-vfprintf.o)
                0x0800aa40                _vfprintf_r
                0x0800aa40                _vfiprintf_r
 .text._printf_common
                0x0800ac70       0xda C:/ST/STM32CubeCLT_1.18.0/GNU-tools-for-STM32/bin/../lib/gcc/arm-none-eabi/13.3.1/../../../../arm-none-eabi/lib/thumb/v7e-m+fp/hard\libg_nano.a(libc_a-nano-vfprintf_i.o)
                0x0800ac70                _printf_common
 *fill*         0x0800ad4a        0x2 
 .text._printf_i
                0x0800ad4c      0x23c C:/ST/STM32CubeCLT_1.18.0/GNU-tools-for-STM32/bin/../lib/gcc/arm-none-eabi/13.3.1/../../../../arm-none-eabi/lib/thumb/v7e-m+fp/hard\libg_nano.a(libc_a-nano-vfprintf_i.o)
                0x0800ad4c                _printf_i
 .text.__swbuf_r
                0x0800af88       0x7c C:/ST/STM32CubeCLT_1.18.0/GNU-tools-for-STM32/bin/../lib/gcc/arm-none-eabi/13.3.1/../../../../arm-none-eabi/lib/thumb/v7e-m+fp/hard\libg_nano.a(libc_a-wbuf.o)
                0x0800af88                __swbuf_r
 .text.__swsetup_r
                0x0800b004       0xac C:/ST/STM32CubeCLT_1.18.0/GNU-tools-for-STM32/bin/../lib/gcc/arm-none-eabi/13.3.1/../../../../arm-none-eabi/lib/thumb/v7e-m+fp/hard\libg_nano.a(libc_a-wsetup.o)
                0x0800b004                __swsetup_r
 .text._raise_r
                0x0800b0b0       0x50 C:/ST/STM32CubeCLT_1.18.0/GNU-tools-for-STM32/bin/../lib/gcc/arm-none-eabi/13.3.1/../../../../arm-none-eabi/lib/thumb/v7e-m+fp/hard\libg_nano.a(libc_a-signal.o)
                0x0800b0b0                _raise_r
 .text.raise    0x0800b100       0x10 C:/ST/STM32CubeCLT_1.18.0/GNU-tools-for-STM32/bin/../lib/gcc/arm-none-eabi/13.3.1/../../../../arm-none-eabi/lib/thumb/v7e-m+fp/hard\libg_nano.a(libc_a-signal.o)
                0x0800b100                raise
 .text._kill_r  0x0800b110       0x24 C:/ST/STM32CubeCLT_1.18.0/GNU-tools-for-STM32/bin/../lib/gcc/arm-none-eabi/13.3.1/../../../../arm-none-eabi/lib/thumb/v7e-m+fp/hard\libg_nano.a(libc_a-signalr.o)
                0x0800b110                _kill_r
 .text._getpid_r
                0x0800b134        0x4 C:/ST/STM32CubeCLT_1.18.0/GNU-tools-for-STM32/bin/../lib/gcc/arm-none-eabi/13.3.1/../../../../arm-none-eabi/lib/thumb/v7e-m+fp/hard\libg_nano.a(libc_a-signalr.o)
                0x0800b134                _getpid_r
 .text.__swhatbuf_r
                0x0800b138       0x4c C:/ST/STM32CubeCLT_1.18.0/GNU-tools-for-STM32/bin/../lib/gcc/arm-none-eabi/13.3.1/../../../../arm-none-eabi/lib/thumb/v7e-m+fp/hard\libg_nano.a(libc_a-makebuf.o)
                0x0800b138                __swhatbuf_r
 .text.__smakebuf_r
                0x0800b184       0x78 C:/ST/STM32CubeCLT_1.18.0/GNU-tools-for-STM32/bin/../lib/gcc/arm-none-eabi/13.3.1/../../../../arm-none-eabi/lib/thumb/v7e-m+fp/hard\libg_nano.a(libc_a-makebuf.o)
                0x0800b184                __smakebuf_r
 .text._fstat_r
                0x0800b1fc       0x24 C:/ST/STM32CubeCLT_1.18.0/GNU-tools-for-STM32/bin/../lib/gcc/arm-none-eabi/13.3.1/../../../../arm-none-eabi/lib/thumb/v7e-m+fp/hard\libg_nano.a(libc_a-fstatr.o)
                0x0800b1fc                _fstat_r
 .text._isatty_r
                0x0800b220       0x20 C:/ST/STM32CubeCLT_1.18.0/GNU-tools-for-STM32/bin/../lib/gcc/arm-none-eabi/13.3.1/../../../../arm-none-eabi/lib/thumb/v7e-m+fp/hard\libg_nano.a(libc_a-isattyr.o)
                0x0800b220                _isatty_r
 *(.glue_7)
 .glue_7        0x0800b240        0x0 linker stubs
 *(.glue_7t)
 .glue_7t       0x0800b240        0x0 linker stubs
 *(.eh_frame)
 .eh_frame      0x0800b240        0x0 C:/ST/STM32CubeCLT_1.18.0/GNU-tools-for-STM32/bin/../lib/gcc/arm-none-eabi/13.3.1/thumb/v7e-m+fp/hard/crtbegin.o
 *(.init)
 .init          0x0800b240        0x4 C:/ST/STM32CubeCLT_1.18.0/GNU-tools-for-STM32/bin/../lib/gcc/arm-none-eabi/13.3.1/thumb/v7e-m+fp/hard/crti.o
                0x0800b240                _init
 .init          0x0800b244        0x8 C:/ST/STM32CubeCLT_1.18.0/GNU-tools-for-STM32/bin/../lib/gcc/arm-none-eabi/13.3.1/thumb/v7e-m+fp/hard/crtn.o
 *(.fini)
 .fini          0x0800b24c        0x4 C:/ST/STM32CubeCLT_1.18.0/GNU-tools-for-STM32/bin/../lib/gcc/arm-none-eabi/13.3.1/thumb/v7e-m+fp/hard/crti.o
                0x0800b24c                _fini
 .fini          0x0800b250        0x8 C:/ST/STM32CubeCLT_1.18.0/GNU-tools-for-STM32/bin/../lib/gcc/arm-none-eabi/13.3.1/thumb/v7e-m+fp/hard/crtn.o
                0x0800b258                        . = ALIGN (0x4)
                0x0800b258                        _etext = .

.vfp11_veneer   0x0800b258        0x0
 .vfp11_veneer  0x0800b258        0x0 linker stubs

.v4_bx          0x0800b258        0x0
 .v4_bx         0x0800b258        0x0 linker stubs

.iplt           0x0800b258        0x0
 .iplt          0x0800b258        0x0 C:/ST/STM32CubeCLT_1.18.0/GNU-tools-for-STM32/bin/../lib/gcc/arm-none-eabi/13.3.1/thumb/v7e-m+fp/hard/crtbegin.o

.rodata         0x0800b258      0x79c
                0x0800b258                        . = ALIGN (0x4)
 *(.rodata)
 .rodata        0x0800b258       0xf0 CMakeFiles/dip-vs.dir/Core/Src/main.c.obj
 .rodata        0x0800b348       0x86 embedDIP/libembedDIP.a(image.c.obj)
 *fill*         0x0800b3ce        0x2 
 .rodata        0x0800b3d0       0x56 embedDIP/libembedDIP.a(filter.c.obj)
 *fill*         0x0800b426        0x2 
 .rodata        0x0800b428       0x7b embedDIP/libembedDIP.a(stm32_uart.c.obj)
 *(.rodata*)
 *fill*         0x0800b4a3        0x1 
 .rodata.AHBPrescTable
                0x0800b4a4       0x10 cmake/stm32cubemx/CMakeFiles/STM32_Drivers.dir/__/__/Core/Src/system_stm32f7xx.c.obj
                0x0800b4a4                AHBPrescTable
 .rodata.APBPrescTable
                0x0800b4b4        0x8 cmake/stm32cubemx/CMakeFiles/STM32_Drivers.dir/__/__/Core/Src/system_stm32f7xx.c.obj
                0x0800b4b4                APBPrescTable
 .rodata.flagBitshiftOffset.0
                0x0800b4bc        0x8 cmake/stm32cubemx/CMakeFiles/STM32_Drivers.dir/__/__/Drivers/STM32F7xx_HAL_Driver/Src/stm32f7xx_hal_dma.c.obj
 .rodata.__func__.1
                0x0800b4c4        0x8 CMakeFiles/dip-vs.dir/Core/Src/main.c.obj
 .rodata.__func__.0
                0x0800b4cc        0xa embedDIP/libembedDIP.a(image.c.obj)
 *fill*         0x0800b4d6        0x2 
 .rodata.RES_WIDTH_LOOKUP
                0x0800b4d8        0x8 embedDIP/libembedDIP.a(stm32_common.c.obj)
 .rodata.RES_HEIGHT_LOOKUP
                0x0800b4e0        0x8 embedDIP/libembedDIP.a(stm32_common.c.obj)
 .rodata.__func__.0
                0x0800b4e8       0x18 embedDIP/libembedDIP.a(filter.c.obj)
 .rodata.__func__.1
                0x0800b500        0xf embedDIP/libembedDIP.a(stm32_uart.c.obj)
 *fill*         0x0800b50f        0x1 
 .rodata.__func__.0
                0x0800b510        0xc embedDIP/libembedDIP.a(stm32_uart.c.obj)
 .rodata.OV5640_Init
                0x0800b51c      0x3f8 embedDIP/libembedDIP.a(ov5640.c.obj)
                0x0800b51c                OV5640_Init
 .rodata.OV5640_VGA
                0x0800b914       0x1c embedDIP/libembedDIP.a(ov5640.c.obj)
                0x0800b914                OV5640_VGA
 .rodata.OV5640_480x272
                0x0800b930       0x1c embedDIP/libembedDIP.a(ov5640.c.obj)
                0x0800b930                OV5640_480x272
 .rodata.OV5640_QVGA
                0x0800b94c       0x1c embedDIP/libembedDIP.a(ov5640.c.obj)
                0x0800b94c                OV5640_QVGA
 .rodata.OV5640_QQVGA
                0x0800b968       0x1c embedDIP/libembedDIP.a(ov5640.c.obj)
                0x0800b968                OV5640_QQVGA
 .rodata.__assert_func.str1.1
                0x0800b984       0x6f C:/ST/STM32CubeCLT_1.18.0/GNU-tools-for-STM32/bin/../lib/gcc/arm-none-eabi/13.3.1/../../../../arm-none-eabi/lib/thumb/v7e-m+fp/hard\libg_nano.a(libc_a-assert.o)
                                 0x3d (size before relaxing)
 .rodata._vfprintf_r.str1.1
                0x0800b9f3       0x11 C:/ST/STM32CubeCLT_1.18.0/GNU-tools-for-STM32/bin/../lib/gcc/arm-none-eabi/13.3.1/../../../../arm-none-eabi/lib/thumb/v7e-m+fp/hard\libg_nano.a(libc_a-nano-vfprintf.o)
 .rodata._printf_i.str1.1
                0x0800b9f3       0x22 C:/ST/STM32CubeCLT_1.18.0/GNU-tools-for-STM32/bin/../lib/gcc/arm-none-eabi/13.3.1/../../../../arm-none-eabi/lib/thumb/v7e-m+fp/hard\libg_nano.a(libc_a-nano-vfprintf_i.o)
                0x0800ba18                        . = ALIGN (0x4)
 *fill*         0x0800b9f3        0x1 

.ARM.extab      0x0800b9f4        0x0
                0x0800b9f4                        . = ALIGN (0x4)
 *(.ARM.extab* .gnu.linkonce.armextab.*)
                0x0800b9f4                        . = ALIGN (0x4)

.ARM            0x0800b9f4        0x8
                0x0800b9f4                        . = ALIGN (0x4)
                0x0800b9f4                        __exidx_start = .
 *(.ARM.exidx*)
 .ARM.exidx     0x0800b9f4        0x8 C:/ST/STM32CubeCLT_1.18.0/GNU-tools-for-STM32/bin/../lib/gcc/arm-none-eabi/13.3.1/thumb/v7e-m+fp/hard\libgcc.a(_udivmoddi4.o)
 .ARM.exidx     0x0800b9fc        0x0 C:/ST/STM32CubeCLT_1.18.0/GNU-tools-for-STM32/bin/../lib/gcc/arm-none-eabi/13.3.1/../../../../arm-none-eabi/lib/thumb/v7e-m+fp/hard\libg_nano.a(libc_a-memchr.o)
                                  0x8 (size before relaxing)
                0x0800b9fc                        __exidx_end = .
                0x0800b9fc                        . = ALIGN (0x4)

.preinit_array  0x0800b9fc        0x0
                0x0800b9fc                        . = ALIGN (0x4)
                0x0800b9fc                        PROVIDE (__preinit_array_start = .)
 *(.preinit_array*)
                0x0800b9fc                        PROVIDE (__preinit_array_end = .)
                0x0800b9fc                        . = ALIGN (0x4)

.init_array     0x0800b9fc        0x4
                0x0800b9fc                        . = ALIGN (0x4)
                0x0800b9fc                        PROVIDE (__init_array_start = .)
 *(SORT_BY_NAME(.init_array.*))
 *(.init_array*)
 .init_array    0x0800b9fc        0x4 C:/ST/STM32CubeCLT_1.18.0/GNU-tools-for-STM32/bin/../lib/gcc/arm-none-eabi/13.3.1/thumb/v7e-m+fp/hard/crtbegin.o
                0x0800ba00                        PROVIDE (__init_array_end = .)
                0x0800ba00                        . = ALIGN (0x4)

.fini_array     0x0800ba00        0x4
                0x0800ba00                        . = ALIGN (0x4)
                [!provide]                        PROVIDE (__fini_array_start = .)
 *(SORT_BY_NAME(.fini_array.*))
 *(.fini_array*)
 .fini_array    0x0800ba00        0x4 C:/ST/STM32CubeCLT_1.18.0/GNU-tools-for-STM32/bin/../lib/gcc/arm-none-eabi/13.3.1/thumb/v7e-m+fp/hard/crtbegin.o
                [!provide]                        PROVIDE (__fini_array_end = .)
                0x0800ba04                        . = ALIGN (0x4)
                0x0800ba04                        _sidata = LOADADDR (.data)

.rel.dyn        0x0800ba04        0x0
 .rel.iplt      0x0800ba04        0x0 C:/ST/STM32CubeCLT_1.18.0/GNU-tools-for-STM32/bin/../lib/gcc/arm-none-eabi/13.3.1/thumb/v7e-m+fp/hard/crtbegin.o

.data           0x20000000       0xb8 load address 0x0800ba04
                0x20000000                        . = ALIGN (0x4)
                0x20000000                        _sdata = .
 *(.data)
 *(.data*)
 .data.__sglue  0x20000000        0xc C:/ST/STM32CubeCLT_1.18.0/GNU-tools-for-STM32/bin/../lib/gcc/arm-none-eabi/13.3.1/../../../../arm-none-eabi/lib/thumb/v7e-m+fp/hard\libc_nano.a(libc_a-findfp.o)
                0x20000000                __sglue
 .data._impure_ptr
                0x2000000c        0x4 C:/ST/STM32CubeCLT_1.18.0/GNU-tools-for-STM32/bin/../lib/gcc/arm-none-eabi/13.3.1/../../../../arm-none-eabi/lib/thumb/v7e-m+fp/hard\libc_nano.a(libc_a-impure.o)
                0x2000000c                _impure_ptr
 .data._impure_data
                0x20000010       0x4c C:/ST/STM32CubeCLT_1.18.0/GNU-tools-for-STM32/bin/../lib/gcc/arm-none-eabi/13.3.1/../../../../arm-none-eabi/lib/thumb/v7e-m+fp/hard\libc_nano.a(libc_a-impure.o)
                0x20000010                _impure_data
 .data.SystemCoreClock
                0x2000005c        0x4 cmake/stm32cubemx/CMakeFiles/STM32_Drivers.dir/__/__/Core/Src/system_stm32f7xx.c.obj
                0x2000005c                SystemCoreClock
 .data.uwTickPrio
                0x20000060        0x4 cmake/stm32cubemx/CMakeFiles/STM32_Drivers.dir/__/__/Drivers/STM32F7xx_HAL_Driver/Src/stm32f7xx_hal.c.obj
                0x20000060                uwTickPrio
 .data.uwTickFreq
                0x20000064        0x1 cmake/stm32cubemx/CMakeFiles/STM32_Drivers.dir/__/__/Drivers/STM32F7xx_HAL_Driver/Src/stm32f7xx_hal.c.obj
                0x20000064                uwTickFreq
 *fill*         0x20000065        0x3 
 .data.serial   0x20000068        0x4 CMakeFiles/dip-vs.dir/Core/Src/main.c.obj
                0x20000068                serial
 .data.camera   0x2000006c        0x4 CMakeFiles/dip-vs.dir/Core/Src/main.c.obj
                0x2000006c                camera
 .data.display  0x20000070        0x4 CMakeFiles/dip-vs.dir/Core/Src/main.c.obj
                0x20000070                display
 .data.allocated_size
                0x20000074        0x4 embedDIP/libembedDIP.a(memory_manager.c.obj)
 .data.channel_mask
                0x20000078        0x4 embedDIP/libembedDIP.a(filter.c.obj)
                0x20000078                channel_mask
 .data.stm32_uart
                0x2000007c        0xc embedDIP/libembedDIP.a(stm32_uart.c.obj)
                0x2000007c                stm32_uart
 .data.stm32_ov5640
                0x20000088       0x10 embedDIP/libembedDIP.a(stm32_ov5640.c.obj)
                0x20000088                stm32_ov5640
 .data.stm32_rk043fn48h
                0x20000098       0x14 embedDIP/libembedDIP.a(stm32_rk043fn48h.c.obj)
                0x20000098                stm32_rk043fn48h
 .data.ov5640_drv
                0x200000ac        0xc embedDIP/libembedDIP.a(ov5640.c.obj)
                0x200000ac                ov5640_drv
 *(.RamFunc)
 *(.RamFunc*)
                0x200000b8                        . = ALIGN (0x4)
                0x200000b8                        _edata = .

.igot.plt       0x200000b8        0x0 load address 0x0800babc
 .igot.plt      0x200000b8        0x0 C:/ST/STM32CubeCLT_1.18.0/GNU-tools-for-STM32/bin/../lib/gcc/arm-none-eabi/13.3.1/thumb/v7e-m+fp/hard/crtbegin.o
                0x200000b8                        . = ALIGN (0x4)

.bss            0x200000b8      0x524 load address 0x0800babc
                0x200000b8                        _sbss = .
                0x200000b8                        __bss_start__ = _sbss
 *(.bss)
 .bss           0x200000b8       0x1c C:/ST/STM32CubeCLT_1.18.0/GNU-tools-for-STM32/bin/../lib/gcc/arm-none-eabi/13.3.1/thumb/v7e-m+fp/hard/crtbegin.o
 *(.bss*)
 .bss.__sf      0x200000d4      0x138 C:/ST/STM32CubeCLT_1.18.0/GNU-tools-for-STM32/bin/../lib/gcc/arm-none-eabi/13.3.1/../../../../arm-none-eabi/lib/thumb/v7e-m+fp/hard\libc_nano.a(libc_a-findfp.o)
                0x200000d4                __sf
 .bss.__stdio_exit_handler
                0x2000020c        0x4 C:/ST/STM32CubeCLT_1.18.0/GNU-tools-for-STM32/bin/../lib/gcc/arm-none-eabi/13.3.1/../../../../arm-none-eabi/lib/thumb/v7e-m+fp/hard\libc_nano.a(libc_a-findfp.o)
                0x2000020c                __stdio_exit_handler
 .bss.errno     0x20000210        0x4 C:/ST/STM32CubeCLT_1.18.0/GNU-tools-for-STM32/bin/../lib/gcc/arm-none-eabi/13.3.1/../../../../arm-none-eabi/lib/thumb/v7e-m+fp/hard\libc_nano.a(libc_a-reent.o)
                0x20000210                errno
 .bss.__lock___malloc_recursive_mutex
                0x20000214        0x1 C:/ST/STM32CubeCLT_1.18.0/GNU-tools-for-STM32/bin/../lib/gcc/arm-none-eabi/13.3.1/../../../../arm-none-eabi/lib/thumb/v7e-m+fp/hard\libc_nano.a(libc_a-lock.o)
                0x20000214                __lock___malloc_recursive_mutex
 .bss.__lock___sfp_recursive_mutex
                0x20000215        0x1 C:/ST/STM32CubeCLT_1.18.0/GNU-tools-for-STM32/bin/../lib/gcc/arm-none-eabi/13.3.1/../../../../arm-none-eabi/lib/thumb/v7e-m+fp/hard\libc_nano.a(libc_a-lock.o)
                0x20000215                __lock___sfp_recursive_mutex
 *fill*         0x20000216        0x2 
 .bss.__malloc_sbrk_start
                0x20000218        0x4 C:/ST/STM32CubeCLT_1.18.0/GNU-tools-for-STM32/bin/../lib/gcc/arm-none-eabi/13.3.1/../../../../arm-none-eabi/lib/thumb/v7e-m+fp/hard\libc_nano.a(libc_a-mallocr.o)
                0x20000218                __malloc_sbrk_start
 .bss.__malloc_free_list
                0x2000021c        0x4 C:/ST/STM32CubeCLT_1.18.0/GNU-tools-for-STM32/bin/../lib/gcc/arm-none-eabi/13.3.1/../../../../arm-none-eabi/lib/thumb/v7e-m+fp/hard\libc_nano.a(libc_a-mallocr.o)
                0x2000021c                __malloc_free_list
 .bss.uwTick    0x20000220        0x4 cmake/stm32cubemx/CMakeFiles/STM32_Drivers.dir/__/__/Drivers/STM32F7xx_HAL_Driver/Src/stm32f7xx_hal.c.obj
                0x20000220                uwTick
 .bss.hdcmi     0x20000224       0x50 CMakeFiles/dip-vs.dir/Core/Src/main.c.obj
                0x20000224                hdcmi
 .bss.hdma_dcmi
                0x20000274       0x60 CMakeFiles/dip-vs.dir/Core/Src/main.c.obj
                0x20000274                hdma_dcmi
 .bss.hdma2d    0x200002d4       0x40 CMakeFiles/dip-vs.dir/Core/Src/main.c.obj
                0x200002d4                hdma2d
 .bss.hi2c3     0x20000314       0x54 CMakeFiles/dip-vs.dir/Core/Src/main.c.obj
                0x20000314                hi2c3
 .bss.hltdc     0x20000368       0xa8 CMakeFiles/dip-vs.dir/Core/Src/main.c.obj
                0x20000368                hltdc
 .bss.huart1    0x20000410       0x88 CMakeFiles/dip-vs.dir/Core/Src/main.c.obj
                0x20000410                huart1
 .bss.hsdram1   0x20000498       0x34 CMakeFiles/dip-vs.dir/Core/Src/main.c.obj
                0x20000498                hsdram1
 .bss.ctx.0     0x200004cc        0xc CMakeFiles/dip-vs.dir/Core/Src/main.c.obj
 .bss.FMC_Initialized
                0x200004d8        0x4 CMakeFiles/dip-vs.dir/Core/Src/stm32f7xx_hal_msp.c.obj
 .bss.__sbrk_heap_end
                0x200004dc        0x4 CMakeFiles/dip-vs.dir/Core/Src/sysmem.c.obj
 .bss.allocatedSize
                0x200004e0        0x4 embedDIP/libembedDIP.a(stm32_common.c.obj)
                0x200004e0                allocatedSize
 .bss.camera_driv
                0x200004e4        0x4 embedDIP/libembedDIP.a(stm32_ov5640.c.obj)
                0x200004e4                camera_driv
 .bss.hal_status
                0x200004e8        0x1 embedDIP/libembedDIP.a(stm32_ov5640.c.obj)
                0x200004e8                hal_status
 *fill*         0x200004e9        0x3 
 .bss.sdramHandle
                0x200004ec       0x34 embedDIP/libembedDIP.a(stm32746g_discovery_sdram.c.obj)
                0x200004ec                sdramHandle
 .bss.Command   0x20000520       0x10 embedDIP/libembedDIP.a(stm32746g_discovery_sdram.c.obj)
 .bss.sdramstatus.3
                0x20000530        0x1 embedDIP/libembedDIP.a(stm32746g_discovery_sdram.c.obj)
 *fill*         0x20000531        0x3 
 .bss.hI2cAudioHandler
                0x20000534       0x54 embedDIP/libembedDIP.a(stm32746g_discovery.c.obj)
 .bss.hI2cExtHandler
                0x20000588       0x54 embedDIP/libembedDIP.a(stm32746g_discovery.c.obj)
 *(COMMON)
                0x200005dc                        . = ALIGN (0x4)
                0x200005dc                        _ebss = .
                0x200005dc                        __bss_end__ = _ebss

._user_heap_stack
                0x200005dc      0x604 load address 0x0800babc
                0x200005e0                        . = ALIGN (0x8)
 *fill*         0x200005dc        0x4 
                [!provide]                        PROVIDE (end = .)
                0x200005e0                        PROVIDE (_end = .)
                0x200007e0                        . = (. + _Min_Heap_Size)
 *fill*         0x200005e0      0x200 
                0x20000be0                        . = (. + _Min_Stack_Size)
 *fill*         0x200007e0      0x400 
                0x20000be0                        . = ALIGN (0x8)

/DISCARD/
 libc.a(*)
 libm.a(*)
 libgcc.a(*)
OUTPUT(dip-vs.elf elf32-littlearm)
LOAD linker stubs
LOAD C:/ST/STM32CubeCLT_1.18.0/GNU-tools-for-STM32/bin/../lib/gcc/arm-none-eabi/13.3.1/../../../../arm-none-eabi/lib/thumb/v7e-m+fp/hard\libc.a
LOAD C:/ST/STM32CubeCLT_1.18.0/GNU-tools-for-STM32/bin/../lib/gcc/arm-none-eabi/13.3.1/../../../../arm-none-eabi/lib/thumb/v7e-m+fp/hard\libm.a
LOAD C:/ST/STM32CubeCLT_1.18.0/GNU-tools-for-STM32/bin/../lib/gcc/arm-none-eabi/13.3.1/thumb/v7e-m+fp/hard\libgcc.a

.ARM.attributes
                0x00000000       0x30
 .ARM.attributes
                0x00000000       0x22 C:/ST/STM32CubeCLT_1.18.0/GNU-tools-for-STM32/bin/../lib/gcc/arm-none-eabi/13.3.1/thumb/v7e-m+fp/hard/crti.o
 .ARM.attributes
                0x00000022       0x34 C:/ST/STM32CubeCLT_1.18.0/GNU-tools-for-STM32/bin/../lib/gcc/arm-none-eabi/13.3.1/thumb/v7e-m+fp/hard/crtbegin.o
 .ARM.attributes
                0x00000056       0x34 C:/ST/STM32CubeCLT_1.18.0/GNU-tools-for-STM32/bin/../lib/gcc/arm-none-eabi/13.3.1/../../../../arm-none-eabi/lib/thumb/v7e-m+fp/hard\libc_nano.a(libc_a-findfp.o)
 .ARM.attributes
                0x0000008a       0x34 C:/ST/STM32CubeCLT_1.18.0/GNU-tools-for-STM32/bin/../lib/gcc/arm-none-eabi/13.3.1/../../../../arm-none-eabi/lib/thumb/v7e-m+fp/hard\libc_nano.a(libc_a-fwalk.o)
 .ARM.attributes
                0x000000be       0x34 C:/ST/STM32CubeCLT_1.18.0/GNU-tools-for-STM32/bin/../lib/gcc/arm-none-eabi/13.3.1/../../../../arm-none-eabi/lib/thumb/v7e-m+fp/hard\libc_nano.a(libc_a-stdio.o)
 .ARM.attributes
                0x000000f2       0x34 C:/ST/STM32CubeCLT_1.18.0/GNU-tools-for-STM32/bin/../lib/gcc/arm-none-eabi/13.3.1/../../../../arm-none-eabi/lib/thumb/v7e-m+fp/hard\libc_nano.a(libc_a-memset.o)
 .ARM.attributes
                0x00000126       0x34 C:/ST/STM32CubeCLT_1.18.0/GNU-tools-for-STM32/bin/../lib/gcc/arm-none-eabi/13.3.1/../../../../arm-none-eabi/lib/thumb/v7e-m+fp/hard\libc_nano.a(libc_a-closer.o)
 .ARM.attributes
                0x0000015a       0x34 C:/ST/STM32CubeCLT_1.18.0/GNU-tools-for-STM32/bin/../lib/gcc/arm-none-eabi/13.3.1/../../../../arm-none-eabi/lib/thumb/v7e-m+fp/hard\libc_nano.a(libc_a-reent.o)
 .ARM.attributes
                0x0000018e       0x34 C:/ST/STM32CubeCLT_1.18.0/GNU-tools-for-STM32/bin/../lib/gcc/arm-none-eabi/13.3.1/../../../../arm-none-eabi/lib/thumb/v7e-m+fp/hard\libc_nano.a(libc_a-impure.o)
 .ARM.attributes
                0x000001c2       0x34 C:/ST/STM32CubeCLT_1.18.0/GNU-tools-for-STM32/bin/../lib/gcc/arm-none-eabi/13.3.1/../../../../arm-none-eabi/lib/thumb/v7e-m+fp/hard\libc_nano.a(libc_a-lseekr.o)
 .ARM.attributes
                0x000001f6       0x34 C:/ST/STM32CubeCLT_1.18.0/GNU-tools-for-STM32/bin/../lib/gcc/arm-none-eabi/13.3.1/../../../../arm-none-eabi/lib/thumb/v7e-m+fp/hard\libc_nano.a(libc_a-readr.o)
 .ARM.attributes
                0x0000022a       0x34 C:/ST/STM32CubeCLT_1.18.0/GNU-tools-for-STM32/bin/../lib/gcc/arm-none-eabi/13.3.1/../../../../arm-none-eabi/lib/thumb/v7e-m+fp/hard\libc_nano.a(libc_a-writer.o)
 .ARM.attributes
                0x0000025e       0x34 C:/ST/STM32CubeCLT_1.18.0/GNU-tools-for-STM32/bin/../lib/gcc/arm-none-eabi/13.3.1/../../../../arm-none-eabi/lib/thumb/v7e-m+fp/hard\libc_nano.a(libc_a-init.o)
 .ARM.attributes
                0x00000292       0x34 C:/ST/STM32CubeCLT_1.18.0/GNU-tools-for-STM32/bin/../lib/gcc/arm-none-eabi/13.3.1/../../../../arm-none-eabi/lib/thumb/v7e-m+fp/hard\libc_nano.a(libc_a-lock.o)
 .ARM.attributes
                0x000002c6       0x34 C:/ST/STM32CubeCLT_1.18.0/GNU-tools-for-STM32/bin/../lib/gcc/arm-none-eabi/13.3.1/../../../../arm-none-eabi/lib/thumb/v7e-m+fp/hard\libc_nano.a(libc_a-freer.o)
 .ARM.attributes
                0x000002fa       0x34 C:/ST/STM32CubeCLT_1.18.0/GNU-tools-for-STM32/bin/../lib/gcc/arm-none-eabi/13.3.1/../../../../arm-none-eabi/lib/thumb/v7e-m+fp/hard\libc_nano.a(libc_a-mallocr.o)
 .ARM.attributes
                0x0000032e       0x34 C:/ST/STM32CubeCLT_1.18.0/GNU-tools-for-STM32/bin/../lib/gcc/arm-none-eabi/13.3.1/../../../../arm-none-eabi/lib/thumb/v7e-m+fp/hard\libc_nano.a(libc_a-mlock.o)
 .ARM.attributes
                0x00000362       0x34 C:/ST/STM32CubeCLT_1.18.0/GNU-tools-for-STM32/bin/../lib/gcc/arm-none-eabi/13.3.1/../../../../arm-none-eabi/lib/thumb/v7e-m+fp/hard\libc_nano.a(libc_a-fflush.o)
 .ARM.attributes
                0x00000396       0x34 C:/ST/STM32CubeCLT_1.18.0/GNU-tools-for-STM32/bin/../lib/gcc/arm-none-eabi/13.3.1/../../../../arm-none-eabi/lib/thumb/v7e-m+fp/hard\libc_nano.a(libc_a-sbrkr.o)
 .ARM.attributes
                0x000003ca       0x34 cmake/stm32cubemx/CMakeFiles/STM32_Drivers.dir/__/__/Core/Src/system_stm32f7xx.c.obj
 .ARM.attributes
                0x000003fe       0x34 cmake/stm32cubemx/CMakeFiles/STM32_Drivers.dir/__/__/Drivers/STM32F7xx_HAL_Driver/Src/stm32f7xx_hal_cortex.c.obj
 .ARM.attributes
                0x00000432       0x34 cmake/stm32cubemx/CMakeFiles/STM32_Drivers.dir/__/__/Drivers/STM32F7xx_HAL_Driver/Src/stm32f7xx_hal_dcmi.c.obj
 .ARM.attributes
                0x00000466       0x34 cmake/stm32cubemx/CMakeFiles/STM32_Drivers.dir/__/__/Drivers/STM32F7xx_HAL_Driver/Src/stm32f7xx_hal_rcc.c.obj
 .ARM.attributes
                0x0000049a       0x34 cmake/stm32cubemx/CMakeFiles/STM32_Drivers.dir/__/__/Drivers/STM32F7xx_HAL_Driver/Src/stm32f7xx_hal_rcc_ex.c.obj
 .ARM.attributes
                0x000004ce       0x34 cmake/stm32cubemx/CMakeFiles/STM32_Drivers.dir/__/__/Drivers/STM32F7xx_HAL_Driver/Src/stm32f7xx_hal_gpio.c.obj
 .ARM.attributes
                0x00000502       0x34 cmake/stm32cubemx/CMakeFiles/STM32_Drivers.dir/__/__/Drivers/STM32F7xx_HAL_Driver/Src/stm32f7xx_hal_dma.c.obj
 .ARM.attributes
                0x00000536       0x34 cmake/stm32cubemx/CMakeFiles/STM32_Drivers.dir/__/__/Drivers/STM32F7xx_HAL_Driver/Src/stm32f7xx_hal_dma_ex.c.obj
 .ARM.attributes
                0x0000056a       0x34 cmake/stm32cubemx/CMakeFiles/STM32_Drivers.dir/__/__/Drivers/STM32F7xx_HAL_Driver/Src/stm32f7xx_hal_pwr.c.obj
 .ARM.attributes
                0x0000059e       0x34 cmake/stm32cubemx/CMakeFiles/STM32_Drivers.dir/__/__/Drivers/STM32F7xx_HAL_Driver/Src/stm32f7xx_hal_pwr_ex.c.obj
 .ARM.attributes
                0x000005d2       0x34 cmake/stm32cubemx/CMakeFiles/STM32_Drivers.dir/__/__/Drivers/STM32F7xx_HAL_Driver/Src/stm32f7xx_hal.c.obj
 .ARM.attributes
                0x00000606       0x34 cmake/stm32cubemx/CMakeFiles/STM32_Drivers.dir/__/__/Drivers/STM32F7xx_HAL_Driver/Src/stm32f7xx_hal_i2c.c.obj
 .ARM.attributes
                0x0000063a       0x34 cmake/stm32cubemx/CMakeFiles/STM32_Drivers.dir/__/__/Drivers/STM32F7xx_HAL_Driver/Src/stm32f7xx_hal_i2c_ex.c.obj
 .ARM.attributes
                0x0000066e       0x34 cmake/stm32cubemx/CMakeFiles/STM32_Drivers.dir/__/__/Drivers/STM32F7xx_HAL_Driver/Src/stm32f7xx_hal_dma2d.c.obj
 .ARM.attributes
                0x000006a2       0x34 cmake/stm32cubemx/CMakeFiles/STM32_Drivers.dir/__/__/Drivers/STM32F7xx_HAL_Driver/Src/stm32f7xx_ll_fmc.c.obj
 .ARM.attributes
                0x000006d6       0x34 cmake/stm32cubemx/CMakeFiles/STM32_Drivers.dir/__/__/Drivers/STM32F7xx_HAL_Driver/Src/stm32f7xx_hal_sdram.c.obj
 .ARM.attributes
                0x0000070a       0x34 cmake/stm32cubemx/CMakeFiles/STM32_Drivers.dir/__/__/Drivers/STM32F7xx_HAL_Driver/Src/stm32f7xx_hal_ltdc.c.obj
 .ARM.attributes
                0x0000073e       0x34 cmake/stm32cubemx/CMakeFiles/STM32_Drivers.dir/__/__/Drivers/STM32F7xx_HAL_Driver/Src/stm32f7xx_hal_uart.c.obj
 .ARM.attributes
                0x00000772       0x34 CMakeFiles/dip-vs.dir/Core/Src/main.c.obj
 .ARM.attributes
                0x000007a6       0x34 CMakeFiles/dip-vs.dir/Core/Src/stm32f7xx_it.c.obj
 .ARM.attributes
                0x000007da       0x34 CMakeFiles/dip-vs.dir/Core/Src/stm32f7xx_hal_msp.c.obj
 .ARM.attributes
                0x0000080e       0x34 CMakeFiles/dip-vs.dir/Core/Src/sysmem.c.obj
 .ARM.attributes
                0x00000842       0x34 CMakeFiles/dip-vs.dir/Core/Src/syscalls.c.obj
 .ARM.attributes
                0x00000876       0x21 CMakeFiles/dip-vs.dir/startup_stm32f746xx.s.obj
 .ARM.attributes
                0x00000897       0x34 embedDIP/libembedDIP.a(image.c.obj)
 .ARM.attributes
                0x000008cb       0x34 embedDIP/libembedDIP.a(stm32_common.c.obj)
 .ARM.attributes
                0x000008ff       0x34 embedDIP/libembedDIP.a(memory_manager.c.obj)
 .ARM.attributes
                0x00000933       0x34 embedDIP/libembedDIP.a(filter.c.obj)
 .ARM.attributes
                0x00000967       0x34 embedDIP/libembedDIP.a(stm32_uart.c.obj)
 .ARM.attributes
                0x0000099b       0x34 embedDIP/libembedDIP.a(stm32_ov5640.c.obj)
 .ARM.attributes
                0x000009cf       0x34 embedDIP/libembedDIP.a(stm32746g_discovery_sdram.c.obj)
 .ARM.attributes
                0x00000a03       0x34 embedDIP/libembedDIP.a(stm32_rk043fn48h.c.obj)
 .ARM.attributes
                0x00000a37       0x34 embedDIP/libembedDIP.a(ov5640.c.obj)
 .ARM.attributes
                0x00000a6b       0x34 embedDIP/libembedDIP.a(stm32746g_discovery.c.obj)
 .ARM.attributes
                0x00000a9f       0x22 C:/ST/STM32CubeCLT_1.18.0/GNU-tools-for-STM32/bin/../lib/gcc/arm-none-eabi/13.3.1/thumb/v7e-m+fp/hard\libgcc.a(_aeabi_uldivmod.o)
 .ARM.attributes
                0x00000ac1       0x34 C:/ST/STM32CubeCLT_1.18.0/GNU-tools-for-STM32/bin/../lib/gcc/arm-none-eabi/13.3.1/thumb/v7e-m+fp/hard\libgcc.a(_udivmoddi4.o)
 .ARM.attributes
                0x00000af5       0x22 C:/ST/STM32CubeCLT_1.18.0/GNU-tools-for-STM32/bin/../lib/gcc/arm-none-eabi/13.3.1/thumb/v7e-m+fp/hard\libgcc.a(_dvmd_tls.o)
 .ARM.attributes
                0x00000b17       0x34 C:/ST/STM32CubeCLT_1.18.0/GNU-tools-for-STM32/bin/../lib/gcc/arm-none-eabi/13.3.1/../../../../arm-none-eabi/lib/thumb/v7e-m+fp/hard\libg_nano.a(libc_a-assert.o)
 .ARM.attributes
                0x00000b4b       0x34 C:/ST/STM32CubeCLT_1.18.0/GNU-tools-for-STM32/bin/../lib/gcc/arm-none-eabi/13.3.1/../../../../arm-none-eabi/lib/thumb/v7e-m+fp/hard\libg_nano.a(libc_a-fprintf.o)
 .ARM.attributes
                0x00000b7f       0x34 C:/ST/STM32CubeCLT_1.18.0/GNU-tools-for-STM32/bin/../lib/gcc/arm-none-eabi/13.3.1/../../../../arm-none-eabi/lib/thumb/v7e-m+fp/hard\libg_nano.a(libc_a-errno.o)
 .ARM.attributes
                0x00000bb3       0x34 C:/ST/STM32CubeCLT_1.18.0/GNU-tools-for-STM32/bin/../lib/gcc/arm-none-eabi/13.3.1/../../../../arm-none-eabi/lib/thumb/v7e-m+fp/hard\libg_nano.a(libc_a-abort.o)
 .ARM.attributes
                0x00000be7       0x34 C:/ST/STM32CubeCLT_1.18.0/GNU-tools-for-STM32/bin/../lib/gcc/arm-none-eabi/13.3.1/../../../../arm-none-eabi/lib/thumb/v7e-m+fp/hard\libg_nano.a(libc_a-nano-vfprintf.o)
 .ARM.attributes
                0x00000c1b       0x34 C:/ST/STM32CubeCLT_1.18.0/GNU-tools-for-STM32/bin/../lib/gcc/arm-none-eabi/13.3.1/../../../../arm-none-eabi/lib/thumb/v7e-m+fp/hard\libg_nano.a(libc_a-nano-vfprintf_i.o)
 .ARM.attributes
                0x00000c4f       0x34 C:/ST/STM32CubeCLT_1.18.0/GNU-tools-for-STM32/bin/../lib/gcc/arm-none-eabi/13.3.1/../../../../arm-none-eabi/lib/thumb/v7e-m+fp/hard\libg_nano.a(libc_a-wbuf.o)
 .ARM.attributes
                0x00000c83       0x34 C:/ST/STM32CubeCLT_1.18.0/GNU-tools-for-STM32/bin/../lib/gcc/arm-none-eabi/13.3.1/../../../../arm-none-eabi/lib/thumb/v7e-m+fp/hard\libg_nano.a(libc_a-wsetup.o)
 .ARM.attributes
                0x00000cb7       0x34 C:/ST/STM32CubeCLT_1.18.0/GNU-tools-for-STM32/bin/../lib/gcc/arm-none-eabi/13.3.1/../../../../arm-none-eabi/lib/thumb/v7e-m+fp/hard\libg_nano.a(libc_a-signal.o)
 .ARM.attributes
                0x00000ceb       0x34 C:/ST/STM32CubeCLT_1.18.0/GNU-tools-for-STM32/bin/../lib/gcc/arm-none-eabi/13.3.1/../../../../arm-none-eabi/lib/thumb/v7e-m+fp/hard\libg_nano.a(libc_a-signalr.o)
 .ARM.attributes
                0x00000d1f       0x1c C:/ST/STM32CubeCLT_1.18.0/GNU-tools-for-STM32/bin/../lib/gcc/arm-none-eabi/13.3.1/../../../../arm-none-eabi/lib/thumb/v7e-m+fp/hard\libg_nano.a(libc_a-memchr.o)
 .ARM.attributes
                0x00000d3b       0x34 C:/ST/STM32CubeCLT_1.18.0/GNU-tools-for-STM32/bin/../lib/gcc/arm-none-eabi/13.3.1/../../../../arm-none-eabi/lib/thumb/v7e-m+fp/hard\libg_nano.a(libc_a-makebuf.o)
 .ARM.attributes
                0x00000d6f       0x34 C:/ST/STM32CubeCLT_1.18.0/GNU-tools-for-STM32/bin/../lib/gcc/arm-none-eabi/13.3.1/../../../../arm-none-eabi/lib/thumb/v7e-m+fp/hard\libg_nano.a(libc_a-fstatr.o)
 .ARM.attributes
                0x00000da3       0x34 C:/ST/STM32CubeCLT_1.18.0/GNU-tools-for-STM32/bin/../lib/gcc/arm-none-eabi/13.3.1/../../../../arm-none-eabi/lib/thumb/v7e-m+fp/hard\libg_nano.a(libc_a-isattyr.o)
 .ARM.attributes
                0x00000dd7       0x22 C:/ST/STM32CubeCLT_1.18.0/GNU-tools-for-STM32/bin/../lib/gcc/arm-none-eabi/13.3.1/thumb/v7e-m+fp/hard/crtn.o

.comment        0x00000000       0x43
 .comment       0x00000000       0x43 cmake/stm32cubemx/CMakeFiles/STM32_Drivers.dir/__/__/Core/Src/system_stm32f7xx.c.obj
                                 0x44 (size before relaxing)
 .comment       0x00000043       0x44 cmake/stm32cubemx/CMakeFiles/STM32_Drivers.dir/__/__/Drivers/STM32F7xx_HAL_Driver/Src/stm32f7xx_hal_cortex.c.obj
 .comment       0x00000043       0x44 cmake/stm32cubemx/CMakeFiles/STM32_Drivers.dir/__/__/Drivers/STM32F7xx_HAL_Driver/Src/stm32f7xx_hal_dcmi.c.obj
 .comment       0x00000043       0x44 cmake/stm32cubemx/CMakeFiles/STM32_Drivers.dir/__/__/Drivers/STM32F7xx_HAL_Driver/Src/stm32f7xx_hal_rcc.c.obj
 .comment       0x00000043       0x44 cmake/stm32cubemx/CMakeFiles/STM32_Drivers.dir/__/__/Drivers/STM32F7xx_HAL_Driver/Src/stm32f7xx_hal_rcc_ex.c.obj
 .comment       0x00000043       0x44 cmake/stm32cubemx/CMakeFiles/STM32_Drivers.dir/__/__/Drivers/STM32F7xx_HAL_Driver/Src/stm32f7xx_hal_gpio.c.obj
 .comment       0x00000043       0x44 cmake/stm32cubemx/CMakeFiles/STM32_Drivers.dir/__/__/Drivers/STM32F7xx_HAL_Driver/Src/stm32f7xx_hal_dma.c.obj
 .comment       0x00000043       0x44 cmake/stm32cubemx/CMakeFiles/STM32_Drivers.dir/__/__/Drivers/STM32F7xx_HAL_Driver/Src/stm32f7xx_hal_dma_ex.c.obj
 .comment       0x00000043       0x44 cmake/stm32cubemx/CMakeFiles/STM32_Drivers.dir/__/__/Drivers/STM32F7xx_HAL_Driver/Src/stm32f7xx_hal_pwr.c.obj
 .comment       0x00000043       0x44 cmake/stm32cubemx/CMakeFiles/STM32_Drivers.dir/__/__/Drivers/STM32F7xx_HAL_Driver/Src/stm32f7xx_hal_pwr_ex.c.obj
 .comment       0x00000043       0x44 cmake/stm32cubemx/CMakeFiles/STM32_Drivers.dir/__/__/Drivers/STM32F7xx_HAL_Driver/Src/stm32f7xx_hal.c.obj
 .comment       0x00000043       0x44 cmake/stm32cubemx/CMakeFiles/STM32_Drivers.dir/__/__/Drivers/STM32F7xx_HAL_Driver/Src/stm32f7xx_hal_i2c.c.obj
 .comment       0x00000043       0x44 cmake/stm32cubemx/CMakeFiles/STM32_Drivers.dir/__/__/Drivers/STM32F7xx_HAL_Driver/Src/stm32f7xx_hal_i2c_ex.c.obj
 .comment       0x00000043       0x44 cmake/stm32cubemx/CMakeFiles/STM32_Drivers.dir/__/__/Drivers/STM32F7xx_HAL_Driver/Src/stm32f7xx_hal_dma2d.c.obj
 .comment       0x00000043       0x44 cmake/stm32cubemx/CMakeFiles/STM32_Drivers.dir/__/__/Drivers/STM32F7xx_HAL_Driver/Src/stm32f7xx_ll_fmc.c.obj
 .comment       0x00000043       0x44 cmake/stm32cubemx/CMakeFiles/STM32_Drivers.dir/__/__/Drivers/STM32F7xx_HAL_Driver/Src/stm32f7xx_hal_sdram.c.obj
 .comment       0x00000043       0x44 cmake/stm32cubemx/CMakeFiles/STM32_Drivers.dir/__/__/Drivers/STM32F7xx_HAL_Driver/Src/stm32f7xx_hal_ltdc.c.obj
 .comment       0x00000043       0x44 cmake/stm32cubemx/CMakeFiles/STM32_Drivers.dir/__/__/Drivers/STM32F7xx_HAL_Driver/Src/stm32f7xx_hal_uart.c.obj
 .comment       0x00000043       0x44 CMakeFiles/dip-vs.dir/Core/Src/main.c.obj
 .comment       0x00000043       0x44 CMakeFiles/dip-vs.dir/Core/Src/stm32f7xx_it.c.obj
 .comment       0x00000043       0x44 CMakeFiles/dip-vs.dir/Core/Src/stm32f7xx_hal_msp.c.obj
 .comment       0x00000043       0x44 CMakeFiles/dip-vs.dir/Core/Src/sysmem.c.obj
 .comment       0x00000043       0x44 CMakeFiles/dip-vs.dir/Core/Src/syscalls.c.obj
 .comment       0x00000043       0x44 embedDIP/libembedDIP.a(image.c.obj)
 .comment       0x00000043       0x44 embedDIP/libembedDIP.a(stm32_common.c.obj)
 .comment       0x00000043       0x44 embedDIP/libembedDIP.a(memory_manager.c.obj)
 .comment       0x00000043       0x44 embedDIP/libembedDIP.a(filter.c.obj)
 .comment       0x00000043       0x44 embedDIP/libembedDIP.a(stm32_uart.c.obj)
 .comment       0x00000043       0x44 embedDIP/libembedDIP.a(stm32_ov5640.c.obj)
 .comment       0x00000043       0x44 embedDIP/libembedDIP.a(stm32746g_discovery_sdram.c.obj)
 .comment       0x00000043       0x44 embedDIP/libembedDIP.a(stm32_rk043fn48h.c.obj)
 .comment       0x00000043       0x44 embedDIP/libembedDIP.a(ov5640.c.obj)
 .comment       0x00000043       0x44 embedDIP/libembedDIP.a(stm32746g_discovery.c.obj)
 .comment       0x00000043       0x44 C:/ST/STM32CubeCLT_1.18.0/GNU-tools-for-STM32/bin/../lib/gcc/arm-none-eabi/13.3.1/../../../../arm-none-eabi/lib/thumb/v7e-m+fp/hard\libg_nano.a(libc_a-assert.o)
 .comment       0x00000043       0x44 C:/ST/STM32CubeCLT_1.18.0/GNU-tools-for-STM32/bin/../lib/gcc/arm-none-eabi/13.3.1/../../../../arm-none-eabi/lib/thumb/v7e-m+fp/hard\libg_nano.a(libc_a-fprintf.o)
 .comment       0x00000043       0x44 C:/ST/STM32CubeCLT_1.18.0/GNU-tools-for-STM32/bin/../lib/gcc/arm-none-eabi/13.3.1/../../../../arm-none-eabi/lib/thumb/v7e-m+fp/hard\libg_nano.a(libc_a-errno.o)
 .comment       0x00000043       0x44 C:/ST/STM32CubeCLT_1.18.0/GNU-tools-for-STM32/bin/../lib/gcc/arm-none-eabi/13.3.1/../../../../arm-none-eabi/lib/thumb/v7e-m+fp/hard\libg_nano.a(libc_a-abort.o)
 .comment       0x00000043       0x44 C:/ST/STM32CubeCLT_1.18.0/GNU-tools-for-STM32/bin/../lib/gcc/arm-none-eabi/13.3.1/../../../../arm-none-eabi/lib/thumb/v7e-m+fp/hard\libg_nano.a(libc_a-nano-vfprintf.o)
 .comment       0x00000043       0x44 C:/ST/STM32CubeCLT_1.18.0/GNU-tools-for-STM32/bin/../lib/gcc/arm-none-eabi/13.3.1/../../../../arm-none-eabi/lib/thumb/v7e-m+fp/hard\libg_nano.a(libc_a-nano-vfprintf_i.o)